Archive member included to satisfy reference by file (symbol)

/Users/eduardocontreras/Documents/Electronic_Cats/Proyectos/Hw/Reto_NXP/secure_lab/secure_s/libs/libpower_hardabi.a(fsl_power_lib.o)
                              ./drivers/fsl_clock.o (POWER_SetVoltageForFreq)
/Applications/MCUXpressoIDE_10.3.1_2233/ide/plugins/com.nxp.mcuxpresso.tools.macosx_10.3.0.201811011841/tools/bin/../lib/gcc/arm-none-eabi/7.3.1/../../../../arm-none-eabi/lib/thumb/v8-m.main/fpv5-sp/hard/libcr_nohost_nf.a(_cr__main.o)
                              ./startup/startup_lpc55s69_cm33_core0.o (__main)
/Applications/MCUXpressoIDE_10.3.1_2233/ide/plugins/com.nxp.mcuxpresso.tools.macosx_10.3.0.201811011841/tools/bin/../lib/gcc/arm-none-eabi/7.3.1/../../../../arm-none-eabi/lib/thumb/v8-m.main/fpv5-sp/hard/libcr_nohost_nf.a(_cr_assert.o)
                              ./utilities/fsl_debug_console.o (__assertion_failed)
/Applications/MCUXpressoIDE_10.3.1_2233/ide/plugins/com.nxp.mcuxpresso.tools.macosx_10.3.0.201811011841/tools/bin/../lib/gcc/arm-none-eabi/7.3.1/../../../../arm-none-eabi/lib/thumb/v8-m.main/fpv5-sp/hard/libcr_nohost_nf.a(__ciob.o)
                              /Applications/MCUXpressoIDE_10.3.1_2233/ide/plugins/com.nxp.mcuxpresso.tools.macosx_10.3.0.201811011841/tools/bin/../lib/gcc/arm-none-eabi/7.3.1/../../../../arm-none-eabi/lib/thumb/v8-m.main/fpv5-sp/hard/libcr_nohost_nf.a(_cr_assert.o) (__Ciob)
/Applications/MCUXpressoIDE_10.3.1_2233/ide/plugins/com.nxp.mcuxpresso.tools.macosx_10.3.0.201811011841/tools/bin/../lib/gcc/arm-none-eabi/7.3.1/../../../../arm-none-eabi/lib/thumb/v8-m.main/fpv5-sp/hard/libcr_nohost_nf.a(__sys_appexit.o)
                              /Applications/MCUXpressoIDE_10.3.1_2233/ide/plugins/com.nxp.mcuxpresso.tools.macosx_10.3.0.201811011841/tools/bin/../lib/gcc/arm-none-eabi/7.3.1/../../../../arm-none-eabi/lib/thumb/v8-m.main/fpv5-sp/hard/libcr_nohost_nf.a(_cr_assert.o) (__sys_appexit)
/Applications/MCUXpressoIDE_10.3.1_2233/ide/plugins/com.nxp.mcuxpresso.tools.macosx_10.3.0.201811011841/tools/bin/../lib/gcc/arm-none-eabi/7.3.1/../../../../arm-none-eabi/lib/thumb/v8-m.main/fpv5-sp/hard/libcr_c.a(memset.o)
                              ./utilities/fsl_debug_console.o (memset)
/Applications/MCUXpressoIDE_10.3.1_2233/ide/plugins/com.nxp.mcuxpresso.tools.macosx_10.3.0.201811011841/tools/bin/../lib/gcc/arm-none-eabi/7.3.1/../../../../arm-none-eabi/lib/thumb/v8-m.main/fpv5-sp/hard/libcr_c.a(_deferredlazyseek.o)
                              /Applications/MCUXpressoIDE_10.3.1_2233/ide/plugins/com.nxp.mcuxpresso.tools.macosx_10.3.0.201811011841/tools/bin/../lib/gcc/arm-none-eabi/7.3.1/../../../../arm-none-eabi/lib/thumb/v8-m.main/fpv5-sp/hard/libcr_nohost_nf.a(_cr_assert.o) (__flsbuf)
/Applications/MCUXpressoIDE_10.3.1_2233/ide/plugins/com.nxp.mcuxpresso.tools.macosx_10.3.0.201811011841/tools/bin/../lib/gcc/arm-none-eabi/7.3.1/../../../../arm-none-eabi/lib/thumb/v8-m.main/fpv5-sp/hard/libcr_c.a(_fflush.o)
                              /Applications/MCUXpressoIDE_10.3.1_2233/ide/plugins/com.nxp.mcuxpresso.tools.macosx_10.3.0.201811011841/tools/bin/../lib/gcc/arm-none-eabi/7.3.1/../../../../arm-none-eabi/lib/thumb/v8-m.main/fpv5-sp/hard/libcr_c.a(_deferredlazyseek.o) (_fflush)
/Applications/MCUXpressoIDE_10.3.1_2233/ide/plugins/com.nxp.mcuxpresso.tools.macosx_10.3.0.201811011841/tools/bin/../lib/gcc/arm-none-eabi/7.3.1/../../../../arm-none-eabi/lib/thumb/v8-m.main/fpv5-sp/hard/libcr_c.a(_writebuf.o)
                              /Applications/MCUXpressoIDE_10.3.1_2233/ide/plugins/com.nxp.mcuxpresso.tools.macosx_10.3.0.201811011841/tools/bin/../lib/gcc/arm-none-eabi/7.3.1/../../../../arm-none-eabi/lib/thumb/v8-m.main/fpv5-sp/hard/libcr_c.a(_deferredlazyseek.o) (_Cwritebuf)
/Applications/MCUXpressoIDE_10.3.1_2233/ide/plugins/com.nxp.mcuxpresso.tools.macosx_10.3.0.201811011841/tools/bin/../lib/gcc/arm-none-eabi/7.3.1/../../../../arm-none-eabi/lib/thumb/v8-m.main/fpv5-sp/hard/libcr_c.a(alloc.o)
                              ./drivers/fsl_common.o (malloc)
/Applications/MCUXpressoIDE_10.3.1_2233/ide/plugins/com.nxp.mcuxpresso.tools.macosx_10.3.0.201811011841/tools/bin/../lib/gcc/arm-none-eabi/7.3.1/../../../../arm-none-eabi/lib/thumb/v8-m.main/fpv5-sp/hard/libcr_c.a(fputs.o)
                              /Applications/MCUXpressoIDE_10.3.1_2233/ide/plugins/com.nxp.mcuxpresso.tools.macosx_10.3.0.201811011841/tools/bin/../lib/gcc/arm-none-eabi/7.3.1/../../../../arm-none-eabi/lib/thumb/v8-m.main/fpv5-sp/hard/libcr_nohost_nf.a(_cr_assert.o) (fputs)
/Applications/MCUXpressoIDE_10.3.1_2233/ide/plugins/com.nxp.mcuxpresso.tools.macosx_10.3.0.201811011841/tools/bin/../lib/gcc/arm-none-eabi/7.3.1/../../../../arm-none-eabi/lib/thumb/v8-m.main/fpv5-sp/hard/libcr_c.a(fseek.o)
[...]
Memory Configuration

Name             Origin             Length             Attributes
PROGRAM_FLASH    0x0000000010000000 0x000000000000fe00 xr
veneer_table     0x000000001000fe00 0x0000000000000200 xr
Ram0             0x0000000030000000 0x0000000000007fff xrw
*default*        0x0000000000000000 0xffffffffffffffff

Linker script and memory map

LOAD ./utilities/fsl_assert.o
LOAD ./utilities/fsl_debug_console.o
LOAD ./utilities/fsl_str.o
LOAD ./trustzone/tzm_config.o
LOAD ./trustzone/veneer_table.o
LOAD ./startup/boot_multicore_slave.o
LOAD ./startup/startup_lpc55s69_cm33_core0.o
LOAD ./source/main_s.o
LOAD ./source/secure_gpio.o
LOAD ./source/semihost_hardfault.o
LOAD ./drivers/fsl_clock.o
LOAD ./drivers/fsl_common.o
LOAD ./drivers/fsl_flexcomm.o
LOAD ./drivers/fsl_gpio.o
LOAD ./drivers/fsl_inputmux.o
LOAD ./drivers/fsl_pint.o
LOAD ./drivers/fsl_power.o
LOAD ./drivers/fsl_reset.o
LOAD ./drivers/fsl_spi.o
LOAD ./drivers/fsl_usart.o
LOAD ./device/system_LPC55S69_cm33_core0.o
LOAD ./component/uart/usart_adapter.o
LOAD ./component/serial_manager/serial_manager.o
LOAD ./component/serial_manager/serial_port_uart.o
LOAD ./component/lists/generic_list.o
LOAD ./board/board.o
LOAD ./board/clock_config.o
LOAD ./board/pin_mux.o
LOAD /Users/eduardocontreras/Documents/Electronic_Cats/Proyectos/Hw/Reto_NXP/secure_lab/secure_s/libs/libpower_hardabi.a
START GROUP
LOAD /Applications/MCUXpressoIDE_10.3.1_2233/ide/plugins/com.nxp.mcuxpresso.tools.macosx_10.3.0.201811011841/tools/bin/../lib/gcc/arm-none-eabi/7.3.1/../../../../arm-none-eabi/lib/thumb/v8-m.main/fpv5-sp/hard/libcr_nohost_nf.a
LOAD /Applications/MCUXpressoIDE_10.3.1_2233/ide/plugins/com.nxp.mcuxpresso.tools.macosx_10.3.0.201811011841/tools/bin/../lib/gcc/arm-none-eabi/7.3.1/../../../../arm-none-eabi/lib/thumb/v8-m.main/fpv5-sp/hard/libcr_c.a
LOAD /Applications/MCUXpressoIDE_10.3.1_2233/ide/plugins/com.nxp.mcuxpresso.tools.macosx_10.3.0.201811011841/tools/bin/../lib/gcc/arm-none-eabi/7.3.1/thumb/v8-m.main/fpv5-sp/hard/libcr_eabihelpers.a
LOAD /Applications/MCUXpressoIDE_10.3.1_2233/ide/plugins/com.nxp.mcuxpresso.tools.macosx_10.3.0.201811011841/tools/bin/../lib/gcc/arm-none-eabi/7.3.1/thumb/v8-m.main/fpv5-sp/hard/libgcc.a
END GROUP
                0x0000000010000000                __base_PROGRAM_FLASH = 0x10000000
                0x0000000010000000                __base_Flash = 0x10000000
                0x000000001000fe00                __top_PROGRAM_FLASH = 0x1000fe00
                0x000000001000fe00                __top_Flash = 0x1000fe00
                0x000000001000fe00                __base_veneer_table = 0x1000fe00
                0x000000001000fe00                __base_Flash2 = 0x1000fe00
                0x0000000010010000                __top_veneer_table = 0x10010000
                0x0000000010010000                __top_Flash2 = 0x10010000
                0x0000000030000000                __base_Ram0 = 0x30000000
                0x0000000030000000                __base_RAM = 0x30000000
                0x0000000030007fff                __top_Ram0 = 0x30007fff
                0x0000000030007fff                __top_RAM = 0x30007fff

.text_Flash2    0x000000001000fe00        0x0
 FILL mask 0xff
 *(SORT_BY_ALIGNMENT(.text_Flash2*))
 *(SORT_BY_ALIGNMENT(.text_veneer_table*))
 *(SORT_BY_ALIGNMENT(.text.$Flash2*))
 *(SORT_BY_ALIGNMENT(.text.$veneer_table*))
 *(SORT_BY_ALIGNMENT(.rodata.$Flash2*))
 *(SORT_BY_ALIGNMENT(.rodata.$veneer_table*))

.text           0x0000000010000000     0x51bc
 FILL mask 0xff
                0x0000000010000000                __vectors_start__ = ABSOLUTE (.)
 *(SORT_BY_ALIGNMENT(.isr_vector))
 .isr_vector    0x0000000010000000      0x130 ./startup/startup_lpc55s69_cm33_core0.o
                0x0000000010000000                __Vectors
                0x0000000010000000                g_pfnVectors
                0x0000000010000130                . = ALIGN (0x4)
                0x0000000010000130                __section_table_start = .
                0x0000000010000130                __data_section_table = .
                0x0000000010000130        0x4 LONG 0x100051e0 LOADADDR (.data)
                0x0000000010000134        0x4 LONG 0x30000000 ADDR (.data)
                0x0000000010000138        0x4 LONG 0x24 SIZEOF (.data)
                0x000000001000013c                __data_section_table_end = .
                0x000000001000013c                __bss_section_table = .
                0x000000001000013c        0x4 LONG 0x30000024 ADDR (.bss)
                0x0000000010000140        0x4 LONG 0x1d8 SIZEOF (.bss)
                0x0000000010000144                __bss_section_table_end = .
                0x0000000010000144                __section_table_end = .
 *(SORT_BY_ALIGNMENT(.after_vectors*))
 .after_vectors.reset
                0x0000000010000144       0x4c ./startup/startup_lpc55s69_cm33_core0.o
                0x0000000010000144                ResetISR
 .after_vectors.init_data
                0x0000000010000190       0x1e ./startup/startup_lpc55s69_cm33_core0.o
                0x0000000010000190                data_init
 .after_vectors.init_bss
                0x00000000100001ae       0x12 ./startup/startup_lpc55s69_cm33_core0.o
                0x00000000100001ae                bss_init
 .after_vectors
                0x00000000100001c0       0x14 ./startup/startup_lpc55s69_cm33_core0.o
                0x00000000100001c0                NMI_Handler
                0x00000000100001c4                MemManage_Handler
                0x00000000100001c6                BusFault_Handler
                0x00000000100001c8                UsageFault_Handler
                0x00000000100001ca                SVC_Handler
                0x00000000100001cc                DebugMon_Handler
                0x00000000100001ce                PendSV_Handler
                0x00000000100001d0                SysTick_Handler
                0x00000000100001d2                USB0_DriverIRQHandler
                0x00000000100001d2                CASER_DriverIRQHandler
                0x00000000100001d2                MRT0_DriverIRQHandler
                0x00000000100001d2                UTICK0_DriverIRQHandler
                0x00000000100001d2                Reserved41_DriverIRQHandler
                0x00000000100001d2                CTIMER4_DriverIRQHandler
                0x00000000100001d2                GINT1_DriverIRQHandler
                0x00000000100001d2                Reserved55_DriverIRQHandler
                0x00000000100001d2                HASHCRYPT_DriverIRQHandler
                0x00000000100001d2                USB0_NEEDCLK_DriverIRQHandler
                0x00000000100001d2                CTIMER0_DriverIRQHandler
                0x00000000100001d2                CTIMER1_DriverIRQHandler
                0x00000000100001d2                PQ_DriverIRQHandler
                0x00000000100001d2                MAILBOX_DriverIRQHandler
                0x00000000100001d2                CTIMER3_DriverIRQHandler
                0x00000000100001d2                Reserved61_DriverIRQHandler
                0x00000000100001d2                PUF_DriverIRQHandler
                0x00000000100001d2                RTC_DriverIRQHandler
                0x00000000100001d2                USB1_DriverIRQHandler
                0x00000000100001d2                Reserved60_DriverIRQHandler
                0x00000000100001d2                DMA1_DriverIRQHandler
                0x00000000100001d2                ADC0_DriverIRQHandler
                0x00000000100001d2                USB1_NEEDCLK_DriverIRQHandler
                0x00000000100001d2                Reserved59_DriverIRQHandler
                0x00000000100001d2                SDIO_DriverIRQHandler
                0x00000000100001d2                GINT0_DriverIRQHandler
                0x00000000100001d2                LSPI_HS_DriverIRQHandler
                0x00000000100001d2                ACMP_DriverIRQHandler
                0x00000000100001d2                Reserved57_DriverIRQHandler
                0x00000000100001d2                Reserved46_DriverIRQHandler
                0x00000000100001d2                USB1_UTMI_DriverIRQHandler
                0x00000000100001d2                WDT_BOD_DriverIRQHandler
                0x00000000100001d2                SCT0_DriverIRQHandler
                0x00000000100001d2                PLU_DriverIRQHandler
                0x00000000100001d2                OS_EVENT_DriverIRQHandler
                0x00000000100001d2                SEC_HYPERVISOR_CALL_DriverIRQHandler
                0x00000000100001d2                Reserved39_DriverIRQHandler
                0x00000000100001d2                DMA0_DriverIRQHandler
                0x00000000100001d2                Reserved42_DriverIRQHandler
                0x00000000100001d2                SEC_VIO_DriverIRQHandler
                0x00000000100001d2                Reserved56_DriverIRQHandler
                0x00000000100001d2                CTIMER2_DriverIRQHandler
                0x00000000100001d2                IntDefaultHandler
 *(SORT_BY_ALIGNMENT(.text*))
 *fill*         0x00000000100001d4        0x4 ff
 .text.CLOCK_SetFLASHAccessCyclesForFreq
                0x00000000100001d8       0x80 ./drivers/fsl_clock.o
                0x00000000100001d8                CLOCK_SetFLASHAccessCyclesForFreq
 .text.DbgConsole_SendData
                0x0000000010000258       0x58 ./utilities/fsl_debug_console.o
                0x0000000010000258                DbgConsole_SendData
 .text.DbgConsole_Init
                0x00000000100002b0       0xf8 ./utilities/fsl_debug_console.o
                0x00000000100002b0                DbgConsole_Init
 .text.DbgConsole_Printf
                0x00000000100003a8       0x74 ./utilities/fsl_debug_console.o
                0x00000000100003a8                DbgConsole_Printf
 .text.BOARD_InitTrustZone
                0x000000001000041c      0x130 ./trustzone/tzm_config.o
                0x000000001000041c                BOARD_InitTrustZone
 .text.DbgConsole_Printf_NSE
                0x000000001000054c       0xcc ./trustzone/veneer_table.o
                0x000000001000054c                __acle_se_DbgConsole_Printf_NSE
 .text.main     0x0000000010000618       0xc4 ./source/main_s.o
                0x0000000010000618                main
 .text.GetNwk   0x00000000100006dc       0x20 ./source/main_s.o
                0x00000000100006dc                GetNwk
 .text.GetAppKey
                0x00000000100006fc       0x20 ./source/main_s.o
                0x00000000100006fc                GetAppKey
 .text.HardFault_Handler
                0x000000001000071c      0x244 ./source/main_s.o
                0x000000001000071c                HardFault_Handler
 .text.sec_pint_intr_callback
                0x0000000010000960       0x28 ./source/secure_gpio.o
                0x0000000010000960                sec_pint_intr_callback
 .text.SecureGPIO_Init
                0x0000000010000988       0x7c ./source/secure_gpio.o
                0x0000000010000988                SecureGPIO_Init
 .text.SecureGPIO_Mask
                0x0000000010000a04       0x48 ./source/secure_gpio.o
                0x0000000010000a04                SecureGPIO_Mask
 .text.POWER_DisablePD
                0x0000000010000a4c       0x20 ./drivers/fsl_clock.o
 .text.CLOCK_AttachClk
                0x0000000010000a6c       0x94 ./drivers/fsl_clock.o
                0x0000000010000a6c                CLOCK_AttachClk
 .text.CLOCK_SetClkDiv
                0x0000000010000b00       0x5c ./drivers/fsl_clock.o
                0x0000000010000b00                CLOCK_SetClkDiv
 .text.CLOCK_SetupFROClocking
                0x0000000010000b5c       0x94 ./drivers/fsl_clock.o
                0x0000000010000b5c                CLOCK_SetupFROClocking
 .text.FLEXCOMM_GetInstance
                0x0000000010000bf0       0x44 ./drivers/fsl_flexcomm.o
                0x0000000010000bf0                FLEXCOMM_GetInstance
 .text.FLEXCOMM_Init
                0x0000000010000c34       0x5c ./drivers/fsl_flexcomm.o
                0x0000000010000c34                FLEXCOMM_Init
 .text.FLEXCOMM0_DriverIRQHandler
                0x0000000010000c90       0x38 ./drivers/fsl_flexcomm.o
                0x0000000010000c90                FLEXCOMM0_DriverIRQHandler
 .text.FLEXCOMM1_DriverIRQHandler
                0x0000000010000cc8       0x38 ./drivers/fsl_flexcomm.o
                0x0000000010000cc8                FLEXCOMM1_DriverIRQHandler
 .text.FLEXCOMM2_DriverIRQHandler
                0x0000000010000d00       0x38 ./drivers/fsl_flexcomm.o
                0x0000000010000d00                FLEXCOMM2_DriverIRQHandler
 .text.FLEXCOMM3_DriverIRQHandler
                0x0000000010000d38       0x38 ./drivers/fsl_flexcomm.o
                0x0000000010000d38                FLEXCOMM3_DriverIRQHandler
 .text.FLEXCOMM4_DriverIRQHandler
                0x0000000010000d70       0x38 ./drivers/fsl_flexcomm.o
                0x0000000010000d70                FLEXCOMM4_DriverIRQHandler
 .text.FLEXCOMM5_DriverIRQHandler
                0x0000000010000da8       0x38 ./drivers/fsl_flexcomm.o
                0x0000000010000da8                FLEXCOMM5_DriverIRQHandler
 .text.FLEXCOMM6_DriverIRQHandler
                0x0000000010000de0       0x38 ./drivers/fsl_flexcomm.o
                0x0000000010000de0                FLEXCOMM6_DriverIRQHandler
 .text.FLEXCOMM7_DriverIRQHandler
                0x0000000010000e18       0x38 ./drivers/fsl_flexcomm.o
                0x0000000010000e18                FLEXCOMM7_DriverIRQHandler
 .text.__NVIC_EnableIRQ
                0x0000000010000e50       0x3c ./drivers/fsl_pint.o
 .text.__NVIC_ClearPendingIRQ
                0x0000000010000e8c       0x3c ./drivers/fsl_pint.o
 .text.PINT_Init
                0x0000000010000ec8       0xd0 ./drivers/fsl_pint.o
                0x0000000010000ec8                PINT_Init
 .text.PINT_PinInterruptConfig
                0x0000000010000f98       0xe0 ./drivers/fsl_pint.o
                0x0000000010000f98                PINT_PinInterruptConfig
 .text.PINT_EnableCallbackByIndex
                0x0000000010001078       0x58 ./drivers/fsl_pint.o
                0x0000000010001078                PINT_EnableCallbackByIndex
 .text.SEC_GPIO_INT0_IRQ0_DriverIRQHandler
                0x00000000100010d0       0x4c ./drivers/fsl_pint.o
                0x00000000100010d0                SEC_GPIO_INT0_IRQ0_DriverIRQHandler
 .text.SEC_GPIO_INT0_IRQ1_DriverIRQHandler
                0x000000001000111c       0x48 ./drivers/fsl_pint.o
                0x000000001000111c                SEC_GPIO_INT0_IRQ1_DriverIRQHandler
 .text.PIN_INT0_DriverIRQHandler
                0x0000000010001164       0x44 ./drivers/fsl_pint.o
                0x0000000010001164                PIN_INT0_DriverIRQHandler
 .text.PIN_INT1_DriverIRQHandler
                0x00000000100011a8       0x44 ./drivers/fsl_pint.o
                0x00000000100011a8                PIN_INT1_DriverIRQHandler
 .text.PIN_INT2_DriverIRQHandler
                0x00000000100011ec       0x44 ./drivers/fsl_pint.o
                0x00000000100011ec                PIN_INT2_DriverIRQHandler
 .text.PIN_INT3_DriverIRQHandler
                0x0000000010001230       0x44 ./drivers/fsl_pint.o
                0x0000000010001230                PIN_INT3_DriverIRQHandler
 .text.PIN_INT4_DriverIRQHandler
                0x0000000010001274       0x44 ./drivers/fsl_pint.o
                0x0000000010001274                PIN_INT4_DriverIRQHandler
 .text.PIN_INT5_DriverIRQHandler
                0x00000000100012b8       0x44 ./drivers/fsl_pint.o
                0x00000000100012b8                PIN_INT5_DriverIRQHandler
 .text.PIN_INT6_DriverIRQHandler
                0x00000000100012fc       0x44 ./drivers/fsl_pint.o
                0x00000000100012fc                PIN_INT6_DriverIRQHandler
 .text.PIN_INT7_DriverIRQHandler
                0x0000000010001340       0x44 ./drivers/fsl_pint.o
                0x0000000010001340                PIN_INT7_DriverIRQHandler
 .text.RESET_SetPeripheralReset
                0x0000000010001384       0x5c ./drivers/fsl_reset.o
                0x0000000010001384                RESET_SetPeripheralReset
 .text.RESET_ClearPeripheralReset
                0x00000000100013e0       0x5c ./drivers/fsl_reset.o
                0x00000000100013e0                RESET_ClearPeripheralReset
 .text.USART_Init
                0x000000001000143c      0x14c ./drivers/fsl_usart.o
                0x000000001000143c                USART_Init
 .text.USART_GetDefaultConfig
                0x0000000010001588       0x64 ./drivers/fsl_usart.o
                0x0000000010001588                USART_GetDefaultConfig
 .text.USART_SetBaudRate
                0x00000000100015ec       0xe4 ./drivers/fsl_usart.o
                0x00000000100015ec                USART_SetBaudRate
 .text.USART_WriteBlocking
                0x00000000100016d0       0x88 ./drivers/fsl_usart.o
                0x00000000100016d0                USART_WriteBlocking
 .text.SystemInit
                0x0000000010001758       0x64 ./device/system_LPC55S69_cm33_core0.o
                0x0000000010001758                SystemInit
 .text.HAL_UartInit
                0x00000000100017bc      0x108 ./component/uart/usart_adapter.o
                0x00000000100017bc                HAL_UartInit
 .text.HAL_UartSendBlocking
                0x00000000100018c4       0x64 ./component/uart/usart_adapter.o
                0x00000000100018c4                HAL_UartSendBlocking
 .text.SerialManager_Write
                0x0000000010001928       0x6c ./component/serial_manager/serial_manager.o
 .text.SerialManager_Init
                0x0000000010001994       0x74 ./component/serial_manager/serial_manager.o
                0x0000000010001994                SerialManager_Init
 .text.SerialManager_OpenWriteHandle
                0x0000000010001a08       0x58 ./component/serial_manager/serial_manager.o
                0x0000000010001a08                SerialManager_OpenWriteHandle
 .text.SerialManager_OpenReadHandle
                0x0000000010001a60       0x60 ./component/serial_manager/serial_manager.o
                0x0000000010001a60                SerialManager_OpenReadHandle
 .text.Serial_UartInit
                0x0000000010001ac0       0x80 ./component/serial_manager/serial_port_uart.o
                0x0000000010001ac0                Serial_UartInit
 .text.Serial_UartWrite
                0x0000000010001b40       0x58 ./component/serial_manager/serial_port_uart.o
                0x0000000010001b40                Serial_UartWrite
 .text.BOARD_InitDebugConsole
                0x0000000010001b98       0x38 ./board/board.o
                0x0000000010001b98                BOARD_InitDebugConsole
 .text.POWER_DisablePD
                0x0000000010001bd0       0x20 ./board/clock_config.o
 .text.BOARD_BootClockFROHF96M
                0x0000000010001bf0       0x58 ./board/clock_config.o
                0x0000000010001bf0                BOARD_BootClockFROHF96M
 .text.BOARD_InitPins
                0x0000000010001c48      0x170 ./board/pin_mux.o
                0x0000000010001c48                BOARD_InitPins
 .text.nio_set_system_voltage
                0x0000000010001db8       0xc0 /Users/eduardocontreras/Documents/Electronic_Cats/Proyectos/Hw/Reto_NXP/secure_lab/secure_s/libs/libpower_hardabi.a(fsl_power_lib.o)
                0x0000000010001db8                nio_set_system_voltage
 .text.POWER_SetVoltageForFreq
                0x0000000010001e78       0x28 /Users/eduardocontreras/Documents/Electronic_Cats/Proyectos/Hw/Reto_NXP/secure_lab/secure_s/libs/libpower_hardabi.a(fsl_power_lib.o)
                0x0000000010001e78                POWER_SetVoltageForFreq
 .text.__assertion_failed
                0x0000000010001ea0       0x4c /Applications/MCUXpressoIDE_10.3.1_2233/ide/plugins/com.nxp.mcuxpresso.tools.macosx_10.3.0.201811011841/tools/bin/../lib/gcc/arm-none-eabi/7.3.1/../../../../arm-none-eabi/lib/thumb/v8-m.main/fpv5-sp/hard/libcr_nohost_nf.a(_cr_assert.o)
                0x0000000010001ea0                __assertion_failed
 .text._Cwritebuf
                0x0000000010001eec       0x6c /Applications/MCUXpressoIDE_10.3.1_2233/ide/plugins/com.nxp.mcuxpresso.tools.macosx_10.3.0.201811011841/tools/bin/../lib/gcc/arm-none-eabi/7.3.1/../../../../arm-none-eabi/lib/thumb/v8-m.main/fpv5-sp/hard/libcr_c.a(_writebuf.o)
                0x0000000010001eec                _Cwritebuf
 .text.malloc   0x0000000010001f58       0xc8 /Applications/MCUXpressoIDE_10.3.1_2233/ide/plugins/com.nxp.mcuxpresso.tools.macosx_10.3.0.201811011841/tools/bin/../lib/gcc/arm-none-eabi/7.3.1/../../../../arm-none-eabi/lib/thumb/v8-m.main/fpv5-sp/hard/libcr_c.a(alloc.o)
                0x0000000010001f58                malloc
 .text._Csys_alloc
                0x0000000010002020       0x20 /Applications/MCUXpressoIDE_10.3.1_2233/ide/plugins/com.nxp.mcuxpresso.tools.macosx_10.3.0.201811011841/tools/bin/../lib/gcc/arm-none-eabi/7.3.1/../../../../arm-none-eabi/lib/thumb/v8-m.main/fpv5-sp/hard/libcr_c.a(alloc.o)
                0x0000000010002020                _Csys_alloc
 .text.fseek    0x0000000010002040      0x100 /Applications/MCUXpressoIDE_10.3.1_2233/ide/plugins/com.nxp.mcuxpresso.tools.macosx_10.3.0.201811011841/tools/bin/../lib/gcc/arm-none-eabi/7.3.1/../../../../arm-none-eabi/lib/thumb/v8-m.main/fpv5-sp/hard/libcr_c.a(fseek.o)
                0x0000000010002040                fseek
 .text.ftell    0x0000000010002140       0x44 /Applications/MCUXpressoIDE_10.3.1_2233/ide/plugins/com.nxp.mcuxpresso.tools.macosx_10.3.0.201811011841/tools/bin/../lib/gcc/arm-none-eabi/7.3.1/../../../../arm-none-eabi/lib/thumb/v8-m.main/fpv5-sp/hard/libcr_c.a(ftell.o)
                0x0000000010002140                ftell
 .text._initio  0x0000000010002184       0x78 /Applications/MCUXpressoIDE_10.3.1_2233/ide/plugins/com.nxp.mcuxpresso.tools.macosx_10.3.0.201811011841/tools/bin/../lib/gcc/arm-none-eabi/7.3.1/../../../../arm-none-eabi/lib/thumb/v8-m.main/fpv5-sp/hard/libcr_c.a(initio.o)
                0x0000000010002184                _initio
 .text._terminateio
                0x00000000100021fc       0x50 /Applications/MCUXpressoIDE_10.3.1_2233/ide/plugins/com.nxp.mcuxpresso.tools.macosx_10.3.0.201811011841/tools/bin/../lib/gcc/arm-none-eabi/7.3.1/../../../../arm-none-eabi/lib/thumb/v8-m.main/fpv5-sp/hard/libcr_c.a(initio.o)
                0x00000000100021fc                _terminateio
 .text.setvbuf  0x000000001000224c       0x40 /Applications/MCUXpressoIDE_10.3.1_2233/ide/plugins/com.nxp.mcuxpresso.tools.macosx_10.3.0.201811011841/tools/bin/../lib/gcc/arm-none-eabi/7.3.1/../../../../arm-none-eabi/lib/thumb/v8-m.main/fpv5-sp/hard/libcr_c.a(setvbuf.o)
                0x000000001000224c                setvbuf
 .text.exit     0x000000001000228c       0x2c /Applications/MCUXpressoIDE_10.3.1_2233/ide/plugins/com.nxp.mcuxpresso.tools.macosx_10.3.0.201811011841/tools/bin/../lib/gcc/arm-none-eabi/7.3.1/../../../../arm-none-eabi/lib/thumb/v8-m.main/fpv5-sp/hard/libcr_c.a(stdlib.o)
                0x000000001000228c                exit
 .text._sbrk    0x00000000100022b8       0x3c /Applications/MCUXpressoIDE_10.3.1_2233/ide/plugins/com.nxp.mcuxpresso.tools.macosx_10.3.0.201811011841/tools/bin/../lib/gcc/arm-none-eabi/7.3.1/../../../../arm-none-eabi/lib/thumb/v8-m.main/fpv5-sp/hard/libcr_c.a(_cr_sbrk.o)
                0x00000000100022b8                _sbrk
 .text.fflush   0x00000000100022f4       0x44 /Applications/MCUXpressoIDE_10.3.1_2233/ide/plugins/com.nxp.mcuxpresso.tools.macosx_10.3.0.201811011841/tools/bin/../lib/gcc/arm-none-eabi/7.3.1/../../../../arm-none-eabi/lib/thumb/v8-m.main/fpv5-sp/hard/libcr_c.a(fflush.o)
                0x00000000100022f4                fflush
 .text.__check_heap_overflow
                0x0000000010002338       0x18 /Applications/MCUXpressoIDE_10.3.1_2233/ide/plugins/com.nxp.mcuxpresso.tools.macosx_10.3.0.201811011841/tools/bin/../lib/gcc/arm-none-eabi/7.3.1/../../../../arm-none-eabi/lib/thumb/v8-m.main/fpv5-sp/hard/libcr_c.a(_cr_check_heap.o)
                0x0000000010002338                __check_heap_overflow
 .text.__aeabi_dmul
                0x0000000010002350      0x11c /Applications/MCUXpressoIDE_10.3.1_2233/ide/plugins/com.nxp.mcuxpresso.tools.macosx_10.3.0.201811011841/tools/bin/../lib/gcc/arm-none-eabi/7.3.1/thumb/v8-m.main/fpv5-sp/hard/libcr_eabihelpers.a(double.o)
                0x0000000010002350                __aeabi_dmul
 .text.__aeabi_d2f
                0x000000001000246c       0x54 /Applications/MCUXpressoIDE_10.3.1_2233/ide/plugins/com.nxp.mcuxpresso.tools.macosx_10.3.0.201811011841/tools/bin/../lib/gcc/arm-none-eabi/7.3.1/thumb/v8-m.main/fpv5-sp/hard/libcr_eabihelpers.a(double.o)
                0x000000001000246c                __aeabi_d2f
 .text.__aeabi_f2d
                0x00000000100024c0       0x38 /Applications/MCUXpressoIDE_10.3.1_2233/ide/plugins/com.nxp.mcuxpresso.tools.macosx_10.3.0.201811011841/tools/bin/../lib/gcc/arm-none-eabi/7.3.1/thumb/v8-m.main/fpv5-sp/hard/libcr_eabihelpers.a(float.o)
                0x00000000100024c0                __aeabi_f2d
 .text          0x00000000100024f8       0xe8 /Applications/MCUXpressoIDE_10.3.1_2233/ide/plugins/com.nxp.mcuxpresso.tools.macosx_10.3.0.201811011841/tools/bin/../lib/gcc/arm-none-eabi/7.3.1/thumb/v8-m.main/fpv5-sp/hard/libgcc.a(cmse.o)
                0x00000000100024f8                cmse_check_address_range
 .text.DbgConsole_PrintCallback
                0x00000000100025e0       0x64 ./utilities/fsl_debug_console.o
 .text.ConvertRadixNumToString
                0x0000000010002644      0x114 ./utilities/fsl_str.o
 .text.StrFormatPrintf
                0x0000000010002758      0x30c ./utilities/fsl_str.o
                0x0000000010002758                StrFormatPrintf
 .text.strnlen  0x0000000010002a64       0x3a ./trustzone/veneer_table.o
                0x0000000010002a64                strnlen
 .text.SecureGPIO_Mask_NSE
                0x0000000010002a9e       0x88 ./trustzone/veneer_table.o
                0x0000000010002a9e                __acle_se_SecureGPIO_Mask_NSE
 .text.GetNwkSkey_NSE
                0x0000000010002b26       0x82 ./trustzone/veneer_table.o
                0x0000000010002b26                __acle_se_GetNwkSkey_NSE
 .text.GetAppSkey_NSE
                0x0000000010002ba8       0x82 ./trustzone/veneer_table.o
                0x0000000010002ba8                __acle_se_GetAppSkey_NSE
 .text.WDT_BOD_IRQHandler
                0x0000000010002c2a        0x8 ./startup/startup_lpc55s69_cm33_core0.o
                0x0000000010002c2a                WDT_BOD_IRQHandler
 .text.DMA0_IRQHandler
                0x0000000010002c32        0x8 ./startup/startup_lpc55s69_cm33_core0.o
                0x0000000010002c32                DMA0_IRQHandler
 .text.GINT0_IRQHandler
                0x0000000010002c3a        0x8 ./startup/startup_lpc55s69_cm33_core0.o
                0x0000000010002c3a                GINT0_IRQHandler
 .text.GINT1_IRQHandler
                0x0000000010002c42        0x8 ./startup/startup_lpc55s69_cm33_core0.o
                0x0000000010002c42                GINT1_IRQHandler
 .text.PIN_INT0_IRQHandler
                0x0000000010002c4a        0x8 ./startup/startup_lpc55s69_cm33_core0.o
                0x0000000010002c4a                PIN_INT0_IRQHandler
 .text.PIN_INT1_IRQHandler
                0x0000000010002c52        0x8 ./startup/startup_lpc55s69_cm33_core0.o
                0x0000000010002c52                PIN_INT1_IRQHandler
 .text.PIN_INT2_IRQHandler
                0x0000000010002c5a        0x8 ./startup/startup_lpc55s69_cm33_core0.o
                0x0000000010002c5a                PIN_INT2_IRQHandler
 .text.PIN_INT3_IRQHandler
                0x0000000010002c62        0x8 ./startup/startup_lpc55s69_cm33_core0.o
                0x0000000010002c62                PIN_INT3_IRQHandler
 .text.UTICK0_IRQHandler
                0x0000000010002c6a        0x8 ./startup/startup_lpc55s69_cm33_core0.o
                0x0000000010002c6a                UTICK0_IRQHandler
 .text.MRT0_IRQHandler
                0x0000000010002c72        0x8 ./startup/startup_lpc55s69_cm33_core0.o
                0x0000000010002c72                MRT0_IRQHandler
 .text.CTIMER0_IRQHandler
                0x0000000010002c7a        0x8 ./startup/startup_lpc55s69_cm33_core0.o
                0x0000000010002c7a                CTIMER0_IRQHandler
 .text.CTIMER1_IRQHandler
                0x0000000010002c82        0x8 ./startup/startup_lpc55s69_cm33_core0.o
                0x0000000010002c82                CTIMER1_IRQHandler
 .text.SCT0_IRQHandler
                0x0000000010002c8a        0x8 ./startup/startup_lpc55s69_cm33_core0.o
                0x0000000010002c8a                SCT0_IRQHandler
 .text.CTIMER3_IRQHandler
                0x0000000010002c92        0x8 ./startup/startup_lpc55s69_cm33_core0.o
                0x0000000010002c92                CTIMER3_IRQHandler
 .text.FLEXCOMM0_IRQHandler
                0x0000000010002c9a        0x8 ./startup/startup_lpc55s69_cm33_core0.o
                0x0000000010002c9a                FLEXCOMM0_IRQHandler
 .text.FLEXCOMM1_IRQHandler
                0x0000000010002ca2        0x8 ./startup/startup_lpc55s69_cm33_core0.o
                0x0000000010002ca2                FLEXCOMM1_IRQHandler
 .text.FLEXCOMM2_IRQHandler
                0x0000000010002caa        0x8 ./startup/startup_lpc55s69_cm33_core0.o
                0x0000000010002caa                FLEXCOMM2_IRQHandler
 .text.FLEXCOMM3_IRQHandler
                0x0000000010002cb2        0x8 ./startup/startup_lpc55s69_cm33_core0.o
                0x0000000010002cb2                FLEXCOMM3_IRQHandler
 .text.FLEXCOMM4_IRQHandler
                0x0000000010002cba        0x8 ./startup/startup_lpc55s69_cm33_core0.o
                0x0000000010002cba                FLEXCOMM4_IRQHandler
 .text.FLEXCOMM5_IRQHandler
                0x0000000010002cc2        0x8 ./startup/startup_lpc55s69_cm33_core0.o
                0x0000000010002cc2                FLEXCOMM5_IRQHandler
 .text.FLEXCOMM6_IRQHandler
                0x0000000010002cca        0x8 ./startup/startup_lpc55s69_cm33_core0.o
                0x0000000010002cca                FLEXCOMM6_IRQHandler
 .text.FLEXCOMM7_IRQHandler
                0x0000000010002cd2        0x8 ./startup/startup_lpc55s69_cm33_core0.o
                0x0000000010002cd2                FLEXCOMM7_IRQHandler
 .text.ADC0_IRQHandler
                0x0000000010002cda        0x8 ./startup/startup_lpc55s69_cm33_core0.o
                0x0000000010002cda                ADC0_IRQHandler
 .text.Reserved39_IRQHandler
                0x0000000010002ce2        0x8 ./startup/startup_lpc55s69_cm33_core0.o
                0x0000000010002ce2                Reserved39_IRQHandler
 .text.ACMP_IRQHandler
                0x0000000010002cea        0x8 ./startup/startup_lpc55s69_cm33_core0.o
                0x0000000010002cea                ACMP_IRQHandler
 .text.Reserved41_IRQHandler
                0x0000000010002cf2        0x8 ./startup/startup_lpc55s69_cm33_core0.o
                0x0000000010002cf2                Reserved41_IRQHandler
 .text.Reserved42_IRQHandler
                0x0000000010002cfa        0x8 ./startup/startup_lpc55s69_cm33_core0.o
                0x0000000010002cfa                Reserved42_IRQHandler
 .text.USB0_NEEDCLK_IRQHandler
                0x0000000010002d02        0x8 ./startup/startup_lpc55s69_cm33_core0.o
                0x0000000010002d02                USB0_NEEDCLK_IRQHandler
 .text.USB0_IRQHandler
                0x0000000010002d0a        0x8 ./startup/startup_lpc55s69_cm33_core0.o
                0x0000000010002d0a                USB0_IRQHandler
 .text.RTC_IRQHandler
                0x0000000010002d12        0x8 ./startup/startup_lpc55s69_cm33_core0.o
                0x0000000010002d12                RTC_IRQHandler
 .text.Reserved46_IRQHandler
                0x0000000010002d1a        0x8 ./startup/startup_lpc55s69_cm33_core0.o
                0x0000000010002d1a                Reserved46_IRQHandler
 .text.MAILBOX_IRQHandler
                0x0000000010002d22        0x8 ./startup/startup_lpc55s69_cm33_core0.o
                0x0000000010002d22                MAILBOX_IRQHandler
 .text.PIN_INT4_IRQHandler
                0x0000000010002d2a        0x8 ./startup/startup_lpc55s69_cm33_core0.o
                0x0000000010002d2a                PIN_INT4_IRQHandler
 .text.PIN_INT5_IRQHandler
                0x0000000010002d32        0x8 ./startup/startup_lpc55s69_cm33_core0.o
                0x0000000010002d32                PIN_INT5_IRQHandler
 .text.PIN_INT6_IRQHandler
                0x0000000010002d3a        0x8 ./startup/startup_lpc55s69_cm33_core0.o
                0x0000000010002d3a                PIN_INT6_IRQHandler
 .text.PIN_INT7_IRQHandler
                0x0000000010002d42        0x8 ./startup/startup_lpc55s69_cm33_core0.o
                0x0000000010002d42                PIN_INT7_IRQHandler
 .text.CTIMER2_IRQHandler
                0x0000000010002d4a        0x8 ./startup/startup_lpc55s69_cm33_core0.o
                0x0000000010002d4a                CTIMER2_IRQHandler
 .text.CTIMER4_IRQHandler
                0x0000000010002d52        0x8 ./startup/startup_lpc55s69_cm33_core0.o
                0x0000000010002d52                CTIMER4_IRQHandler
 .text.OS_EVENT_IRQHandler
                0x0000000010002d5a        0x8 ./startup/startup_lpc55s69_cm33_core0.o
                0x0000000010002d5a                OS_EVENT_IRQHandler
 .text.Reserved55_IRQHandler
                0x0000000010002d62        0x8 ./startup/startup_lpc55s69_cm33_core0.o
                0x0000000010002d62                Reserved55_IRQHandler
 .text.Reserved56_IRQHandler
                0x0000000010002d6a        0x8 ./startup/startup_lpc55s69_cm33_core0.o
                0x0000000010002d6a                Reserved56_IRQHandler
 .text.Reserved57_IRQHandler
                0x0000000010002d72        0x8 ./startup/startup_lpc55s69_cm33_core0.o
                0x0000000010002d72                Reserved57_IRQHandler
 .text.SDIO_IRQHandler
                0x0000000010002d7a        0x8 ./startup/startup_lpc55s69_cm33_core0.o
                0x0000000010002d7a                SDIO_IRQHandler
 .text.Reserved59_IRQHandler
                0x0000000010002d82        0x8 ./startup/startup_lpc55s69_cm33_core0.o
                0x0000000010002d82                Reserved59_IRQHandler
 .text.Reserved60_IRQHandler
                0x0000000010002d8a        0x8 ./startup/startup_lpc55s69_cm33_core0.o
                0x0000000010002d8a                Reserved60_IRQHandler
 .text.Reserved61_IRQHandler
                0x0000000010002d92        0x8 ./startup/startup_lpc55s69_cm33_core0.o
                0x0000000010002d92                Reserved61_IRQHandler
 .text.USB1_UTMI_IRQHandler
                0x0000000010002d9a        0x8 ./startup/startup_lpc55s69_cm33_core0.o
                0x0000000010002d9a                USB1_UTMI_IRQHandler
 .text.USB1_IRQHandler
                0x0000000010002da2        0x8 ./startup/startup_lpc55s69_cm33_core0.o
                0x0000000010002da2                USB1_IRQHandler
 .text.USB1_NEEDCLK_IRQHandler
                0x0000000010002daa        0x8 ./startup/startup_lpc55s69_cm33_core0.o
                0x0000000010002daa                USB1_NEEDCLK_IRQHandler
 .text.SEC_HYPERVISOR_CALL_IRQHandler
                0x0000000010002db2        0x8 ./startup/startup_lpc55s69_cm33_core0.o
                0x0000000010002db2                SEC_HYPERVISOR_CALL_IRQHandler
 .text.SEC_GPIO_INT0_IRQ0_IRQHandler
                0x0000000010002dba        0x8 ./startup/startup_lpc55s69_cm33_core0.o
                0x0000000010002dba                SEC_GPIO_INT0_IRQ0_IRQHandler
 .text.SEC_GPIO_INT0_IRQ1_IRQHandler
                0x0000000010002dc2        0x8 ./startup/startup_lpc55s69_cm33_core0.o
                0x0000000010002dc2                SEC_GPIO_INT0_IRQ1_IRQHandler
 .text.PLU_IRQHandler
                0x0000000010002dca        0x8 ./startup/startup_lpc55s69_cm33_core0.o
                0x0000000010002dca                PLU_IRQHandler
 .text.SEC_VIO_IRQHandler
                0x0000000010002dd2        0x8 ./startup/startup_lpc55s69_cm33_core0.o
                0x0000000010002dd2                SEC_VIO_IRQHandler
 .text.HASHCRYPT_IRQHandler
                0x0000000010002dda        0x8 ./startup/startup_lpc55s69_cm33_core0.o
                0x0000000010002dda                HASHCRYPT_IRQHandler
 .text.CASER_IRQHandler
                0x0000000010002de2        0x8 ./startup/startup_lpc55s69_cm33_core0.o
                0x0000000010002de2                CASER_IRQHandler
 .text.PUF_IRQHandler
                0x0000000010002dea        0x8 ./startup/startup_lpc55s69_cm33_core0.o
                0x0000000010002dea                PUF_IRQHandler
 .text.PQ_IRQHandler
                0x0000000010002df2        0x8 ./startup/startup_lpc55s69_cm33_core0.o
                0x0000000010002df2                PQ_IRQHandler
 .text.DMA1_IRQHandler
                0x0000000010002dfa        0x8 ./startup/startup_lpc55s69_cm33_core0.o
                0x0000000010002dfa                DMA1_IRQHandler
 .text.LSPI_HS_IRQHandler
                0x0000000010002e02        0x8 ./startup/startup_lpc55s69_cm33_core0.o
                0x0000000010002e02                LSPI_HS_IRQHandler
 .text.SystemInitHook
                0x0000000010002e0a        0xc ./source/main_s.o
                0x0000000010002e0a                SystemInitHook
 .text.CLOCK_EnableClock
                0x0000000010002e16       0x30 ./source/secure_gpio.o
 .text.CLOCK_EnableClock
                0x0000000010002e46       0x30 ./drivers/fsl_flexcomm.o
 .text.FLEXCOMM_PeripheralIsPresent
                0x0000000010002e76       0x64 ./drivers/fsl_flexcomm.o
 .text.FLEXCOMM_SetPeriph
                0x0000000010002eda       0x74 ./drivers/fsl_flexcomm.o
 .text.GPIO_PinInit
                0x0000000010002f4e       0xa0 ./drivers/fsl_gpio.o
                0x0000000010002f4e                GPIO_PinInit
 .text.CLOCK_EnableClock
                0x0000000010002fee       0x30 ./drivers/fsl_inputmux.o
 .text.CLOCK_DisableClock
                0x000000001000301e       0x30 ./drivers/fsl_inputmux.o
 .text.INPUTMUX_Init
                0x000000001000304e       0x16 ./drivers/fsl_inputmux.o
                0x000000001000304e                INPUTMUX_Init
 .text.INPUTMUX_AttachSignal
                0x0000000010003064       0x36 ./drivers/fsl_inputmux.o
                0x0000000010003064                INPUTMUX_AttachSignal
 .text.INPUTMUX_Deinit
                0x000000001000309a       0x16 ./drivers/fsl_inputmux.o
                0x000000001000309a                INPUTMUX_Deinit
 .text.CLOCK_EnableClock
                0x00000000100030b0       0x30 ./drivers/fsl_pint.o
 .text.EnableIRQ
                0x00000000100030e0       0x2c ./drivers/fsl_pint.o
 .text.PINT_PinInterruptClrStatus
                0x000000001000310c       0x22 ./drivers/fsl_pint.o
 .text.PINT_PinInterruptClrFallFlag
                0x000000001000312e       0x22 ./drivers/fsl_pint.o
 .text.PINT_PinInterruptClrRiseFlag
                0x0000000010003150       0x22 ./drivers/fsl_pint.o
 .text.PINT_PatternMatchResetDetectLogic
                0x0000000010003172       0x34 ./drivers/fsl_pint.o
                0x0000000010003172                PINT_PatternMatchResetDetectLogic
 .text.RESET_PeripheralReset
                0x00000000100031a6       0x1c ./drivers/fsl_reset.o
                0x00000000100031a6                RESET_PeripheralReset
 .text.HAL_UartGetStatus
                0x00000000100031c2       0x22 ./component/uart/usart_adapter.o
 .text.SerialManager_StartWriting
                0x00000000100031e4       0x44 ./component/serial_manager/serial_manager.o
 .text.SerialManager_WriteBlocking
                0x0000000010003228       0x20 ./component/serial_manager/serial_manager.o
                0x0000000010003228                SerialManager_WriteBlocking
 .text.CLOCK_EnableClock
                0x0000000010003248       0x30 ./board/pin_mux.o
 .text.IOCON_PinMuxSet
                0x0000000010003278       0x2e ./board/pin_mux.o
 .text.__main   0x00000000100032a6        0xe /Applications/MCUXpressoIDE_10.3.1_2233/ide/plugins/com.nxp.mcuxpresso.tools.macosx_10.3.0.201811011841/tools/bin/../lib/gcc/arm-none-eabi/7.3.1/../../../../arm-none-eabi/lib/thumb/v8-m.main/fpv5-sp/hard/libcr_nohost_nf.a(_cr__main.o)
                0x00000000100032a6                __main
 .text.__sys_appexit
                0x00000000100032b4        0x2 /Applications/MCUXpressoIDE_10.3.1_2233/ide/plugins/com.nxp.mcuxpresso.tools.macosx_10.3.0.201811011841/tools/bin/../lib/gcc/arm-none-eabi/7.3.1/../../../../arm-none-eabi/lib/thumb/v8-m.main/fpv5-sp/hard/libcr_nohost_nf.a(__sys_appexit.o)
                0x00000000100032b4                __exit
                0x00000000100032b4                __sys_appexit
 .text.memset   0x00000000100032b6        0x4 /Applications/MCUXpressoIDE_10.3.1_2233/ide/plugins/com.nxp.mcuxpresso.tools.macosx_10.3.0.201811011841/tools/bin/../lib/gcc/arm-none-eabi/7.3.1/../../../../arm-none-eabi/lib/thumb/v8-m.main/fpv5-sp/hard/libcr_c.a(memset.o)
                0x00000000100032b6                memset
 .text._deferredlazyseek
                0x00000000100032ba       0x40 /Applications/MCUXpressoIDE_10.3.1_2233/ide/plugins/com.nxp.mcuxpresso.tools.macosx_10.3.0.201811011841/tools/bin/../lib/gcc/arm-none-eabi/7.3.1/../../../../arm-none-eabi/lib/thumb/v8-m.main/fpv5-sp/hard/libcr_c.a(_deferredlazyseek.o)
                0x00000000100032ba                _deferredlazyseek
 .text.__flsbuf
                0x00000000100032fa      0x140 /Applications/MCUXpressoIDE_10.3.1_2233/ide/plugins/com.nxp.mcuxpresso.tools.macosx_10.3.0.201811011841/tools/bin/../lib/gcc/arm-none-eabi/7.3.1/../../../../arm-none-eabi/lib/thumb/v8-m.main/fpv5-sp/hard/libcr_c.a(_deferredlazyseek.o)
                0x00000000100032fa                __flsbuf
 .text._fflush  0x000000001000343a       0x52 /Applications/MCUXpressoIDE_10.3.1_2233/ide/plugins/com.nxp.mcuxpresso.tools.macosx_10.3.0.201811011841/tools/bin/../lib/gcc/arm-none-eabi/7.3.1/../../../../arm-none-eabi/lib/thumb/v8-m.main/fpv5-sp/hard/libcr_c.a(_fflush.o)
                0x000000001000343a                _fflush
 .text.free     0x000000001000348c       0x30 /Applications/MCUXpressoIDE_10.3.1_2233/ide/plugins/com.nxp.mcuxpresso.tools.macosx_10.3.0.201811011841/tools/bin/../lib/gcc/arm-none-eabi/7.3.1/../../../../arm-none-eabi/lib/thumb/v8-m.main/fpv5-sp/hard/libcr_c.a(alloc.o)
                0x000000001000348c                free
 .text.fputs    0x00000000100034bc       0x2c /Applications/MCUXpressoIDE_10.3.1_2233/ide/plugins/com.nxp.mcuxpresso.tools.macosx_10.3.0.201811011841/tools/bin/../lib/gcc/arm-none-eabi/7.3.1/../../../../arm-none-eabi/lib/thumb/v8-m.main/fpv5-sp/hard/libcr_c.a(fputs.o)
                0x00000000100034bc                fputs
 .text.abort    0x00000000100034e8       0x12 /Applications/MCUXpressoIDE_10.3.1_2233/ide/plugins/com.nxp.mcuxpresso.tools.macosx_10.3.0.201811011841/tools/bin/../lib/gcc/arm-none-eabi/7.3.1/../../../../arm-none-eabi/lib/thumb/v8-m.main/fpv5-sp/hard/libcr_c.a(stdlib.o)
                0x00000000100034e8                abort
 .text.strlen   0x00000000100034fa       0x4a /Applications/MCUXpressoIDE_10.3.1_2233/ide/plugins/com.nxp.mcuxpresso.tools.macosx_10.3.0.201811011841/tools/bin/../lib/gcc/arm-none-eabi/7.3.1/../../../../arm-none-eabi/lib/thumb/v8-m.main/fpv5-sp/hard/libcr_c.a(strlen.o)
                0x00000000100034fa                strlen
 .text._fdopen  0x0000000010003544       0x68 /Applications/MCUXpressoIDE_10.3.1_2233/ide/plugins/com.nxp.mcuxpresso.tools.macosx_10.3.0.201811011841/tools/bin/../lib/gcc/arm-none-eabi/7.3.1/../../../../arm-none-eabi/lib/thumb/v8-m.main/fpv5-sp/hard/libcr_c.a(_fdopen.o)
                0x0000000010003544                _fdopen
 .text.fclose   0x00000000100035ac       0x58 /Applications/MCUXpressoIDE_10.3.1_2233/ide/plugins/com.nxp.mcuxpresso.tools.macosx_10.3.0.201811011841/tools/bin/../lib/gcc/arm-none-eabi/7.3.1/../../../../arm-none-eabi/lib/thumb/v8-m.main/fpv5-sp/hard/libcr_c.a(fclose.o)
                0x00000000100035ac                fclose
 .text.raise    0x0000000010003604        0x6 /Applications/MCUXpressoIDE_10.3.1_2233/ide/plugins/com.nxp.mcuxpresso.tools.macosx_10.3.0.201811011841/tools/bin/../lib/gcc/arm-none-eabi/7.3.1/../../../../arm-none-eabi/lib/thumb/v8-m.main/fpv5-sp/hard/libcr_c.a(raise.o)
                0x0000000010003604                raise
 .text.remove   0x000000001000360a       0x14 /Applications/MCUXpressoIDE_10.3.1_2233/ide/plugins/com.nxp.mcuxpresso.tools.macosx_10.3.0.201811011841/tools/bin/../lib/gcc/arm-none-eabi/7.3.1/../../../../arm-none-eabi/lib/thumb/v8-m.main/fpv5-sp/hard/libcr_c.a(remove.o)
                0x000000001000360a                remove
 .text._do_fflush
                0x000000001000361e       0x40 /Applications/MCUXpressoIDE_10.3.1_2233/ide/plugins/com.nxp.mcuxpresso.tools.macosx_10.3.0.201811011841/tools/bin/../lib/gcc/arm-none-eabi/7.3.1/../../../../arm-none-eabi/lib/thumb/v8-m.main/fpv5-sp/hard/libcr_c.a(_do_fflush.o)
                0x000000001000361e                _do_fflush
 .text.__aeabi_memset_lowlevel
                0x000000001000365e       0x32 /Applications/MCUXpressoIDE_10.3.1_2233/ide/plugins/com.nxp.mcuxpresso.tools.macosx_10.3.0.201811011841/tools/bin/../lib/gcc/arm-none-eabi/7.3.1/thumb/v8-m.main/fpv5-sp/hard/libcr_eabihelpers.a(memcpy.o)
                0x000000001000365e                __aeabi_lowlevel_memset
 .text          0x0000000010003690       0x5c /Applications/MCUXpressoIDE_10.3.1_2233/ide/plugins/com.nxp.mcuxpresso.tools.macosx_10.3.0.201811011841/tools/bin/../lib/gcc/arm-none-eabi/7.3.1/thumb/v8-m.main/fpv5-sp/hard/libgcc.a(cmse_nonsecure_call.o)
                0x0000000010003690                __gnu_cmse_nonsecure_call
 .text.__sys_close
                0x00000000100036ec        0x6 /Applications/MCUXpressoIDE_10.3.1_2233/ide/plugins/com.nxp.mcuxpresso.tools.macosx_10.3.0.201811011841/tools/bin/../lib/gcc/arm-none-eabi/7.3.1/../../../../arm-none-eabi/lib/thumb/v8-m.main/fpv5-sp/hard/libcr_nohost_nf.a(__sys_close.o)
                0x00000000100036ec                __sys_close
 .text.__sys_flen
                0x00000000100036f2        0x6 /Applications/MCUXpressoIDE_10.3.1_2233/ide/plugins/com.nxp.mcuxpresso.tools.macosx_10.3.0.201811011841/tools/bin/../lib/gcc/arm-none-eabi/7.3.1/../../../../arm-none-eabi/lib/thumb/v8-m.main/fpv5-sp/hard/libcr_nohost_nf.a(__sys_flen.o)
                0x00000000100036f2                __sys_flen
 .text.__sys_istty
                0x00000000100036f8        0x6 /Applications/MCUXpressoIDE_10.3.1_2233/ide/plugins/com.nxp.mcuxpresso.tools.macosx_10.3.0.201811011841/tools/bin/../lib/gcc/arm-none-eabi/7.3.1/../../../../arm-none-eabi/lib/thumb/v8-m.main/fpv5-sp/hard/libcr_nohost_nf.a(__sys_istty.o)
                0x00000000100036f8                __sys_istty
 .text.__sys_remove
                0x00000000100036fe        0x6 /Applications/MCUXpressoIDE_10.3.1_2233/ide/plugins/com.nxp.mcuxpresso.tools.macosx_10.3.0.201811011841/tools/bin/../lib/gcc/arm-none-eabi/7.3.1/../../../../arm-none-eabi/lib/thumb/v8-m.main/fpv5-sp/hard/libcr_nohost_nf.a(__sys_remove.o)
                0x00000000100036fe                __sys_remove
 .text.__sys_seek
                0x0000000010003704        0x6 /Applications/MCUXpressoIDE_10.3.1_2233/ide/plugins/com.nxp.mcuxpresso.tools.macosx_10.3.0.201811011841/tools/bin/../lib/gcc/arm-none-eabi/7.3.1/../../../../arm-none-eabi/lib/thumb/v8-m.main/fpv5-sp/hard/libcr_nohost_nf.a(__sys_seek.o)
                0x0000000010003704                __sys_seek
 .text.__sys_tmpnam
                0x000000001000370a        0x6 /Applications/MCUXpressoIDE_10.3.1_2233/ide/plugins/com.nxp.mcuxpresso.tools.macosx_10.3.0.201811011841/tools/bin/../lib/gcc/arm-none-eabi/7.3.1/../../../../arm-none-eabi/lib/thumb/v8-m.main/fpv5-sp/hard/libcr_nohost_nf.a(__sys_tmpnam.o)
                0x000000001000370a                __sys_tmpnam
 .text.__sys_write
                0x0000000010003710        0x4 /Applications/MCUXpressoIDE_10.3.1_2233/ide/plugins/com.nxp.mcuxpresso.tools.macosx_10.3.0.201811011841/tools/bin/../lib/gcc/arm-none-eabi/7.3.1/../../../../arm-none-eabi/lib/thumb/v8-m.main/fpv5-sp/hard/libcr_nohost_nf.a(__sys_write.o)
                0x0000000010003710                __sys_write
 *(SORT_BY_ALIGNMENT(.rodata) SORT_BY_ALIGNMENT(.rodata.*) SORT_BY_ALIGNMENT(.constdata) SORT_BY_ALIGNMENT(.constdata.*))
 .rodata        0x0000000010003714      0x1b7 ./utilities/fsl_debug_console.o
 *fill*         0x00000000100038cb        0x1 ff
 .rodata        0x00000000100038cc       0x5d ./trustzone/veneer_table.o
 *fill*         0x0000000010003929        0x3 ff
 .rodata        0x000000001000392c      0x41e ./source/main_s.o
 *fill*         0x0000000010003d4a        0x2 ff
 .rodata        0x0000000010003d4c       0x2c ./source/secure_gpio.o
 .rodata.s_flexcommBaseAddrs
                0x0000000010003d78       0x24 ./drivers/fsl_flexcomm.o
 .rodata.s_flexcommClocks
                0x0000000010003d9c       0x12 ./drivers/fsl_flexcomm.o
 *fill*         0x0000000010003dae        0x2 ff
 .rodata.s_flexcommResets
                0x0000000010003db0       0x24 ./drivers/fsl_flexcomm.o
 .rodata        0x0000000010003dd4      0x220 ./drivers/fsl_flexcomm.o
 .rodata.s_pintIRQ
                0x0000000010003ff4        0xa ./drivers/fsl_pint.o
 *fill*         0x0000000010003ffe        0x2 ff
 .rodata        0x0000000010004000      0x161 ./drivers/fsl_pint.o
 *fill*         0x0000000010004161        0x3 ff
 .rodata        0x0000000010004164       0x55 ./drivers/fsl_reset.o
 *fill*         0x00000000100041b9        0x3 ff
 .rodata        0x00000000100041bc      0x5d0 ./drivers/fsl_usart.o
 .rodata.s_UsartAdapterBase
                0x000000001000478c       0x20 ./component/uart/usart_adapter.o
 .rodata        0x00000000100047ac      0x26f ./component/uart/usart_adapter.o
 *fill*         0x0000000010004a1b        0x1 ff
 .rodata        0x0000000010004a1c      0x521 ./component/serial_manager/serial_manager.o
 *fill*         0x0000000010004f3d        0x3 ff
 .rodata        0x0000000010004f40      0x244 ./component/serial_manager/serial_port_uart.o
 .rodata.__num_Ciob_streams
                0x0000000010005184        0x4 /Applications/MCUXpressoIDE_10.3.1_2233/ide/plugins/com.nxp.mcuxpresso.tools.macosx_10.3.0.201811011841/tools/bin/../lib/gcc/arm-none-eabi/7.3.1/../../../../arm-none-eabi/lib/thumb/v8-m.main/fpv5-sp/hard/libcr_nohost_nf.a(__ciob.o)
                0x0000000010005184                __num_Ciob_streams
 .rodata.__assertion_failed.str1.1
                0x0000000010005188       0x15 /Applications/MCUXpressoIDE_10.3.1_2233/ide/plugins/com.nxp.mcuxpresso.tools.macosx_10.3.0.201811011841/tools/bin/../lib/gcc/arm-none-eabi/7.3.1/../../../../arm-none-eabi/lib/thumb/v8-m.main/fpv5-sp/hard/libcr_nohost_nf.a(_cr_assert.o)
 .rodata._Csys_alloc.str1.1
                0x000000001000519d       0x18 /Applications/MCUXpressoIDE_10.3.1_2233/ide/plugins/com.nxp.mcuxpresso.tools.macosx_10.3.0.201811011841/tools/bin/../lib/gcc/arm-none-eabi/7.3.1/../../../../arm-none-eabi/lib/thumb/v8-m.main/fpv5-sp/hard/libcr_c.a(alloc.o)
 .rodata._initio.str1.1
                0x00000000100051b5        0x4 /Applications/MCUXpressoIDE_10.3.1_2233/ide/plugins/com.nxp.mcuxpresso.tools.macosx_10.3.0.201811011841/tools/bin/../lib/gcc/arm-none-eabi/7.3.1/../../../../arm-none-eabi/lib/thumb/v8-m.main/fpv5-sp/hard/libcr_c.a(initio.o)
                0x00000000100051bc                . = ALIGN (0x4)
 *fill*         0x00000000100051b9        0x3 ff

.glue_7         0x00000000100051bc        0x0
 .glue_7        0x00000000100051bc        0x0 linker stubs

.glue_7t        0x00000000100051bc        0x0
 .glue_7t       0x00000000100051bc        0x0 linker stubs

.vfp11_veneer   0x00000000100051bc        0x0
 .vfp11_veneer  0x00000000100051bc        0x0 linker stubs

.v4_bx          0x00000000100051bc        0x0
 .v4_bx         0x00000000100051bc        0x0 linker stubs

.iplt           0x00000000100051bc        0x0
 .iplt          0x00000000100051bc        0x0 ./utilities/fsl_debug_console.o

.rel.dyn        0x00000000100051bc        0x0
 .rel.iplt      0x00000000100051bc        0x0 ./utilities/fsl_debug_console.o

.ARM.extab
 *(SORT_BY_ALIGNMENT(.ARM.extab*) SORT_BY_ALIGNMENT(.gnu.linkonce.armextab.*))
                0x00000000100051bc                __exidx_start = .

.ARM.exidx
 *(SORT_BY_ALIGNMENT(.ARM.exidx*) SORT_BY_ALIGNMENT(.gnu.linkonce.armexidx.*))
                0x00000000100051bc                __exidx_end = .

.gnu.sgstubs    0x00000000100051c0       0x20
                0x00000000100051c0                . = ALIGN (0x20)
                0x00000000100051c0                _start_sg = .
 *(SORT_BY_ALIGNMENT(.gnu.sgstubs*))
                0x00000000100051c0                . = ALIGN (0x20)
                0x00000000100051c0                _end_sg = .
 .gnu.sgstubs.__stub
                0x00000000100051c0       0x20 linker stubs
                0x00000000100051c0                DbgConsole_Printf_NSE
                0x00000000100051c8                SecureGPIO_Mask_NSE
                0x00000000100051d0                GetNwkSkey_NSE
                0x00000000100051d8                GetAppSkey_NSE
                0x00000000100051e0                _etext = .

.uninit_RESERVED
                0x0000000030000000        0x0
 *(SORT_BY_ALIGNMENT(.bss.$RESERVED*))
                0x0000000030000000                . = ALIGN (0x4)
                0x0000000030000000                _end_uninit_RESERVED = .

.data           0x0000000030000000       0x24 load address 0x00000000100051e0
 FILL mask 0xff
                0x0000000030000000                _data = .
 *(SORT_BY_ALIGNMENT(vtable))
 *(SORT_BY_ALIGNMENT(.ramfunc*))
 *(SORT_BY_ALIGNMENT(.data*))
 .data.NwkSkey  0x0000000030000000       0x10 ./source/main_s.o
                0x0000000030000000                NwkSkey
 .data.AppSkey  0x0000000030000010       0x10 ./source/main_s.o
                0x0000000030000010                AppSkey
 .data.SystemCoreClock
                0x0000000030000020        0x4 ./device/system_LPC55S69_cm33_core0.o
                0x0000000030000020                SystemCoreClock
                0x0000000030000024                . = ALIGN (0x4)
                0x0000000030000024                _edata = .

.igot.plt       0x0000000030000024        0x0 load address 0x0000000010005204
 .igot.plt      0x0000000030000024        0x0 ./utilities/fsl_debug_console.o

.bss            0x0000000030000024      0x1d8 load address 0x0000000010005204
                0x0000000030000024                _bss = .
 *(SORT_BY_ALIGNMENT(.bss*))
 .bss.s_debugConsoleState
                0x0000000030000024       0x1c ./utilities/fsl_debug_console.o
 .bss.g_serialHandle
                0x0000000030000040        0x4 ./utilities/fsl_debug_console.o
                0x0000000030000040                g_serialHandle
 .bss.s_flexcommIrqHandler
                0x0000000030000044       0x24 ./drivers/fsl_flexcomm.o
 .bss.s_flexcommHandle
                0x0000000030000068       0x24 ./drivers/fsl_flexcomm.o
 .bss.s_pintCallback
                0x000000003000008c       0x28 ./drivers/fsl_pint.o
 .bss.__Ciob    0x00000000300000b4       0xb4 /Applications/MCUXpressoIDE_10.3.1_2233/ide/plugins/com.nxp.mcuxpresso.tools.macosx_10.3.0.201811011841/tools/bin/../lib/gcc/arm-none-eabi/7.3.1/../../../../arm-none-eabi/lib/thumb/v8-m.main/fpv5-sp/hard/libcr_nohost_nf.a(__ciob.o)
                0x00000000300000b4                __Ciob
 .bss._exitvector
                0x0000000030000168       0x84 /Applications/MCUXpressoIDE_10.3.1_2233/ide/plugins/com.nxp.mcuxpresso.tools.macosx_10.3.0.201811011841/tools/bin/../lib/gcc/arm-none-eabi/7.3.1/../../../../arm-none-eabi/lib/thumb/v8-m.main/fpv5-sp/hard/libcr_c.a(stdlib.o)
                0x0000000030000168                _exitvector
 .bss._number_of_exit_functions
                0x00000000300001ec        0x4 /Applications/MCUXpressoIDE_10.3.1_2233/ide/plugins/com.nxp.mcuxpresso.tools.macosx_10.3.0.201811011841/tools/bin/../lib/gcc/arm-none-eabi/7.3.1/../../../../arm-none-eabi/lib/thumb/v8-m.main/fpv5-sp/hard/libcr_c.a(stdlib.o)
                0x00000000300001ec                _number_of_exit_functions
 .bss.__end_of_heap
                0x00000000300001f0        0x4 /Applications/MCUXpressoIDE_10.3.1_2233/ide/plugins/com.nxp.mcuxpresso.tools.macosx_10.3.0.201811011841/tools/bin/../lib/gcc/arm-none-eabi/7.3.1/../../../../arm-none-eabi/lib/thumb/v8-m.main/fpv5-sp/hard/libcr_c.a(__init_alloc.o)
                0x00000000300001f0                __end_of_heap
 .bss.__heaps   0x00000000300001f4        0x4 /Applications/MCUXpressoIDE_10.3.1_2233/ide/plugins/com.nxp.mcuxpresso.tools.macosx_10.3.0.201811011841/tools/bin/../lib/gcc/arm-none-eabi/7.3.1/../../../../arm-none-eabi/lib/thumb/v8-m.main/fpv5-sp/hard/libcr_c.a(__init_alloc.o)
                0x00000000300001f4                __heaps
 .bss.errno     0x00000000300001f8        0x4 /Applications/MCUXpressoIDE_10.3.1_2233/ide/plugins/com.nxp.mcuxpresso.tools.macosx_10.3.0.201811011841/tools/bin/../lib/gcc/arm-none-eabi/7.3.1/../../../../arm-none-eabi/lib/thumb/v8-m.main/fpv5-sp/hard/libcr_c.a(errno.o)
                0x00000000300001f8                errno
 *(SORT_BY_ALIGNMENT(COMMON))
                0x00000000300001fc                . = ALIGN (0x4)
                0x00000000300001fc                _ebss = .
                [!provide]                        PROVIDE (end = .)

.noinit         0x00000000300001fc        0x0 load address 0x0000000010005204
                0x00000000300001fc                _noinit = .
 *(SORT_BY_ALIGNMENT(.noinit*))
                0x00000000300001fc                . = ALIGN (0x4)
                0x00000000300001fc                _end_noinit = .
                0x00000000000007f8                _HeapSize = 0x7f8

.heap           0x00000000300001fc      0x7f8 load address 0x0000000010005204
                0x00000000300001fc                _pvHeapStart = .
                0x00000000300009f4                . = (. + _HeapSize)
 *fill*         0x00000000300001fc      0x7f8 
                0x00000000300009f4                . = ALIGN (0x4)
                0x00000000300009f4                _pvHeapLimit = .
                0x00000000000007f8                _StackSize = 0x7f8

.heap2stackfill
                0x00000000300009f4      0x7f8 load address 0x0000000010005204
                0x00000000300011ec                . = (. + _StackSize)
 *fill*         0x00000000300009f4      0x7f8 

.stack          0x0000000030007808        0x0
                0x0000000030007808                _vStackBase = .
                0x0000000030007808                . = ALIGN (0x4)
                0x0000000030008000                _vStackTop = (. + _StackSize)
                0xffffffff6fff7088                PROVIDE (__valid_user_code_checksum = (0x0 - ((((((_vStackTop + (ResetISR + 0x1)) + (NMI_Handler + 0x1)) + (HardFault_Handler + 0x1)) + (DEFINED (MemManage_Handler)?MemManage_Handler:0x0 + 0x1)) + (DEFINED (BusFault_Handler)?BusFault_Handler:0x0 + 0x1)) + (DEFINED (UsageFault_Handler)?UsageFault_Handler:0x0 + 0x1))))
                0x0000000010000000                _image_start = LOADADDR (.text)
                0x0000000010005204                _image_end = (LOADADDR (.data) + SIZEOF (.data))
                0x0000000000005204                _image_size = (_image_end - _image_start)
OUTPUT(secure_s.axf elf32-littlearm)

.debug_info     0x0000000000000000    0x1cd67
 .debug_info    0x0000000000000000      0x9fd ./utilities/fsl_debug_console.o
 .debug_info    0x00000000000009fd      0x51a ./utilities/fsl_str.o
 .debug_info    0x0000000000000f17      0x867 ./trustzone/tzm_config.o
 .debug_info    0x000000000000177e      0x686 ./startup/startup_lpc55s69_cm33_core0.o
 .debug_info    0x0000000000001e04     0x1cd4 ./source/main_s.o
 .debug_info    0x0000000000003ad8     0x2a7f ./source/secure_gpio.o
 .debug_info    0x0000000000006557     0x31e1 ./drivers/fsl_clock.o
 .debug_info    0x0000000000009738     0x1aca ./drivers/fsl_flexcomm.o
 .debug_info    0x000000000000b202     0x184e ./drivers/fsl_gpio.o
 .debug_info    0x000000000000ca50     0x1f43 ./drivers/fsl_inputmux.o
 .debug_info    0x000000000000e993     0x2213 ./drivers/fsl_pint.o
 .debug_info    0x0000000000010ba6      0xfef ./drivers/fsl_reset.o
 .debug_info    0x0000000000011b95     0x14ac ./drivers/fsl_usart.o
 .debug_info    0x0000000000013041     0x1585 ./device/system_LPC55S69_cm33_core0.o
 .debug_info    0x00000000000145c6      0xc99 ./component/uart/usart_adapter.o
 .debug_info    0x000000000001525f      0x6e6 ./component/serial_manager/serial_manager.o
 .debug_info    0x0000000000015945      0x4a5 ./component/serial_manager/serial_port_uart.o
 .debug_info    0x0000000000015dea      0x869 ./board/board.o
 .debug_info    0x0000000000016653     0x173b ./board/clock_config.o
 .debug_info    0x0000000000017d8e     0x1fdd ./board/pin_mux.o
 .debug_info    0x0000000000019d6b     0x2ffc /Users/eduardocontreras/Documents/Electronic_Cats/Proyectos/Hw/Reto_NXP/secure_lab/secure_s/libs/libpower_hardabi.a(fsl_power_lib.o)

.debug_abbrev   0x0000000000000000     0x2acb
 .debug_abbrev  0x0000000000000000      0x1db ./utilities/fsl_debug_console.o
 .debug_abbrev  0x00000000000001db      0x194 ./utilities/fsl_str.o
 .debug_abbrev  0x000000000000036f      0x121 ./trustzone/tzm_config.o
 .debug_abbrev  0x0000000000000490      0x13d ./startup/startup_lpc55s69_cm33_core0.o
 .debug_abbrev  0x00000000000005cd      0x25e ./source/main_s.o
 .debug_abbrev  0x000000000000082b      0x20b ./source/secure_gpio.o
 .debug_abbrev  0x0000000000000a36      0x368 ./drivers/fsl_clock.o
 .debug_abbrev  0x0000000000000d9e      0x288 ./drivers/fsl_flexcomm.o
 .debug_abbrev  0x0000000000001026      0x211 ./drivers/fsl_gpio.o
 .debug_abbrev  0x0000000000001237      0x1de ./drivers/fsl_inputmux.o
 .debug_abbrev  0x0000000000001415      0x2b6 ./drivers/fsl_pint.o
 .debug_abbrev  0x00000000000016cb      0x174 ./drivers/fsl_reset.o
 .debug_abbrev  0x000000000000183f      0x337 ./drivers/fsl_usart.o
 .debug_abbrev  0x0000000000001b76      0x1cf ./device/system_LPC55S69_cm33_core0.o
 .debug_abbrev  0x0000000000001d45      0x1df ./component/uart/usart_adapter.o
 .debug_abbrev  0x0000000000001f24      0x160 ./component/serial_manager/serial_manager.o
 .debug_abbrev  0x0000000000002084      0x145 ./component/serial_manager/serial_port_uart.o
 .debug_abbrev  0x00000000000021c9      0x109 ./board/board.o
 .debug_abbrev  0x00000000000022d2      0x1be ./board/clock_config.o
 .debug_abbrev  0x0000000000002490      0x1fa ./board/pin_mux.o
 .debug_abbrev  0x000000000000268a      0x441 /Users/eduardocontreras/Documents/Electronic_Cats/Proyectos/Hw/Reto_NXP/secure_lab/secure_s/libs/libpower_hardabi.a(fsl_power_lib.o)

.debug_aranges  0x0000000000000000      0xb80
 .debug_aranges
                0x0000000000000000       0x78 ./utilities/fsl_debug_console.o
 .debug_aranges
                0x0000000000000078       0x38 ./utilities/fsl_str.o
 .debug_aranges
                0x00000000000000b0       0x20 ./trustzone/tzm_config.o
 .debug_aranges
                0x00000000000000d0      0x260 ./startup/startup_lpc55s69_cm33_core0.o
 .debug_aranges
                0x0000000000000330       0x40 ./source/main_s.o
 .debug_aranges
                0x0000000000000370       0x38 ./source/secure_gpio.o
 .debug_aranges
                0x00000000000003a8      0x210 ./drivers/fsl_clock.o
 .debug_aranges
                0x00000000000005b8       0x90 ./drivers/fsl_flexcomm.o
 .debug_aranges
                0x0000000000000648       0x30 ./drivers/fsl_gpio.o
 .debug_aranges
                0x0000000000000678       0x40 ./drivers/fsl_inputmux.o
 .debug_aranges
                0x00000000000006b8      0x118 ./drivers/fsl_pint.o
 .debug_aranges
                0x00000000000007d0       0x30 ./drivers/fsl_reset.o
 .debug_aranges
                0x0000000000000800       0xd8 ./drivers/fsl_usart.o
 .debug_aranges
                0x00000000000008d8       0x88 ./device/system_LPC55S69_cm33_core0.o
 .debug_aranges
                0x0000000000000960       0x40 ./component/uart/usart_adapter.o
 .debug_aranges
                0x00000000000009a0       0x88 ./component/serial_manager/serial_manager.o
 .debug_aranges
                0x0000000000000a28       0x38 ./component/serial_manager/serial_port_uart.o
 .debug_aranges
                0x0000000000000a60       0x28 ./board/board.o
 .debug_aranges
                0x0000000000000a88       0x40 ./board/clock_config.o
 .debug_aranges
                0x0000000000000ac8       0x38 ./board/pin_mux.o
 .debug_aranges
                0x0000000000000b00       0x80 /Users/eduardocontreras/Documents/Electronic_Cats/Proyectos/Hw/Reto_NXP/secure_lab/secure_s/libs/libpower_hardabi.a(fsl_power_lib.o)

.debug_ranges   0x0000000000000000      0xad0
 .debug_ranges  0x0000000000000000       0x68 ./utilities/fsl_debug_console.o
 .debug_ranges  0x0000000000000068       0x28 ./utilities/fsl_str.o
 .debug_ranges  0x0000000000000090       0x10 ./trustzone/tzm_config.o
 .debug_ranges  0x00000000000000a0      0x250 ./startup/startup_lpc55s69_cm33_core0.o
 .debug_ranges  0x00000000000002f0       0x30 ./source/main_s.o
 .debug_ranges  0x0000000000000320       0x28 ./source/secure_gpio.o
 .debug_ranges  0x0000000000000348      0x200 ./drivers/fsl_clock.o
 .debug_ranges  0x0000000000000548       0x80 ./drivers/fsl_flexcomm.o
 .debug_ranges  0x00000000000005c8       0x20 ./drivers/fsl_gpio.o
 .debug_ranges  0x00000000000005e8       0x30 ./drivers/fsl_inputmux.o
 .debug_ranges  0x0000000000000618      0x108 ./drivers/fsl_pint.o
 .debug_ranges  0x0000000000000720       0x20 ./drivers/fsl_reset.o
 .debug_ranges  0x0000000000000740       0xc8 ./drivers/fsl_usart.o
 .debug_ranges  0x0000000000000808       0x78 ./device/system_LPC55S69_cm33_core0.o
 .debug_ranges  0x0000000000000880       0x30 ./component/uart/usart_adapter.o
 .debug_ranges  0x00000000000008b0       0x78 ./component/serial_manager/serial_manager.o
 .debug_ranges  0x0000000000000928       0x28 ./component/serial_manager/serial_port_uart.o
 .debug_ranges  0x0000000000000950       0x18 ./board/board.o
 .debug_ranges  0x0000000000000968       0x30 ./board/clock_config.o
 .debug_ranges  0x0000000000000998       0x28 ./board/pin_mux.o
 .debug_ranges  0x00000000000009c0      0x110 /Users/eduardocontreras/Documents/Electronic_Cats/Proyectos/Hw/Reto_NXP/secure_lab/secure_s/libs/libpower_hardabi.a(fsl_power_lib.o)

.debug_line     0x0000000000000000     0x5037
 .debug_line    0x0000000000000000      0x3c5 ./utilities/fsl_debug_console.o
 .debug_line    0x00000000000003c5      0x4a4 ./utilities/fsl_str.o
 .debug_line    0x0000000000000869      0x206 ./trustzone/tzm_config.o
 .debug_line    0x0000000000000a6f      0x50c ./startup/startup_lpc55s69_cm33_core0.o
 .debug_line    0x0000000000000f7b      0x2ce ./source/main_s.o
 .debug_line    0x0000000000001249      0x26c ./source/secure_gpio.o
 .debug_line    0x00000000000014b5      0xad3 ./drivers/fsl_clock.o
 .debug_line    0x0000000000001f88      0x38f ./drivers/fsl_flexcomm.o
 .debug_line    0x0000000000002317      0x239 ./drivers/fsl_gpio.o
 .debug_line    0x0000000000002550      0x241 ./drivers/fsl_inputmux.o
 .debug_line    0x0000000000002791      0x60d ./drivers/fsl_pint.o
 .debug_line    0x0000000000002d9e      0x21a ./drivers/fsl_reset.o
 .debug_line    0x0000000000002fb8      0x724 ./drivers/fsl_usart.o
 .debug_line    0x00000000000036dc      0x39e ./device/system_LPC55S69_cm33_core0.o
 .debug_line    0x0000000000003a7a      0x2e6 ./component/uart/usart_adapter.o
 .debug_line    0x0000000000003d60      0x3c0 ./component/serial_manager/serial_manager.o
 .debug_line    0x0000000000004120      0x29c ./component/serial_manager/serial_port_uart.o
 .debug_line    0x00000000000043bc      0x210 ./board/board.o
 .debug_line    0x00000000000045cc      0x25d ./board/clock_config.o
 .debug_line    0x0000000000004829      0x28e ./board/pin_mux.o
 .debug_line    0x0000000000004ab7      0x580 /Users/eduardocontreras/Documents/Electronic_Cats/Proyectos/Hw/Reto_NXP/secure_lab/secure_s/libs/libpower_hardabi.a(fsl_power_lib.o)

.debug_str      0x0000000000000000     0xb7c5
 .debug_str     0x0000000000000000     0x11a7 ./utilities/fsl_debug_console.o
                                       0x1200 (size before relaxing)
 .debug_str     0x00000000000011a7      0x1de ./utilities/fsl_str.o
                                        0x454 (size before relaxing)
 .debug_str     0x0000000000001385      0x4ae ./trustzone/tzm_config.o
                                        0x71d (size before relaxing)
 .debug_str     0x0000000000001833      0x64a ./startup/startup_lpc55s69_cm33_core0.o
                                        0x7ba (size before relaxing)
 .debug_str     0x0000000000001e7d     0x1e9f ./source/main_s.o
                                       0x2f98 (size before relaxing)
 .debug_str     0x0000000000003d1c     0x3eb3 ./source/secure_gpio.o
                                       0x4b97 (size before relaxing)
 .debug_str     0x0000000000007bcf     0x12de ./drivers/fsl_clock.o
                                       0x3ab3 (size before relaxing)
 .debug_str     0x0000000000008ead      0x2bf ./drivers/fsl_flexcomm.o
                                       0x2733 (size before relaxing)
 .debug_str     0x000000000000916c       0x4e ./drivers/fsl_gpio.o
                                       0x20e3 (size before relaxing)
 .debug_str     0x00000000000091ba       0x60 ./drivers/fsl_inputmux.o
                                       0x3f95 (size before relaxing)
 .debug_str     0x000000000000921a      0x709 ./drivers/fsl_pint.o
                                       0x2d92 (size before relaxing)
 .debug_str     0x0000000000009923       0x84 ./drivers/fsl_reset.o
                                       0x114a (size before relaxing)
 .debug_str     0x00000000000099a7      0x91b ./drivers/fsl_usart.o
                                       0x1bae (size before relaxing)
 .debug_str     0x000000000000a2c2       0x70 ./device/system_LPC55S69_cm33_core0.o
                                        0xf18 (size before relaxing)
 .debug_str     0x000000000000a332      0x2b2 ./component/uart/usart_adapter.o
                                       0x16ba (size before relaxing)
 .debug_str     0x000000000000a5e4      0x2dd ./component/serial_manager/serial_manager.o
                                        0x731 (size before relaxing)
 .debug_str     0x000000000000a8c1       0xbc ./component/serial_manager/serial_port_uart.o
                                        0x7df (size before relaxing)
 .debug_str     0x000000000000a97d       0x54 ./board/board.o
                                       0x1612 (size before relaxing)
 .debug_str     0x000000000000a9d1       0x7c ./board/clock_config.o
                                       0x1e01 (size before relaxing)
 .debug_str     0x000000000000aa4d      0x15e ./board/pin_mux.o
                                       0x4064 (size before relaxing)
 .debug_str     0x000000000000abab      0xc1a /Users/eduardocontreras/Documents/Electronic_Cats/Proyectos/Hw/Reto_NXP/secure_lab/secure_s/libs/libpower_hardabi.a(fsl_power_lib.o)
                                       0x3945 (size before relaxing)

.comment        0x0000000000000000       0x7f
 .comment       0x0000000000000000       0x7f ./utilities/fsl_debug_console.o
                                         0x80 (size before relaxing)
 .comment       0x000000000000007f       0x80 ./utilities/fsl_str.o
 .comment       0x000000000000007f       0x80 ./trustzone/tzm_config.o
 .comment       0x000000000000007f       0x80 ./startup/startup_lpc55s69_cm33_core0.o
 .comment       0x000000000000007f       0x80 ./source/main_s.o
 .comment       0x000000000000007f       0x80 ./source/secure_gpio.o
 .comment       0x000000000000007f       0x80 ./drivers/fsl_clock.o
 .comment       0x000000000000007f       0x80 ./drivers/fsl_flexcomm.o
 .comment       0x000000000000007f       0x80 ./drivers/fsl_gpio.o
 .comment       0x000000000000007f       0x80 ./drivers/fsl_inputmux.o
 .comment       0x000000000000007f       0x80 ./drivers/fsl_pint.o
 .comment       0x000000000000007f       0x80 ./drivers/fsl_reset.o
 .comment       0x000000000000007f       0x80 ./drivers/fsl_usart.o
 .comment       0x000000000000007f       0x80 ./device/system_LPC55S69_cm33_core0.o
 .comment       0x000000000000007f       0x80 ./component/uart/usart_adapter.o
 .comment       0x000000000000007f       0x80 ./component/serial_manager/serial_manager.o
 .comment       0x000000000000007f       0x80 ./component/serial_manager/serial_port_uart.o
 .comment       0x000000000000007f       0x80 ./board/board.o
 .comment       0x000000000000007f       0x80 ./board/clock_config.o
 .comment       0x000000000000007f       0x80 ./board/pin_mux.o
 .comment       0x000000000000007f       0x80 /Users/eduardocontreras/Documents/Electronic_Cats/Proyectos/Hw/Reto_NXP/secure_lab/secure_s/libs/libpower_hardabi.a(fsl_power_lib.o)
 .comment       0x000000000000007f       0x80 /Applications/MCUXpressoIDE_10.3.1_2233/ide/plugins/com.nxp.mcuxpresso.tools.macosx_10.3.0.201811011841/tools/bin/../lib/gcc/arm-none-eabi/7.3.1/../../../../arm-none-eabi/lib/thumb/v8-m.main/fpv5-sp/hard/libcr_nohost_nf.a(_cr__main.o)
 .comment       0x000000000000007f       0x80 /Applications/MCUXpressoIDE_10.3.1_2233/ide/plugins/com.nxp.mcuxpresso.tools.macosx_10.3.0.201811011841/tools/bin/../lib/gcc/arm-none-eabi/7.3.1/../../../../arm-none-eabi/lib/thumb/v8-m.main/fpv5-sp/hard/libcr_nohost_nf.a(_cr_assert.o)
 .comment       0x000000000000007f       0x80 /Applications/MCUXpressoIDE_10.3.1_2233/ide/plugins/com.nxp.mcuxpresso.tools.macosx_10.3.0.201811011841/tools/bin/../lib/gcc/arm-none-eabi/7.3.1/../../../../arm-none-eabi/lib/thumb/v8-m.main/fpv5-sp/hard/libcr_nohost_nf.a(__ciob.o)
 .comment       0x000000000000007f       0x80 /Applications/MCUXpressoIDE_10.3.1_2233/ide/plugins/com.nxp.mcuxpresso.tools.macosx_10.3.0.201811011841/tools/bin/../lib/gcc/arm-none-eabi/7.3.1/../../../../arm-none-eabi/lib/thumb/v8-m.main/fpv5-sp/hard/libcr_nohost_nf.a(__sys_appexit.o)
 .comment       0x000000000000007f       0x80 /Applications/MCUXpressoIDE_10.3.1_2233/ide/plugins/com.nxp.mcuxpresso.tools.macosx_10.3.0.201811011841/tools/bin/../lib/gcc/arm-none-eabi/7.3.1/../../../../arm-none-eabi/lib/thumb/v8-m.main/fpv5-sp/hard/libcr_c.a(memset.o)
 .comment       0x000000000000007f       0x80 /Applications/MCUXpressoIDE_10.3.1_2233/ide/plugins/com.nxp.mcuxpresso.tools.macosx_10.3.0.201811011841/tools/bin/../lib/gcc/arm-none-eabi/7.3.1/../../../../arm-none-eabi/lib/thumb/v8-m.main/fpv5-sp/hard/libcr_c.a(_deferredlazyseek.o)
 .comment       0x000000000000007f       0x80 /Applications/MCUXpressoIDE_10.3.1_2233/ide/plugins/com.nxp.mcuxpresso.tools.macosx_10.3.0.201811011841/tools/bin/../lib/gcc/arm-none-eabi/7.3.1/../../../../arm-none-eabi/lib/thumb/v8-m.main/fpv5-sp/hard/libcr_c.a(_fflush.o)
 .comment       0x000000000000007f       0x80 /Applications/MCUXpressoIDE_10.3.1_2233/ide/plugins/com.nxp.mcuxpresso.tools.macosx_10.3.0.201811011841/tools/bin/../lib/gcc/arm-none-eabi/7.3.1/../../../../arm-none-eabi/lib/thumb/v8-m.main/fpv5-sp/hard/libcr_c.a(_writebuf.o)
 .comment       0x000000000000007f       0x80 /Applications/MCUXpressoIDE_10.3.1_2233/ide/plugins/com.nxp.mcuxpresso.tools.macosx_10.3.0.201811011841/tools/bin/../lib/gcc/arm-none-eabi/7.3.1/../../../../arm-none-eabi/lib/thumb/v8-m.main/fpv5-sp/hard/libcr_c.a(alloc.o)
 .comment       0x000000000000007f       0x80 /Applications/MCUXpressoIDE_10.3.1_2233/ide/plugins/com.nxp.mcuxpresso.tools.macosx_10.3.0.201811011841/tools/bin/../lib/gcc/arm-none-eabi/7.3.1/../../../../arm-none-eabi/lib/thumb/v8-m.main/fpv5-sp/hard/libcr_c.a(fputs.o)
 .comment       0x000000000000007f       0x80 /Applications/MCUXpressoIDE_10.3.1_2233/ide/plugins/com.nxp.mcuxpresso.tools.macosx_10.3.0.201811011841/tools/bin/../lib/gcc/arm-none-eabi/7.3.1/../../../../arm-none-eabi/lib/thumb/v8-m.main/fpv5-sp/hard/libcr_c.a(fseek.o)
 .comment       0x000000000000007f       0x80 /Applications/MCUXpressoIDE_10.3.1_2233/ide/plugins/com.nxp.mcuxpresso.tools.macosx_10.3.0.201811011841/tools/bin/../lib/gcc/arm-none-eabi/7.3.1/../../../../arm-none-eabi/lib/thumb/v8-m.main/fpv5-sp/hard/libcr_c.a(ftell.o)
 .comment       0x000000000000007f       0x80 /Applications/MCUXpressoIDE_10.3.1_2233/ide/plugins/com.nxp.mcuxpresso.tools.macosx_10.3.0.201811011841/tools/bin/../lib/gcc/arm-none-eabi/7.3.1/../../../../arm-none-eabi/lib/thumb/v8-m.main/fpv5-sp/hard/libcr_c.a(initio.o)
 .comment       0x000000000000007f       0x80 /Applications/MCUXpressoIDE_10.3.1_2233/ide/plugins/com.nxp.mcuxpresso.tools.macosx_10.3.0.201811011841/tools/bin/../lib/gcc/arm-none-eabi/7.3.1/../../../../arm-none-eabi/lib/thumb/v8-m.main/fpv5-sp/hard/libcr_c.a(setvbuf.o)
 .comment       0x000000000000007f       0x80 /Applications/MCUXpressoIDE_10.3.1_2233/ide/plugins/com.nxp.mcuxpresso.tools.macosx_10.3.0.201811011841/tools/bin/../lib/gcc/arm-none-eabi/7.3.1/../../../../arm-none-eabi/lib/thumb/v8-m.main/fpv5-sp/hard/libcr_c.a(strlen.o)
 .comment       0x000000000000007f       0x80 /Applications/MCUXpressoIDE_10.3.1_2233/ide/plugins/com.nxp.mcuxpresso.tools.macosx_10.3.0.201811011841/tools/bin/../lib/gcc/arm-none-eabi/7.3.1/../../../../arm-none-eabi/lib/thumb/v8-m.main/fpv5-sp/hard/libcr_c.a(__init_alloc.o)
 .comment       0x000000000000007f       0x80 /Applications/MCUXpressoIDE_10.3.1_2233/ide/plugins/com.nxp.mcuxpresso.tools.macosx_10.3.0.201811011841/tools/bin/../lib/gcc/arm-none-eabi/7.3.1/../../../../arm-none-eabi/lib/thumb/v8-m.main/fpv5-sp/hard/libcr_c.a(_cr_sbrk.o)
 .comment       0x000000000000007f       0x80 /Applications/MCUXpressoIDE_10.3.1_2233/ide/plugins/com.nxp.mcuxpresso.tools.macosx_10.3.0.201811011841/tools/bin/../lib/gcc/arm-none-eabi/7.3.1/../../../../arm-none-eabi/lib/thumb/v8-m.main/fpv5-sp/hard/libcr_c.a(_fdopen.o)
 .comment       0x000000000000007f       0x80 /Applications/MCUXpressoIDE_10.3.1_2233/ide/plugins/com.nxp.mcuxpresso.tools.macosx_10.3.0.201811011841/tools/bin/../lib/gcc/arm-none-eabi/7.3.1/../../../../arm-none-eabi/lib/thumb/v8-m.main/fpv5-sp/hard/libcr_c.a(errno.o)
 .comment       0x000000000000007f       0x80 /Applications/MCUXpressoIDE_10.3.1_2233/ide/plugins/com.nxp.mcuxpresso.tools.macosx_10.3.0.201811011841/tools/bin/../lib/gcc/arm-none-eabi/7.3.1/../../../../arm-none-eabi/lib/thumb/v8-m.main/fpv5-sp/hard/libcr_c.a(fclose.o)
 .comment       0x000000000000007f       0x80 /Applications/MCUXpressoIDE_10.3.1_2233/ide/plugins/com.nxp.mcuxpresso.tools.macosx_10.3.0.201811011841/tools/bin/../lib/gcc/arm-none-eabi/7.3.1/../../../../arm-none-eabi/lib/thumb/v8-m.main/fpv5-sp/hard/libcr_c.a(fflush.o)
 .comment       0x000000000000007f       0x80 /Applications/MCUXpressoIDE_10.3.1_2233/ide/plugins/com.nxp.mcuxpresso.tools.macosx_10.3.0.201811011841/tools/bin/../lib/gcc/arm-none-eabi/7.3.1/../../../../arm-none-eabi/lib/thumb/v8-m.main/fpv5-sp/hard/libcr_c.a(remove.o)
 .comment       0x000000000000007f       0x80 /Applications/MCUXpressoIDE_10.3.1_2233/ide/plugins/com.nxp.mcuxpresso.tools.macosx_10.3.0.201811011841/tools/bin/../lib/gcc/arm-none-eabi/7.3.1/../../../../arm-none-eabi/lib/thumb/v8-m.main/fpv5-sp/hard/libcr_c.a(_cr_check_heap.o)
 .comment       0x000000000000007f       0x80 /Applications/MCUXpressoIDE_10.3.1_2233/ide/plugins/com.nxp.mcuxpresso.tools.macosx_10.3.0.201811011841/tools/bin/../lib/gcc/arm-none-eabi/7.3.1/../../../../arm-none-eabi/lib/thumb/v8-m.main/fpv5-sp/hard/libcr_c.a(_do_fflush.o)
 .comment       0x000000000000007f       0x80 /Applications/MCUXpressoIDE_10.3.1_2233/ide/plugins/com.nxp.mcuxpresso.tools.macosx_10.3.0.201811011841/tools/bin/../lib/gcc/arm-none-eabi/7.3.1/thumb/v8-m.main/fpv5-sp/hard/libcr_eabihelpers.a(double.o)
 .comment       0x000000000000007f       0x80 /Applications/MCUXpressoIDE_10.3.1_2233/ide/plugins/com.nxp.mcuxpresso.tools.macosx_10.3.0.201811011841/tools/bin/../lib/gcc/arm-none-eabi/7.3.1/thumb/v8-m.main/fpv5-sp/hard/libcr_eabihelpers.a(float.o)
 .comment       0x000000000000007f       0x80 /Applications/MCUXpressoIDE_10.3.1_2233/ide/plugins/com.nxp.mcuxpresso.tools.macosx_10.3.0.201811011841/tools/bin/../lib/gcc/arm-none-eabi/7.3.1/../../../../arm-none-eabi/lib/thumb/v8-m.main/fpv5-sp/hard/libcr_nohost_nf.a(__sys_close.o)
 .comment       0x000000000000007f       0x80 /Applications/MCUXpressoIDE_10.3.1_2233/ide/plugins/com.nxp.mcuxpresso.tools.macosx_10.3.0.201811011841/tools/bin/../lib/gcc/arm-none-eabi/7.3.1/../../../../arm-none-eabi/lib/thumb/v8-m.main/fpv5-sp/hard/libcr_nohost_nf.a(__sys_flen.o)
 .comment       0x000000000000007f       0x80 /Applications/MCUXpressoIDE_10.3.1_2233/ide/plugins/com.nxp.mcuxpresso.tools.macosx_10.3.0.201811011841/tools/bin/../lib/gcc/arm-none-eabi/7.3.1/../../../../arm-none-eabi/lib/thumb/v8-m.main/fpv5-sp/hard/libcr_nohost_nf.a(__sys_istty.o)
 .comment       0x000000000000007f       0x80 /Applications/MCUXpressoIDE_10.3.1_2233/ide/plugins/com.nxp.mcuxpresso.tools.macosx_10.3.0.201811011841/tools/bin/../lib/gcc/arm-none-eabi/7.3.1/../../../../arm-none-eabi/lib/thumb/v8-m.main/fpv5-sp/hard/libcr_nohost_nf.a(__sys_remove.o)
 .comment       0x000000000000007f       0x80 /Applications/MCUXpressoIDE_10.3.1_2233/ide/plugins/com.nxp.mcuxpresso.tools.macosx_10.3.0.201811011841/tools/bin/../lib/gcc/arm-none-eabi/7.3.1/../../../../arm-none-eabi/lib/thumb/v8-m.main/fpv5-sp/hard/libcr_nohost_nf.a(__sys_seek.o)
 .comment       0x000000000000007f       0x80 /Applications/MCUXpressoIDE_10.3.1_2233/ide/plugins/com.nxp.mcuxpresso.tools.macosx_10.3.0.201811011841/tools/bin/../lib/gcc/arm-none-eabi/7.3.1/../../../../arm-none-eabi/lib/thumb/v8-m.main/fpv5-sp/hard/libcr_nohost_nf.a(__sys_tmpnam.o)
 .comment       0x000000000000007f       0x80 /Applications/MCUXpressoIDE_10.3.1_2233/ide/plugins/com.nxp.mcuxpresso.tools.macosx_10.3.0.201811011841/tools/bin/../lib/gcc/arm-none-eabi/7.3.1/../../../../arm-none-eabi/lib/thumb/v8-m.main/fpv5-sp/hard/libcr_nohost_nf.a(__sys_write.o)

.ARM.attributes
                0x0000000000000000       0x3a
 .ARM.attributes
                0x0000000000000000       0x3c ./utilities/fsl_debug_console.o
 .ARM.attributes
                0x000000000000003c       0x3c ./utilities/fsl_str.o
 .ARM.attributes
                0x0000000000000078       0x3c ./trustzone/tzm_config.o
 .ARM.attributes
                0x00000000000000b4       0x3c ./startup/startup_lpc55s69_cm33_core0.o
 .ARM.attributes
                0x00000000000000f0       0x3c ./source/main_s.o
 .ARM.attributes
                0x000000000000012c       0x3c ./source/secure_gpio.o
 .ARM.attributes
                0x0000000000000168       0x3c ./drivers/fsl_clock.o
 .ARM.attributes
                0x00000000000001a4       0x3c ./drivers/fsl_flexcomm.o
 .ARM.attributes
                0x00000000000001e0       0x3c ./drivers/fsl_gpio.o
 .ARM.attributes
                0x000000000000021c       0x3c ./drivers/fsl_inputmux.o
 .ARM.attributes
                0x0000000000000258       0x3c ./drivers/fsl_pint.o
 .ARM.attributes
                0x0000000000000294       0x3c ./drivers/fsl_reset.o
 .ARM.attributes
                0x00000000000002d0       0x3c ./drivers/fsl_usart.o
 .ARM.attributes
                0x000000000000030c       0x3c ./device/system_LPC55S69_cm33_core0.o
 .ARM.attributes
                0x0000000000000348       0x3c ./component/uart/usart_adapter.o
 .ARM.attributes
                0x0000000000000384       0x3c ./component/serial_manager/serial_manager.o
 .ARM.attributes
                0x00000000000003c0       0x3c ./component/serial_manager/serial_port_uart.o
 .ARM.attributes
                0x00000000000003fc       0x3c ./board/board.o
 .ARM.attributes
                0x0000000000000438       0x3c ./board/clock_config.o
 .ARM.attributes
                0x0000000000000474       0x3c ./board/pin_mux.o
 .ARM.attributes
                0x00000000000004b0       0x3c /Users/eduardocontreras/Documents/Electronic_Cats/Proyectos/Hw/Reto_NXP/secure_lab/secure_s/libs/libpower_hardabi.a(fsl_power_lib.o)
 .ARM.attributes
                0x00000000000004ec       0x3c /Applications/MCUXpressoIDE_10.3.1_2233/ide/plugins/com.nxp.mcuxpresso.tools.macosx_10.3.0.201811011841/tools/bin/../lib/gcc/arm-none-eabi/7.3.1/../../../../arm-none-eabi/lib/thumb/v8-m.main/fpv5-sp/hard/libcr_nohost_nf.a(_cr__main.o)
 .ARM.attributes
                0x0000000000000528       0x3c /Applications/MCUXpressoIDE_10.3.1_2233/ide/plugins/com.nxp.mcuxpresso.tools.macosx_10.3.0.201811011841/tools/bin/../lib/gcc/arm-none-eabi/7.3.1/../../../../arm-none-eabi/lib/thumb/v8-m.main/fpv5-sp/hard/libcr_nohost_nf.a(_cr_assert.o)
 .ARM.attributes
                0x0000000000000564       0x3c /Applications/MCUXpressoIDE_10.3.1_2233/ide/plugins/com.nxp.mcuxpresso.tools.macosx_10.3.0.201811011841/tools/bin/../lib/gcc/arm-none-eabi/7.3.1/../../../../arm-none-eabi/lib/thumb/v8-m.main/fpv5-sp/hard/libcr_nohost_nf.a(__ciob.o)
 .ARM.attributes
                0x00000000000005a0       0x3c /Applications/MCUXpressoIDE_10.3.1_2233/ide/plugins/com.nxp.mcuxpresso.tools.macosx_10.3.0.201811011841/tools/bin/../lib/gcc/arm-none-eabi/7.3.1/../../../../arm-none-eabi/lib/thumb/v8-m.main/fpv5-sp/hard/libcr_nohost_nf.a(__sys_appexit.o)
 .ARM.attributes
                0x00000000000005dc       0x3c /Applications/MCUXpressoIDE_10.3.1_2233/ide/plugins/com.nxp.mcuxpresso.tools.macosx_10.3.0.201811011841/tools/bin/../lib/gcc/arm-none-eabi/7.3.1/../../../../arm-none-eabi/lib/thumb/v8-m.main/fpv5-sp/hard/libcr_c.a(memset.o)
 .ARM.attributes
                0x0000000000000618       0x3c /Applications/MCUXpressoIDE_10.3.1_2233/ide/plugins/com.nxp.mcuxpresso.tools.macosx_10.3.0.201811011841/tools/bin/../lib/gcc/arm-none-eabi/7.3.1/../../../../arm-none-eabi/lib/thumb/v8-m.main/fpv5-sp/hard/libcr_c.a(_deferredlazyseek.o)
 .ARM.attributes
                0x0000000000000654       0x3c /Applications/MCUXpressoIDE_10.3.1_2233/ide/plugins/com.nxp.mcuxpresso.tools.macosx_10.3.0.201811011841/tools/bin/../lib/gcc/arm-none-eabi/7.3.1/../../../../arm-none-eabi/lib/thumb/v8-m.main/fpv5-sp/hard/libcr_c.a(_fflush.o)
 .ARM.attributes
                0x0000000000000690       0x3c /Applications/MCUXpressoIDE_10.3.1_2233/ide/plugins/com.nxp.mcuxpresso.tools.macosx_10.3.0.201811011841/tools/bin/../lib/gcc/arm-none-eabi/7.3.1/../../../../arm-none-eabi/lib/thumb/v8-m.main/fpv5-sp/hard/libcr_c.a(_writebuf.o)
 .ARM.attributes
                0x00000000000006cc       0x3c /Applications/MCUXpressoIDE_10.3.1_2233/ide/plugins/com.nxp.mcuxpresso.tools.macosx_10.3.0.201811011841/tools/bin/../lib/gcc/arm-none-eabi/7.3.1/../../../../arm-none-eabi/lib/thumb/v8-m.main/fpv5-sp/hard/libcr_c.a(alloc.o)
 .ARM.attributes
                0x0000000000000708       0x3c /Applications/MCUXpressoIDE_10.3.1_2233/ide/plugins/com.nxp.mcuxpresso.tools.macosx_10.3.0.201811011841/tools/bin/../lib/gcc/arm-none-eabi/7.3.1/../../../../arm-none-eabi/lib/thumb/v8-m.main/fpv5-sp/hard/libcr_c.a(fputs.o)
 .ARM.attributes
                0x0000000000000744       0x3c /Applications/MCUXpressoIDE_10.3.1_2233/ide/plugins/com.nxp.mcuxpresso.tools.macosx_10.3.0.201811011841/tools/bin/../lib/gcc/arm-none-eabi/7.3.1/../../../../arm-none-eabi/lib/thumb/v8-m.main/fpv5-sp/hard/libcr_c.a(fseek.o)
 .ARM.attributes
                0x0000000000000780       0x3c /Applications/MCUXpressoIDE_10.3.1_2233/ide/plugins/com.nxp.mcuxpresso.tools.macosx_10.3.0.201811011841/tools/bin/../lib/gcc/arm-none-eabi/7.3.1/../../../../arm-none-eabi/lib/thumb/v8-m.main/fpv5-sp/hard/libcr_c.a(ftell.o)
 .ARM.attributes
                0x00000000000007bc       0x3c /Applications/MCUXpressoIDE_10.3.1_2233/ide/plugins/com.nxp.mcuxpresso.tools.macosx_10.3.0.201811011841/tools/bin/../lib/gcc/arm-none-eabi/7.3.1/../../../../arm-none-eabi/lib/thumb/v8-m.main/fpv5-sp/hard/libcr_c.a(initio.o)
 .ARM.attributes
                0x00000000000007f8       0x3c /Applications/MCUXpressoIDE_10.3.1_2233/ide/plugins/com.nxp.mcuxpresso.tools.macosx_10.3.0.201811011841/tools/bin/../lib/gcc/arm-none-eabi/7.3.1/../../../../arm-none-eabi/lib/thumb/v8-m.main/fpv5-sp/hard/libcr_c.a(setvbuf.o)
 .ARM.attributes
                0x0000000000000834       0x3c /Applications/MCUXpressoIDE_10.3.1_2233/ide/plugins/com.nxp.mcuxpresso.tools.macosx_10.3.0.201811011841/tools/bin/../lib/gcc/arm-none-eabi/7.3.1/../../../../arm-none-eabi/lib/thumb/v8-m.main/fpv5-sp/hard/libcr_c.a(strlen.o)
 .ARM.attributes
                0x0000000000000870       0x3c /Applications/MCUXpressoIDE_10.3.1_2233/ide/plugins/com.nxp.mcuxpresso.tools.macosx_10.3.0.201811011841/tools/bin/../lib/gcc/arm-none-eabi/7.3.1/../../../../arm-none-eabi/lib/thumb/v8-m.main/fpv5-sp/hard/libcr_c.a(__init_alloc.o)
 .ARM.attributes
                0x00000000000008ac       0x3c /Applications/MCUXpressoIDE_10.3.1_2233/ide/plugins/com.nxp.mcuxpresso.tools.macosx_10.3.0.201811011841/tools/bin/../lib/gcc/arm-none-eabi/7.3.1/../../../../arm-none-eabi/lib/thumb/v8-m.main/fpv5-sp/hard/libcr_c.a(_cr_sbrk.o)
 .ARM.attributes
                0x00000000000008e8       0x3c /Applications/MCUXpressoIDE_10.3.1_2233/ide/plugins/com.nxp.mcuxpresso.tools.macosx_10.3.0.201811011841/tools/bin/../lib/gcc/arm-none-eabi/7.3.1/../../../../arm-none-eabi/lib/thumb/v8-m.main/fpv5-sp/hard/libcr_c.a(_fdopen.o)
 .ARM.attributes
                0x0000000000000924       0x3c /Applications/MCUXpressoIDE_10.3.1_2233/ide/plugins/com.nxp.mcuxpresso.tools.macosx_10.3.0.201811011841/tools/bin/../lib/gcc/arm-none-eabi/7.3.1/../../../../arm-none-eabi/lib/thumb/v8-m.main/fpv5-sp/hard/libcr_c.a(errno.o)
 .ARM.attributes
                0x0000000000000960       0x3c /Applications/MCUXpressoIDE_10.3.1_2233/ide/plugins/com.nxp.mcuxpresso.tools.macosx_10.3.0.201811011841/tools/bin/../lib/gcc/arm-none-eabi/7.3.1/../../../../arm-none-eabi/lib/thumb/v8-m.main/fpv5-sp/hard/libcr_c.a(fclose.o)
 .ARM.attributes
                0x000000000000099c       0x3c /Applications/MCUXpressoIDE_10.3.1_2233/ide/plugins/com.nxp.mcuxpresso.tools.macosx_10.3.0.201811011841/tools/bin/../lib/gcc/arm-none-eabi/7.3.1/../../../../arm-none-eabi/lib/thumb/v8-m.main/fpv5-sp/hard/libcr_c.a(fflush.o)
 .ARM.attributes
                0x00000000000009d8       0x3c /Applications/MCUXpressoIDE_10.3.1_2233/ide/plugins/com.nxp.mcuxpresso.tools.macosx_10.3.0.201811011841/tools/bin/../lib/gcc/arm-none-eabi/7.3.1/../../../../arm-none-eabi/lib/thumb/v8-m.main/fpv5-sp/hard/libcr_c.a(remove.o)
 .ARM.attributes
                0x0000000000000a14       0x3c /Applications/MCUXpressoIDE_10.3.1_2233/ide/plugins/com.nxp.mcuxpresso.tools.macosx_10.3.0.201811011841/tools/bin/../lib/gcc/arm-none-eabi/7.3.1/../../../../arm-none-eabi/lib/thumb/v8-m.main/fpv5-sp/hard/libcr_c.a(_cr_check_heap.o)
 .ARM.attributes
                0x0000000000000a50       0x3c /Applications/MCUXpressoIDE_10.3.1_2233/ide/plugins/com.nxp.mcuxpresso.tools.macosx_10.3.0.201811011841/tools/bin/../lib/gcc/arm-none-eabi/7.3.1/../../../../arm-none-eabi/lib/thumb/v8-m.main/fpv5-sp/hard/libcr_c.a(_do_fflush.o)
 .ARM.attributes
                0x0000000000000a8c       0x3c /Applications/MCUXpressoIDE_10.3.1_2233/ide/plugins/com.nxp.mcuxpresso.tools.macosx_10.3.0.201811011841/tools/bin/../lib/gcc/arm-none-eabi/7.3.1/thumb/v8-m.main/fpv5-sp/hard/libcr_eabihelpers.a(double.o)
 .ARM.attributes
                0x0000000000000ac8       0x3c /Applications/MCUXpressoIDE_10.3.1_2233/ide/plugins/com.nxp.mcuxpresso.tools.macosx_10.3.0.201811011841/tools/bin/../lib/gcc/arm-none-eabi/7.3.1/thumb/v8-m.main/fpv5-sp/hard/libcr_eabihelpers.a(float.o)
 .ARM.attributes
                0x0000000000000b04       0x28 /Applications/MCUXpressoIDE_10.3.1_2233/ide/plugins/com.nxp.mcuxpresso.tools.macosx_10.3.0.201811011841/tools/bin/../lib/gcc/arm-none-eabi/7.3.1/thumb/v8-m.main/fpv5-sp/hard/libcr_eabihelpers.a(memcpy.o)
 .ARM.attributes
                0x0000000000000b2c       0x24 /Applications/MCUXpressoIDE_10.3.1_2233/ide/plugins/com.nxp.mcuxpresso.tools.macosx_10.3.0.201811011841/tools/bin/../lib/gcc/arm-none-eabi/7.3.1/thumb/v8-m.main/fpv5-sp/hard/libgcc.a(cmse_nonsecure_call.o)
 .ARM.attributes
                0x0000000000000b50       0x3c /Applications/MCUXpressoIDE_10.3.1_2233/ide/plugins/com.nxp.mcuxpresso.tools.macosx_10.3.0.201811011841/tools/bin/../lib/gcc/arm-none-eabi/7.3.1/../../../../arm-none-eabi/lib/thumb/v8-m.main/fpv5-sp/hard/libcr_nohost_nf.a(__sys_close.o)
 .ARM.attributes
                0x0000000000000b8c       0x3c /Applications/MCUXpressoIDE_10.3.1_2233/ide/plugins/com.nxp.mcuxpresso.tools.macosx_10.3.0.201811011841/tools/bin/../lib/gcc/arm-none-eabi/7.3.1/../../../../arm-none-eabi/lib/thumb/v8-m.main/fpv5-sp/hard/libcr_nohost_nf.a(__sys_flen.o)
 .ARM.attributes
                0x0000000000000bc8       0x3c /Applications/MCUXpressoIDE_10.3.1_2233/ide/plugins/com.nxp.mcuxpresso.tools.macosx_10.3.0.201811011841/tools/bin/../lib/gcc/arm-none-eabi/7.3.1/../../../../arm-none-eabi/lib/thumb/v8-m.main/fpv5-sp/hard/libcr_nohost_nf.a(__sys_istty.o)
 .ARM.attributes
                0x0000000000000c04       0x3c /Applications/MCUXpressoIDE_10.3.1_2233/ide/plugins/com.nxp.mcuxpresso.tools.macosx_10.3.0.201811011841/tools/bin/../lib/gcc/arm-none-eabi/7.3.1/../../../../arm-none-eabi/lib/thumb/v8-m.main/fpv5-sp/hard/libcr_nohost_nf.a(__sys_remove.o)
 .ARM.attributes
                0x0000000000000c40       0x3c /Applications/MCUXpressoIDE_10.3.1_2233/ide/plugins/com.nxp.mcuxpresso.tools.macosx_10.3.0.201811011841/tools/bin/../lib/gcc/arm-none-eabi/7.3.1/../../../../arm-none-eabi/lib/thumb/v8-m.main/fpv5-sp/hard/libcr_nohost_nf.a(__sys_seek.o)
 .ARM.attributes
                0x0000000000000c7c       0x3c /Applications/MCUXpressoIDE_10.3.1_2233/ide/plugins/com.nxp.mcuxpresso.tools.macosx_10.3.0.201811011841/tools/bin/../lib/gcc/arm-none-eabi/7.3.1/../../../../arm-none-eabi/lib/thumb/v8-m.main/fpv5-sp/hard/libcr_nohost_nf.a(__sys_tmpnam.o)
 .ARM.attributes
                0x0000000000000cb8       0x3c /Applications/MCUXpressoIDE_10.3.1_2233/ide/plugins/com.nxp.mcuxpresso.tools.macosx_10.3.0.201811011841/tools/bin/../lib/gcc/arm-none-eabi/7.3.1/../../../../arm-none-eabi/lib/thumb/v8-m.main/fpv5-sp/hard/libcr_nohost_nf.a(__sys_write.o)

.debug_frame    0x0000000000000000     0x2870
 .debug_frame   0x0000000000000000      0x1e4 ./utilities/fsl_debug_console.o