Archive member included to satisfy reference by file (symbol)

C:\Users\eduardoContreras\Documents\MCUXpressoIDE_10.3.1_2233\workspace\Reto_NXP\lpcxpresso55s69_spi_polling_b2b_transfer_master_spiPolling\libs\libpower_hardabi.a(fsl_power_lib.o)
                              ./drivers/fsl_clock.o (POWER_SetVoltageForFreq)
c:/nxp/mcuxpressoide_10.3.1_2233/ide/plugins/com.nxp.mcuxpresso.tools.win32_10.3.0.201811011841/tools/bin/../lib/gcc/arm-none-eabi/7.3.1/../../../../arm-none-eabi/lib/thumb/v8-m.main/fpv5-sp/hard\libcr_semihost_nf.a(_cr__main.o)
                              ./startup/startup_lpc55s69_cm33_core0.o (__main)
c:/nxp/mcuxpressoide_10.3.1_2233/ide/plugins/com.nxp.mcuxpresso.tools.win32_10.3.0.201811011841/tools/bin/../lib/gcc/arm-none-eabi/7.3.1/../../../../arm-none-eabi/lib/thumb/v8-m.main/fpv5-sp/hard\libcr_semihost_nf.a(_cr_assert.o)
                              ./utilities/fsl_debug_console.o (__assertion_failed)
c:/nxp/mcuxpressoide_10.3.1_2233/ide/plugins/com.nxp.mcuxpresso.tools.win32_10.3.0.201811011841/tools/bin/../lib/gcc/arm-none-eabi/7.3.1/../../../../arm-none-eabi/lib/thumb/v8-m.main/fpv5-sp/hard\libcr_semihost_nf.a(__ciob.o)
                              c:/nxp/mcuxpressoide_10.3.1_2233/ide/plugins/com.nxp.mcuxpresso.tools.win32_10.3.0.201811011841/tools/bin/../lib/gcc/arm-none-eabi/7.3.1/../../../../arm-none-eabi/lib/thumb/v8-m.main/fpv5-sp/hard\libcr_semihost_nf.a(_cr_assert.o) (__Ciob)
c:/nxp/mcuxpressoide_10.3.1_2233/ide/plugins/com.nxp.mcuxpresso.tools.win32_10.3.0.201811011841/tools/bin/../lib/gcc/arm-none-eabi/7.3.1/../../../../arm-none-eabi/lib/thumb/v8-m.main/fpv5-sp/hard\libcr_semihost_nf.a(__sys_appexit.o)
                              c:/nxp/mcuxpressoide_10.3.1_2233/ide/plugins/com.nxp.mcuxpresso.tools.win32_10.3.0.201811011841/tools/bin/../lib/gcc/arm-none-eabi/7.3.1/../../../../arm-none-eabi/lib/thumb/v8-m.main/fpv5-sp/hard\libcr_semihost_nf.a(_cr_assert.o) (__sys_appexit)
c:/nxp/mcuxpressoide_10.3.1_2233/ide/plugins/com.nxp.mcuxpresso.tools.win32_10.3.0.201811011841/tools/bin/../lib/gcc/arm-none-eabi/7.3.1/../../../../arm-none-eabi/lib/thumb/v8-m.main/fpv5-sp/hard\libcr_c.a(memcpy.o)
                              ./source/spi_polling_b2b_transfer_master.o (memcpy)
c:/nxp/mcuxpressoide_10.3.1_2233/ide/plugins/com.nxp.mcuxpresso.tools.win32_10.3.0.201811011841/tools/bin/../lib/gcc/arm-none-eabi/7.3.1/../../../../arm-none-eabi/lib/thumb/v8-m.main/fpv5-sp/hard\libcr_c.a(memset.o)
                              ./utilities/fsl_debug_console.o (memset)
c:/nxp/mcuxpressoide_10.3.1_2233/ide/plugins/com.nxp.mcuxpresso.tools.win32_10.3.0.201811011841/tools/bin/../lib/gcc/arm-none-eabi/7.3.1/../../../../arm-none-eabi/lib/thumb/v8-m.main/fpv5-sp/hard\libcr_c.a(_deferredlazyseek.o)
                              c:/nxp/mcuxpressoide_10.3.1_2233/ide/plugins/com.nxp.mcuxpresso.tools.win32_10.3.0.201811011841/tools/bin/../lib/gcc/arm-none-eabi/7.3.1/../../../../arm-none-eabi/lib/thumb/v8-m.main/fpv5-sp/hard\libcr_semihost_nf.a(_cr_assert.o) (__flsbuf)
c:/nxp/mcuxpressoide_10.3.1_2233/ide/plugins/com.nxp.mcuxpresso.tools.win32_10.3.0.201811011841/tools/bin/../lib/gcc/arm-none-eabi/7.3.1/../../../../arm-none-eabi/lib/thumb/v8-m.main/fpv5-sp/hard\libcr_c.a(_fflush.o)
                              c:/nxp/mcuxpressoide_10.3.1_2233/ide/plugins/com.nxp.mcuxpresso.tools.win32_10.3.0.201811011841/tools/bin/../lib/gcc/arm-none-eabi/7.3.1/../../../../arm-none-eabi/lib/thumb/v8-m.main/fpv5-sp/hard\libcr_c.a(_deferredlazyseek.o) (_fflush)
c:/nxp/mcuxpressoide_10.3.1_2233/ide/plugins/com.nxp.mcuxpresso.tools.win32_10.3.0.201811011841/tools/bin/../lib/gcc/arm-none-eabi/7.3.1/../../../../arm-none-eabi/lib/thumb/v8-m.main/fpv5-sp/hard\libcr_c.a(_writebuf.o)
                              c:/nxp/mcuxpressoide_10.3.1_2233/ide/plugins/com.nxp.mcuxpresso.tools.win32_10.3.0.201811011841/tools/bin/../lib/gcc/arm-none-eabi/7.3.1/../../../../arm-none-eabi/lib/thumb/v8-m.main/fpv5-sp/hard\libcr_c.a(_deferredlazyseek.o) (_Cwritebuf)
c:/nxp/mcuxpressoide_10.3.1_2233/ide/plugins/com.nxp.mcuxpresso.tools.win32_10.3.0.201811011841/tools/bin/../lib/gcc/arm-none-eabi/7.3.1/../../../../arm-none-eabi/lib/thumb/v8-m.main/fpv5-sp/hard\libcr_c.a(alloc.o)
                              ./drivers/fsl_common.o (malloc)
c:/nxp/mcuxpressoide_10.3.1_2233/ide/plugins/com.nxp.mcuxpresso.tools.win32_10.3.0.201811011841/tools/bin/../lib/gcc/arm-none-eabi/7.3.1/../../../../arm-none-eabi/lib/thumb/v8-m.main/fpv5-sp/hard\libcr_c.a(fputs.o)
                              c:/nxp/mcuxpressoide_10.3.1_2233/ide/plugins/com.nxp.mcuxpresso.tools.win32_10.3.0.201811011841/tools/bin/../lib/gcc/arm-none-eabi/7.3.1/../../../../arm-none-eabi/lib/thumb/v8-m.main/fpv5-sp/hard\libcr_semihost_nf.a(_cr_assert.o) (fputs)
[...]
Memory Configuration

Name             Origin             Length             Attributes
PROGRAM_FLASH    0x00000000         0x00098000         xr
SRAM             0x20000000         0x00044000         xrw
SRAMX            0x04000000         0x00008000         xrw
USB_RAM          0x40100000         0x00004000         xrw
*default*        0x00000000         0xffffffff

Linker script and memory map

LOAD ./utilities/fsl_assert.o
LOAD ./utilities/fsl_debug_console.o
LOAD ./utilities/fsl_str.o
LOAD ./startup/boot_multicore_slave.o
LOAD ./startup/startup_lpc55s69_cm33_core0.o
LOAD ./source/semihost_hardfault.o
LOAD ./source/spi_polling_b2b_transfer_master.o
LOAD ./drivers/fsl_clock.o
LOAD ./drivers/fsl_common.o
LOAD ./drivers/fsl_flexcomm.o
LOAD ./drivers/fsl_gpio.o
LOAD ./drivers/fsl_inputmux.o
LOAD ./drivers/fsl_power.o
LOAD ./drivers/fsl_reset.o
LOAD ./drivers/fsl_spi.o
LOAD ./drivers/fsl_usart.o
LOAD ./device/system_LPC55S69_cm33_core0.o
LOAD ./component/uart/usart_adapter.o
LOAD ./component/serial_manager/serial_manager.o
LOAD ./component/serial_manager/serial_port_uart.o
LOAD ./component/lists/generic_list.o
LOAD ./board/board.o
LOAD ./board/clock_config.o
LOAD ./board/pin_mux.o
LOAD C:\Users\eduardoContreras\Documents\MCUXpressoIDE_10.3.1_2233\workspace\Reto_NXP\lpcxpresso55s69_spi_polling_b2b_transfer_master_spiPolling\libs\libpower_hardabi.a
START GROUP
LOAD c:/nxp/mcuxpressoide_10.3.1_2233/ide/plugins/com.nxp.mcuxpresso.tools.win32_10.3.0.201811011841/tools/bin/../lib/gcc/arm-none-eabi/7.3.1/../../../../arm-none-eabi/lib/thumb/v8-m.main/fpv5-sp/hard\libcr_semihost_nf.a
LOAD c:/nxp/mcuxpressoide_10.3.1_2233/ide/plugins/com.nxp.mcuxpresso.tools.win32_10.3.0.201811011841/tools/bin/../lib/gcc/arm-none-eabi/7.3.1/../../../../arm-none-eabi/lib/thumb/v8-m.main/fpv5-sp/hard\libcr_c.a
LOAD c:/nxp/mcuxpressoide_10.3.1_2233/ide/plugins/com.nxp.mcuxpresso.tools.win32_10.3.0.201811011841/tools/bin/../lib/gcc/arm-none-eabi/7.3.1/thumb/v8-m.main/fpv5-sp/hard\libcr_eabihelpers.a
LOAD c:/nxp/mcuxpressoide_10.3.1_2233/ide/plugins/com.nxp.mcuxpresso.tools.win32_10.3.0.201811011841/tools/bin/../lib/gcc/arm-none-eabi/7.3.1/thumb/v8-m.main/fpv5-sp/hard\libgcc.a
END GROUP
                0x00000000                __base_PROGRAM_FLASH = 0x0
                0x00000000                __base_Flash = 0x0
                0x00098000                __top_PROGRAM_FLASH = 0x98000
                0x00098000                __top_Flash = 0x98000
                0x20000000                __base_SRAM = 0x20000000
                0x20000000                __base_RAM = 0x20000000
                0x20044000                __top_SRAM = 0x20044000
                0x20044000                __top_RAM = 0x20044000
                0x04000000                __base_SRAMX = 0x4000000
                0x04000000                __base_RAM2 = 0x4000000
                0x04008000                __top_SRAMX = 0x4008000
                0x04008000                __top_RAM2 = 0x4008000
                0x40100000                __base_USB_RAM = 0x40100000
                0x40100000                __base_RAM3 = 0x40100000
                0x40104000                __top_USB_RAM = 0x40104000
                0x40104000                __top_RAM3 = 0x40104000

.text           0x00000000     0x6b5c
 FILL mask 0xff
                0x00000000                __vectors_start__ = ABSOLUTE (.)
 *(SORT_BY_ALIGNMENT(.isr_vector))
 .isr_vector    0x00000000      0x130 ./startup/startup_lpc55s69_cm33_core0.o
                0x00000000                g_pfnVectors
                0x00000000                __Vectors
                0x00000130                . = ALIGN (0x4)
                0x00000130                __section_table_start = .
                0x00000130                __data_section_table = .
                0x00000130        0x4 LONG 0x6b5c LOADADDR (.data)
                0x00000134        0x4 LONG 0x20000000 ADDR (.data)
                0x00000138        0x4 LONG 0x12c SIZEOF (.data)
                0x0000013c        0x4 LONG 0x6b5c LOADADDR (.data_RAM2)
                0x00000140        0x4 LONG 0x4000000 ADDR (.data_RAM2)
                0x00000144        0x4 LONG 0x0 SIZEOF (.data_RAM2)
                0x00000148        0x4 LONG 0x6b5c LOADADDR (.data_RAM3)
                0x0000014c        0x4 LONG 0x40100000 ADDR (.data_RAM3)
                0x00000150        0x4 LONG 0x0 SIZEOF (.data_RAM3)
                0x00000154                __data_section_table_end = .
                0x00000154                __bss_section_table = .
                0x00000154        0x4 LONG 0x2000012c ADDR (.bss)
                0x00000158        0x4 LONG 0x178 SIZEOF (.bss)
                0x0000015c        0x4 LONG 0x4000000 ADDR (.bss_RAM2)
                0x00000160        0x4 LONG 0x0 SIZEOF (.bss_RAM2)
                0x00000164        0x4 LONG 0x40100000 ADDR (.bss_RAM3)
                0x00000168        0x4 LONG 0x0 SIZEOF (.bss_RAM3)
                0x0000016c                __bss_section_table_end = .
                0x0000016c                __section_table_end = .
 *(SORT_BY_ALIGNMENT(.after_vectors*))
 .after_vectors.reset
                0x0000016c       0x4c ./startup/startup_lpc55s69_cm33_core0.o
                0x0000016c                ResetISR
 .after_vectors.init_data
                0x000001b8       0x1e ./startup/startup_lpc55s69_cm33_core0.o
                0x000001b8                data_init
 .after_vectors.init_bss
                0x000001d6       0x12 ./startup/startup_lpc55s69_cm33_core0.o
                0x000001d6                bss_init
 .after_vectors
                0x000001e8       0x14 ./startup/startup_lpc55s69_cm33_core0.o
                0x000001e8                NMI_Handler
                0x000001ec                MemManage_Handler
                0x000001ee                BusFault_Handler
                0x000001f0                UsageFault_Handler
                0x000001f2                SVC_Handler
                0x000001f4                DebugMon_Handler
                0x000001f6                PendSV_Handler
                0x000001fa                PIN_INT2_DriverIRQHandler
                0x000001fa                Reserved56_DriverIRQHandler
                0x000001fa                PIN_INT0_DriverIRQHandler
                0x000001fa                CTIMER2_DriverIRQHandler
                0x000001fa                PIN_INT3_DriverIRQHandler
                0x000001fa                SEC_VIO_DriverIRQHandler
                0x000001fa                IntDefaultHandler
                0x000001fa                USB0_DriverIRQHandler
                0x000001fa                CASER_DriverIRQHandler
                0x000001fa                MRT0_DriverIRQHandler
                0x000001fa                UTICK0_DriverIRQHandler
                0x000001fa                Reserved41_DriverIRQHandler
                0x000001fa                PIN_INT4_DriverIRQHandler
                0x000001fa                PIN_INT5_DriverIRQHandler
                0x000001fa                SEC_GPIO_INT0_IRQ0_DriverIRQHandler
                0x000001fa                CTIMER4_DriverIRQHandler
                0x000001fa                GINT1_DriverIRQHandler
                0x000001fa                PIN_INT7_DriverIRQHandler
                0x000001fa                Reserved55_DriverIRQHandler
                0x000001fa                Reserved42_DriverIRQHandler
                0x000001fa                USB0_NEEDCLK_DriverIRQHandler
                0x000001fa                CTIMER0_DriverIRQHandler
                0x000001fa                CTIMER1_DriverIRQHandler
                0x000001fa                PIN_INT6_DriverIRQHandler
                0x000001fa                PQ_DriverIRQHandler
                0x000001fa                MAILBOX_DriverIRQHandler
                0x000001fa                PIN_INT1_DriverIRQHandler
                0x000001fa                CTIMER3_DriverIRQHandler
                0x000001fa                Reserved61_DriverIRQHandler
                0x000001fa                SEC_GPIO_INT0_IRQ1_DriverIRQHandler
                0x000001fa                PUF_DriverIRQHandler
                0x000001fa                RTC_DriverIRQHandler
                0x000001fa                DMA0_DriverIRQHandler
                0x000001fa                Reserved39_DriverIRQHandler
                0x000001fa                USB1_DriverIRQHandler
                0x000001fa                Reserved60_DriverIRQHandler
                0x000001fa                DMA1_DriverIRQHandler
                0x000001fa                ADC0_DriverIRQHandler
                0x000001fa                USB1_NEEDCLK_DriverIRQHandler
                0x000001fa                Reserved59_DriverIRQHandler
                0x000001fa                SDIO_DriverIRQHandler
                0x000001fa                GINT0_DriverIRQHandler
                0x000001fa                LSPI_HS_DriverIRQHandler
                0x000001fa                ACMP_DriverIRQHandler
                0x000001fa                Reserved57_DriverIRQHandler
                0x000001fa                HASHCRYPT_DriverIRQHandler
                0x000001fa                Reserved46_DriverIRQHandler
                0x000001fa                USB1_UTMI_DriverIRQHandler
                0x000001fa                WDT_BOD_DriverIRQHandler
                0x000001fa                SCT0_DriverIRQHandler
                0x000001fa                PLU_DriverIRQHandler
                0x000001fa                OS_EVENT_DriverIRQHandler
                0x000001fa                SEC_HYPERVISOR_CALL_DriverIRQHandler
 *(SORT_BY_ALIGNMENT(.text*))
 *fill*         0x000001fc        0x4 ff
 .text.CLOCK_SetFLASHAccessCyclesForFreq
                0x00000200       0x80 ./drivers/fsl_clock.o
                0x00000200                CLOCK_SetFLASHAccessCyclesForFreq
 .text.DbgConsole_Init
                0x00000280       0xf8 ./utilities/fsl_debug_console.o
                0x00000280                DbgConsole_Init
 .text.__NVIC_SetPriority
                0x00000378       0x54 ./source/spi_polling_b2b_transfer_master.o
 .text.SysTick_Config
                0x000003cc       0x44 ./source/spi_polling_b2b_transfer_master.o
 .text.SysTick_Handler
                0x00000410       0x24 ./source/spi_polling_b2b_transfer_master.o
                0x00000410                SysTick_Handler
 .text.SysTick_DelayTicks
                0x00000434       0x28 ./source/spi_polling_b2b_transfer_master.o
                0x00000434                SysTick_DelayTicks
 .text.main     0x0000045c      0x1d4 ./source/spi_polling_b2b_transfer_master.o
                0x0000045c                main
 .text.RFM_Read
                0x00000630       0x6c ./source/spi_polling_b2b_transfer_master.o
                0x00000630                RFM_Read
 .text.RFM_Write
                0x0000069c       0x70 ./source/spi_polling_b2b_transfer_master.o
                0x0000069c                RFM_Write
 .text.RFM_Init
                0x0000070c       0xc8 ./source/spi_polling_b2b_transfer_master.o
                0x0000070c                RFM_Init
 .text.LORA_Send_Data
                0x000007d4      0x134 ./source/spi_polling_b2b_transfer_master.o
                0x000007d4                LORA_Send_Data
 .text.RFM_Send_Package
                0x00000908       0xe8 ./source/spi_polling_b2b_transfer_master.o
                0x00000908                RFM_Send_Package
 .text.Encrypt_Payload
                0x000009f0      0x174 ./source/spi_polling_b2b_transfer_master.o
                0x000009f0                Encrypt_Payload
 .text.Calculate_MIC
                0x00000b64      0x314 ./source/spi_polling_b2b_transfer_master.o
                0x00000b64                Calculate_MIC
 .text.Generate_Keys
                0x00000e78       0xa8 ./source/spi_polling_b2b_transfer_master.o
                0x00000e78                Generate_Keys
 .text.AES_Sub_Byte
                0x00000f20       0x34 ./source/spi_polling_b2b_transfer_master.o
                0x00000f20                AES_Sub_Byte
 .text.POWER_DisablePD
                0x00000f54       0x20 ./drivers/fsl_clock.o
 .text.CLOCK_AttachClk
                0x00000f74       0x94 ./drivers/fsl_clock.o
                0x00000f74                CLOCK_AttachClk
 .text.CLOCK_SetClkDiv
                0x00001008       0x5c ./drivers/fsl_clock.o
                0x00001008                CLOCK_SetClkDiv
 .text.CLOCK_SetupFROClocking
                0x00001064       0x94 ./drivers/fsl_clock.o
                0x00001064                CLOCK_SetupFROClocking
 .text.CLOCK_GetClockOutClkFreq
                0x000010f8       0x98 ./drivers/fsl_clock.o
                0x000010f8                CLOCK_GetClockOutClkFreq
 .text.CLOCK_GetAdcClkFreq
                0x00001190       0x78 ./drivers/fsl_clock.o
                0x00001190                CLOCK_GetAdcClkFreq
 .text.CLOCK_GetUsb0ClkFreq
                0x00001208       0x80 ./drivers/fsl_clock.o
                0x00001208                CLOCK_GetUsb0ClkFreq
 .text.CLOCK_GetUsb1ClkFreq
                0x00001288       0x2c ./drivers/fsl_clock.o
                0x00001288                CLOCK_GetUsb1ClkFreq
 .text.CLOCK_GetSctClkFreq
                0x000012b4       0x88 ./drivers/fsl_clock.o
                0x000012b4                CLOCK_GetSctClkFreq
 .text.CLOCK_GetSdioClkFreq
                0x0000133c       0x80 ./drivers/fsl_clock.o
                0x0000133c                CLOCK_GetSdioClkFreq
 .text.CLOCK_GetFro12MFreq
                0x000013bc       0x40 ./drivers/fsl_clock.o
                0x000013bc                CLOCK_GetFro12MFreq
 .text.CLOCK_GetFro1MFreq
                0x000013fc       0x28 ./drivers/fsl_clock.o
                0x000013fc                CLOCK_GetFro1MFreq
 .text.CLOCK_GetExtClkFreq
                0x00001424       0x2c ./drivers/fsl_clock.o
                0x00001424                CLOCK_GetExtClkFreq
 .text.CLOCK_GetFroHfFreq
                0x00001450       0x40 ./drivers/fsl_clock.o
                0x00001450                CLOCK_GetFroHfFreq
 .text.CLOCK_GetPll0OutFreq
                0x00001490       0x18 ./drivers/fsl_clock.o
                0x00001490                CLOCK_GetPll0OutFreq
 .text.CLOCK_GetPll1OutFreq
                0x000014a8       0x18 ./drivers/fsl_clock.o
                0x000014a8                CLOCK_GetPll1OutFreq
 .text.CLOCK_GetOsc32KFreq
                0x000014c0       0x3c ./drivers/fsl_clock.o
                0x000014c0                CLOCK_GetOsc32KFreq
 .text.CLOCK_GetCoreSysClkFreq
                0x000014fc       0xa4 ./drivers/fsl_clock.o
                0x000014fc                CLOCK_GetCoreSysClkFreq
 .text.CLOCK_GetI2SMClkFreq
                0x000015a0       0x18 ./drivers/fsl_clock.o
                0x000015a0                CLOCK_GetI2SMClkFreq
 .text.CLOCK_GetFlexCommInputClock
                0x000015b8       0xb4 ./drivers/fsl_clock.o
                0x000015b8                CLOCK_GetFlexCommInputClock
 .text.CLOCK_GetHsLspiClkFreq
                0x0000166c       0xa4 ./drivers/fsl_clock.o
                0x0000166c                CLOCK_GetHsLspiClkFreq
 .text.CLOCK_GetCTimerClkFreq
                0x00001710       0x88 ./drivers/fsl_clock.o
                0x00001710                CLOCK_GetCTimerClkFreq
 .text.CLOCK_GetSystickClkFreq
                0x00001798       0x8c ./drivers/fsl_clock.o
                0x00001798                CLOCK_GetSystickClkFreq
 .text.CLOCK_GetFreq
                0x00001824      0x1d8 ./drivers/fsl_clock.o
                0x00001824                CLOCK_GetFreq
 .text.FLEXCOMM_GetInstance
                0x000019fc       0x44 ./drivers/fsl_flexcomm.o
                0x000019fc                FLEXCOMM_GetInstance
 .text.FLEXCOMM_Init
                0x00001a40       0x5c ./drivers/fsl_flexcomm.o
                0x00001a40                FLEXCOMM_Init
 .text.FLEXCOMM0_DriverIRQHandler
                0x00001a9c       0x38 ./drivers/fsl_flexcomm.o
                0x00001a9c                FLEXCOMM0_DriverIRQHandler
 .text.FLEXCOMM1_DriverIRQHandler
                0x00001ad4       0x38 ./drivers/fsl_flexcomm.o
                0x00001ad4                FLEXCOMM1_DriverIRQHandler
 .text.FLEXCOMM2_DriverIRQHandler
                0x00001b0c       0x38 ./drivers/fsl_flexcomm.o
                0x00001b0c                FLEXCOMM2_DriverIRQHandler
 .text.FLEXCOMM3_DriverIRQHandler
                0x00001b44       0x38 ./drivers/fsl_flexcomm.o
                0x00001b44                FLEXCOMM3_DriverIRQHandler
 .text.FLEXCOMM4_DriverIRQHandler
                0x00001b7c       0x38 ./drivers/fsl_flexcomm.o
                0x00001b7c                FLEXCOMM4_DriverIRQHandler
 .text.FLEXCOMM5_DriverIRQHandler
                0x00001bb4       0x38 ./drivers/fsl_flexcomm.o
                0x00001bb4                FLEXCOMM5_DriverIRQHandler
 .text.FLEXCOMM6_DriverIRQHandler
                0x00001bec       0x38 ./drivers/fsl_flexcomm.o
                0x00001bec                FLEXCOMM6_DriverIRQHandler
 .text.FLEXCOMM7_DriverIRQHandler
                0x00001c24       0x38 ./drivers/fsl_flexcomm.o
                0x00001c24                FLEXCOMM7_DriverIRQHandler
 .text.GPIO_PortInit
                0x00001c5c       0x48 ./drivers/fsl_gpio.o
                0x00001c5c                GPIO_PortInit
 .text.RESET_SetPeripheralReset
                0x00001ca4       0x5c ./drivers/fsl_reset.o
                0x00001ca4                RESET_SetPeripheralReset
 .text.RESET_ClearPeripheralReset
                0x00001d00       0x5c ./drivers/fsl_reset.o
                0x00001d00                RESET_ClearPeripheralReset
 .text.SPI_SetTransferDelay
                0x00001d5c       0x60 ./drivers/fsl_spi.o
 .text.SPI_GetInstance
                0x00001dbc       0x44 ./drivers/fsl_spi.o
                0x00001dbc                SPI_GetInstance
 .text.SPI_SetDummyData
                0x00001e00       0x2c ./drivers/fsl_spi.o
                0x00001e00                SPI_SetDummyData
 .text.SPI_MasterGetDefaultConfig
                0x00001e2c       0x88 ./drivers/fsl_spi.o
                0x00001e2c                SPI_MasterGetDefaultConfig
 .text.SPI_MasterInit
                0x00001eb4      0x1b4 ./drivers/fsl_spi.o
                0x00001eb4                SPI_MasterInit
 .text.SPI_MasterSetBaud
                0x00002068       0x84 ./drivers/fsl_spi.o
                0x00002068                SPI_MasterSetBaud
 .text.SPI_MasterTransferBlocking
                0x000020ec      0x29c ./drivers/fsl_spi.o
                0x000020ec                SPI_MasterTransferBlocking
 .text.USART_Init
                0x00002388      0x14c ./drivers/fsl_usart.o
                0x00002388                USART_Init
 .text.USART_GetDefaultConfig
                0x000024d4       0x64 ./drivers/fsl_usart.o
                0x000024d4                USART_GetDefaultConfig
 .text.USART_SetBaudRate
                0x00002538       0xe4 ./drivers/fsl_usart.o
                0x00002538                USART_SetBaudRate
 .text.SystemInit
                0x0000261c       0x64 ./device/system_LPC55S69_cm33_core0.o
                0x0000261c                SystemInit
 .text.HAL_UartInit
                0x00002680      0x108 ./component/uart/usart_adapter.o
                0x00002680                HAL_UartInit
 .text.SerialManager_Init
                0x00002788       0x74 ./component/serial_manager/serial_manager.o
                0x00002788                SerialManager_Init
 .text.SerialManager_OpenWriteHandle
                0x000027fc       0x58 ./component/serial_manager/serial_manager.o
                0x000027fc                SerialManager_OpenWriteHandle
 .text.SerialManager_OpenReadHandle
                0x00002854       0x60 ./component/serial_manager/serial_manager.o
                0x00002854                SerialManager_OpenReadHandle
 .text.Serial_UartInit
                0x000028b4       0x80 ./component/serial_manager/serial_port_uart.o
                0x000028b4                Serial_UartInit
 .text.BOARD_InitDebugConsole
                0x00002934       0x38 ./board/board.o
                0x00002934                BOARD_InitDebugConsole
 .text.POWER_DisablePD
                0x0000296c       0x20 ./board/clock_config.o
 .text.BOARD_BootClockFROHF96M
                0x0000298c       0x58 ./board/clock_config.o
                0x0000298c                BOARD_BootClockFROHF96M
 .text.BOARD_InitPins
                0x000029e4      0x114 ./board/pin_mux.o
                0x000029e4                BOARD_InitPins
 .text.nio_set_system_voltage
                0x00002af8       0xc0 C:\Users\eduardoContreras\Documents\MCUXpressoIDE_10.3.1_2233\workspace\Reto_NXP\lpcxpresso55s69_spi_polling_b2b_transfer_master_spiPolling\libs\libpower_hardabi.a(fsl_power_lib.o)
                0x00002af8                nio_set_system_voltage
 .text.POWER_SetVoltageForFreq
                0x00002bb8       0x28 C:\Users\eduardoContreras\Documents\MCUXpressoIDE_10.3.1_2233\workspace\Reto_NXP\lpcxpresso55s69_spi_polling_b2b_transfer_master_spiPolling\libs\libpower_hardabi.a(fsl_power_lib.o)
                0x00002bb8                POWER_SetVoltageForFreq
 .text.__assertion_failed
                0x00002be0       0x4c c:/nxp/mcuxpressoide_10.3.1_2233/ide/plugins/com.nxp.mcuxpresso.tools.win32_10.3.0.201811011841/tools/bin/../lib/gcc/arm-none-eabi/7.3.1/../../../../arm-none-eabi/lib/thumb/v8-m.main/fpv5-sp/hard\libcr_semihost_nf.a(_cr_assert.o)
                0x00002be0                __assertion_failed
 .text.__sys_appexit
                0x00002c2c        0xc c:/nxp/mcuxpressoide_10.3.1_2233/ide/plugins/com.nxp.mcuxpresso.tools.win32_10.3.0.201811011841/tools/bin/../lib/gcc/arm-none-eabi/7.3.1/../../../../arm-none-eabi/lib/thumb/v8-m.main/fpv5-sp/hard\libcr_semihost_nf.a(__sys_appexit.o)
                0x00002c2c                __sys_appexit
                0x00002c2c                __exit
 .text._Cwritebuf
                0x00002c38       0x6c c:/nxp/mcuxpressoide_10.3.1_2233/ide/plugins/com.nxp.mcuxpresso.tools.win32_10.3.0.201811011841/tools/bin/../lib/gcc/arm-none-eabi/7.3.1/../../../../arm-none-eabi/lib/thumb/v8-m.main/fpv5-sp/hard\libcr_c.a(_writebuf.o)
                0x00002c38                _Cwritebuf
 .text.malloc   0x00002ca4       0xc8 c:/nxp/mcuxpressoide_10.3.1_2233/ide/plugins/com.nxp.mcuxpresso.tools.win32_10.3.0.201811011841/tools/bin/../lib/gcc/arm-none-eabi/7.3.1/../../../../arm-none-eabi/lib/thumb/v8-m.main/fpv5-sp/hard\libcr_c.a(alloc.o)
                0x00002ca4                malloc
 .text._Csys_alloc
                0x00002d6c       0x20 c:/nxp/mcuxpressoide_10.3.1_2233/ide/plugins/com.nxp.mcuxpresso.tools.win32_10.3.0.201811011841/tools/bin/../lib/gcc/arm-none-eabi/7.3.1/../../../../arm-none-eabi/lib/thumb/v8-m.main/fpv5-sp/hard\libcr_c.a(alloc.o)
                0x00002d6c                _Csys_alloc
 .text.fseek    0x00002d8c      0x100 c:/nxp/mcuxpressoide_10.3.1_2233/ide/plugins/com.nxp.mcuxpresso.tools.win32_10.3.0.201811011841/tools/bin/../lib/gcc/arm-none-eabi/7.3.1/../../../../arm-none-eabi/lib/thumb/v8-m.main/fpv5-sp/hard\libcr_c.a(fseek.o)
                0x00002d8c                fseek
 .text.ftell    0x00002e8c       0x44 c:/nxp/mcuxpressoide_10.3.1_2233/ide/plugins/com.nxp.mcuxpresso.tools.win32_10.3.0.201811011841/tools/bin/../lib/gcc/arm-none-eabi/7.3.1/../../../../arm-none-eabi/lib/thumb/v8-m.main/fpv5-sp/hard\libcr_c.a(ftell.o)
                0x00002e8c                ftell
 .text._initio  0x00002ed0       0x78 c:/nxp/mcuxpressoide_10.3.1_2233/ide/plugins/com.nxp.mcuxpresso.tools.win32_10.3.0.201811011841/tools/bin/../lib/gcc/arm-none-eabi/7.3.1/../../../../arm-none-eabi/lib/thumb/v8-m.main/fpv5-sp/hard\libcr_c.a(initio.o)
                0x00002ed0                _initio
 .text.__vfprintf
                0x00002f48      0xb8c c:/nxp/mcuxpressoide_10.3.1_2233/ide/plugins/com.nxp.mcuxpresso.tools.win32_10.3.0.201811011841/tools/bin/../lib/gcc/arm-none-eabi/7.3.1/../../../../arm-none-eabi/lib/thumb/v8-m.main/fpv5-sp/hard\libcr_c.a(printf.o)
                0x00002f48                __vfprintf
 .text._vsnprintf
                0x00003ad4       0x68 c:/nxp/mcuxpressoide_10.3.1_2233/ide/plugins/com.nxp.mcuxpresso.tools.win32_10.3.0.201811011841/tools/bin/../lib/gcc/arm-none-eabi/7.3.1/../../../../arm-none-eabi/lib/thumb/v8-m.main/fpv5-sp/hard\libcr_c.a(printf.o)
                0x00003ad4                _vsnprintf
 .text._printf  0x00003b3c       0x54 c:/nxp/mcuxpressoide_10.3.1_2233/ide/plugins/com.nxp.mcuxpresso.tools.win32_10.3.0.201811011841/tools/bin/../lib/gcc/arm-none-eabi/7.3.1/../../../../arm-none-eabi/lib/thumb/v8-m.main/fpv5-sp/hard\libcr_c.a(printf.o)
                0x00003b3c                _printf
 .text.setvbuf  0x00003b90       0x40 c:/nxp/mcuxpressoide_10.3.1_2233/ide/plugins/com.nxp.mcuxpresso.tools.win32_10.3.0.201811011841/tools/bin/../lib/gcc/arm-none-eabi/7.3.1/../../../../arm-none-eabi/lib/thumb/v8-m.main/fpv5-sp/hard\libcr_c.a(setvbuf.o)
                0x00003b90                setvbuf
 .text._sbrk    0x00003bd0       0x3c c:/nxp/mcuxpressoide_10.3.1_2233/ide/plugins/com.nxp.mcuxpresso.tools.win32_10.3.0.201811011841/tools/bin/../lib/gcc/arm-none-eabi/7.3.1/../../../../arm-none-eabi/lib/thumb/v8-m.main/fpv5-sp/hard\libcr_c.a(_cr_sbrk.o)
                0x00003bd0                _sbrk
 .text.fflush   0x00003c0c       0x44 c:/nxp/mcuxpressoide_10.3.1_2233/ide/plugins/com.nxp.mcuxpresso.tools.win32_10.3.0.201811011841/tools/bin/../lib/gcc/arm-none-eabi/7.3.1/../../../../arm-none-eabi/lib/thumb/v8-m.main/fpv5-sp/hard\libcr_c.a(fflush.o)
                0x00003c0c                fflush
 .text.__check_heap_overflow
                0x00003c50       0x18 c:/nxp/mcuxpressoide_10.3.1_2233/ide/plugins/com.nxp.mcuxpresso.tools.win32_10.3.0.201811011841/tools/bin/../lib/gcc/arm-none-eabi/7.3.1/../../../../arm-none-eabi/lib/thumb/v8-m.main/fpv5-sp/hard\libcr_c.a(_cr_check_heap.o)
                0x00003c50                __check_heap_overflow
 .text.__aeabi_dmul
                0x00003c68      0x11c c:/nxp/mcuxpressoide_10.3.1_2233/ide/plugins/com.nxp.mcuxpresso.tools.win32_10.3.0.201811011841/tools/bin/../lib/gcc/arm-none-eabi/7.3.1/thumb/v8-m.main/fpv5-sp/hard\libcr_eabihelpers.a(double.o)
                0x00003c68                __aeabi_dmul
 .text.__aeabi_d2f
                0x00003d84       0x54 c:/nxp/mcuxpressoide_10.3.1_2233/ide/plugins/com.nxp.mcuxpresso.tools.win32_10.3.0.201811011841/tools/bin/../lib/gcc/arm-none-eabi/7.3.1/thumb/v8-m.main/fpv5-sp/hard\libcr_eabihelpers.a(double.o)
                0x00003d84                __aeabi_d2f
 .text.__aeabi_f2d
                0x00003dd8       0x38 c:/nxp/mcuxpressoide_10.3.1_2233/ide/plugins/com.nxp.mcuxpresso.tools.win32_10.3.0.201811011841/tools/bin/../lib/gcc/arm-none-eabi/7.3.1/thumb/v8-m.main/fpv5-sp/hard\libcr_eabihelpers.a(float.o)
                0x00003dd8                __aeabi_f2d
 .text.WDT_BOD_IRQHandler
                0x00003e10        0x8 ./startup/startup_lpc55s69_cm33_core0.o
                0x00003e10                WDT_BOD_IRQHandler
 .text.DMA0_IRQHandler
                0x00003e18        0x8 ./startup/startup_lpc55s69_cm33_core0.o
                0x00003e18                DMA0_IRQHandler
 .text.GINT0_IRQHandler
                0x00003e20        0x8 ./startup/startup_lpc55s69_cm33_core0.o
                0x00003e20                GINT0_IRQHandler
 .text.GINT1_IRQHandler
                0x00003e28        0x8 ./startup/startup_lpc55s69_cm33_core0.o
                0x00003e28                GINT1_IRQHandler
 .text.PIN_INT0_IRQHandler
                0x00003e30        0x8 ./startup/startup_lpc55s69_cm33_core0.o
                0x00003e30                PIN_INT0_IRQHandler
 .text.PIN_INT1_IRQHandler
                0x00003e38        0x8 ./startup/startup_lpc55s69_cm33_core0.o
                0x00003e38                PIN_INT1_IRQHandler
 .text.PIN_INT2_IRQHandler
                0x00003e40        0x8 ./startup/startup_lpc55s69_cm33_core0.o
                0x00003e40                PIN_INT2_IRQHandler
 .text.PIN_INT3_IRQHandler
                0x00003e48        0x8 ./startup/startup_lpc55s69_cm33_core0.o
                0x00003e48                PIN_INT3_IRQHandler
 .text.UTICK0_IRQHandler
                0x00003e50        0x8 ./startup/startup_lpc55s69_cm33_core0.o
                0x00003e50                UTICK0_IRQHandler
 .text.MRT0_IRQHandler
                0x00003e58        0x8 ./startup/startup_lpc55s69_cm33_core0.o
                0x00003e58                MRT0_IRQHandler
 .text.CTIMER0_IRQHandler
                0x00003e60        0x8 ./startup/startup_lpc55s69_cm33_core0.o
                0x00003e60                CTIMER0_IRQHandler
 .text.CTIMER1_IRQHandler
                0x00003e68        0x8 ./startup/startup_lpc55s69_cm33_core0.o
                0x00003e68                CTIMER1_IRQHandler
 .text.SCT0_IRQHandler
                0x00003e70        0x8 ./startup/startup_lpc55s69_cm33_core0.o
                0x00003e70                SCT0_IRQHandler
 .text.CTIMER3_IRQHandler
                0x00003e78        0x8 ./startup/startup_lpc55s69_cm33_core0.o
                0x00003e78                CTIMER3_IRQHandler
 .text.FLEXCOMM0_IRQHandler
                0x00003e80        0x8 ./startup/startup_lpc55s69_cm33_core0.o
                0x00003e80                FLEXCOMM0_IRQHandler
 .text.FLEXCOMM1_IRQHandler
                0x00003e88        0x8 ./startup/startup_lpc55s69_cm33_core0.o
                0x00003e88                FLEXCOMM1_IRQHandler
 .text.FLEXCOMM2_IRQHandler
                0x00003e90        0x8 ./startup/startup_lpc55s69_cm33_core0.o
                0x00003e90                FLEXCOMM2_IRQHandler
 .text.FLEXCOMM3_IRQHandler
                0x00003e98        0x8 ./startup/startup_lpc55s69_cm33_core0.o
                0x00003e98                FLEXCOMM3_IRQHandler
 .text.FLEXCOMM4_IRQHandler
                0x00003ea0        0x8 ./startup/startup_lpc55s69_cm33_core0.o
                0x00003ea0                FLEXCOMM4_IRQHandler
 .text.FLEXCOMM5_IRQHandler
                0x00003ea8        0x8 ./startup/startup_lpc55s69_cm33_core0.o
                0x00003ea8                FLEXCOMM5_IRQHandler
 .text.FLEXCOMM6_IRQHandler
                0x00003eb0        0x8 ./startup/startup_lpc55s69_cm33_core0.o
                0x00003eb0                FLEXCOMM6_IRQHandler
 .text.FLEXCOMM7_IRQHandler
                0x00003eb8        0x8 ./startup/startup_lpc55s69_cm33_core0.o
                0x00003eb8                FLEXCOMM7_IRQHandler
 .text.ADC0_IRQHandler
                0x00003ec0        0x8 ./startup/startup_lpc55s69_cm33_core0.o
                0x00003ec0                ADC0_IRQHandler
 .text.Reserved39_IRQHandler
                0x00003ec8        0x8 ./startup/startup_lpc55s69_cm33_core0.o
                0x00003ec8                Reserved39_IRQHandler
 .text.ACMP_IRQHandler
                0x00003ed0        0x8 ./startup/startup_lpc55s69_cm33_core0.o
                0x00003ed0                ACMP_IRQHandler
 .text.Reserved41_IRQHandler
                0x00003ed8        0x8 ./startup/startup_lpc55s69_cm33_core0.o
                0x00003ed8                Reserved41_IRQHandler
 .text.Reserved42_IRQHandler
                0x00003ee0        0x8 ./startup/startup_lpc55s69_cm33_core0.o
                0x00003ee0                Reserved42_IRQHandler
 .text.USB0_NEEDCLK_IRQHandler
                0x00003ee8        0x8 ./startup/startup_lpc55s69_cm33_core0.o
                0x00003ee8                USB0_NEEDCLK_IRQHandler
 .text.USB0_IRQHandler
                0x00003ef0        0x8 ./startup/startup_lpc55s69_cm33_core0.o
                0x00003ef0                USB0_IRQHandler
 .text.RTC_IRQHandler
                0x00003ef8        0x8 ./startup/startup_lpc55s69_cm33_core0.o
                0x00003ef8                RTC_IRQHandler
 .text.Reserved46_IRQHandler
                0x00003f00        0x8 ./startup/startup_lpc55s69_cm33_core0.o
                0x00003f00                Reserved46_IRQHandler
 .text.MAILBOX_IRQHandler
                0x00003f08        0x8 ./startup/startup_lpc55s69_cm33_core0.o
                0x00003f08                MAILBOX_IRQHandler
 .text.PIN_INT4_IRQHandler
                0x00003f10        0x8 ./startup/startup_lpc55s69_cm33_core0.o
                0x00003f10                PIN_INT4_IRQHandler
 .text.PIN_INT5_IRQHandler
                0x00003f18        0x8 ./startup/startup_lpc55s69_cm33_core0.o
                0x00003f18                PIN_INT5_IRQHandler
 .text.PIN_INT6_IRQHandler
                0x00003f20        0x8 ./startup/startup_lpc55s69_cm33_core0.o
                0x00003f20                PIN_INT6_IRQHandler
 .text.PIN_INT7_IRQHandler
                0x00003f28        0x8 ./startup/startup_lpc55s69_cm33_core0.o
                0x00003f28                PIN_INT7_IRQHandler
 .text.CTIMER2_IRQHandler
                0x00003f30        0x8 ./startup/startup_lpc55s69_cm33_core0.o
                0x00003f30                CTIMER2_IRQHandler
 .text.CTIMER4_IRQHandler
                0x00003f38        0x8 ./startup/startup_lpc55s69_cm33_core0.o
                0x00003f38                CTIMER4_IRQHandler
 .text.OS_EVENT_IRQHandler
                0x00003f40        0x8 ./startup/startup_lpc55s69_cm33_core0.o
                0x00003f40                OS_EVENT_IRQHandler
 .text.Reserved55_IRQHandler
                0x00003f48        0x8 ./startup/startup_lpc55s69_cm33_core0.o
                0x00003f48                Reserved55_IRQHandler
 .text.Reserved56_IRQHandler
                0x00003f50        0x8 ./startup/startup_lpc55s69_cm33_core0.o
                0x00003f50                Reserved56_IRQHandler
 .text.Reserved57_IRQHandler
                0x00003f58        0x8 ./startup/startup_lpc55s69_cm33_core0.o
                0x00003f58                Reserved57_IRQHandler
 .text.SDIO_IRQHandler
                0x00003f60        0x8 ./startup/startup_lpc55s69_cm33_core0.o
                0x00003f60                SDIO_IRQHandler
 .text.Reserved59_IRQHandler
                0x00003f68        0x8 ./startup/startup_lpc55s69_cm33_core0.o
                0x00003f68                Reserved59_IRQHandler
 .text.Reserved60_IRQHandler
                0x00003f70        0x8 ./startup/startup_lpc55s69_cm33_core0.o
                0x00003f70                Reserved60_IRQHandler
 .text.Reserved61_IRQHandler
                0x00003f78        0x8 ./startup/startup_lpc55s69_cm33_core0.o
                0x00003f78                Reserved61_IRQHandler
 .text.USB1_UTMI_IRQHandler
                0x00003f80        0x8 ./startup/startup_lpc55s69_cm33_core0.o
                0x00003f80                USB1_UTMI_IRQHandler
 .text.USB1_IRQHandler
                0x00003f88        0x8 ./startup/startup_lpc55s69_cm33_core0.o
                0x00003f88                USB1_IRQHandler
 .text.USB1_NEEDCLK_IRQHandler
                0x00003f90        0x8 ./startup/startup_lpc55s69_cm33_core0.o
                0x00003f90                USB1_NEEDCLK_IRQHandler
 .text.SEC_HYPERVISOR_CALL_IRQHandler
                0x00003f98        0x8 ./startup/startup_lpc55s69_cm33_core0.o
                0x00003f98                SEC_HYPERVISOR_CALL_IRQHandler
 .text.SEC_GPIO_INT0_IRQ0_IRQHandler
                0x00003fa0        0x8 ./startup/startup_lpc55s69_cm33_core0.o
                0x00003fa0                SEC_GPIO_INT0_IRQ0_IRQHandler
 .text.SEC_GPIO_INT0_IRQ1_IRQHandler
                0x00003fa8        0x8 ./startup/startup_lpc55s69_cm33_core0.o
                0x00003fa8                SEC_GPIO_INT0_IRQ1_IRQHandler
 .text.PLU_IRQHandler
                0x00003fb0        0x8 ./startup/startup_lpc55s69_cm33_core0.o
                0x00003fb0                PLU_IRQHandler
 .text.SEC_VIO_IRQHandler
                0x00003fb8        0x8 ./startup/startup_lpc55s69_cm33_core0.o
                0x00003fb8                SEC_VIO_IRQHandler
 .text.HASHCRYPT_IRQHandler
                0x00003fc0        0x8 ./startup/startup_lpc55s69_cm33_core0.o
                0x00003fc0                HASHCRYPT_IRQHandler
 .text.CASER_IRQHandler
                0x00003fc8        0x8 ./startup/startup_lpc55s69_cm33_core0.o
                0x00003fc8                CASER_IRQHandler
 .text.PUF_IRQHandler
                0x00003fd0        0x8 ./startup/startup_lpc55s69_cm33_core0.o
                0x00003fd0                PUF_IRQHandler
 .text.PQ_IRQHandler
                0x00003fd8        0x8 ./startup/startup_lpc55s69_cm33_core0.o
                0x00003fd8                PQ_IRQHandler
 .text.DMA1_IRQHandler
                0x00003fe0        0x8 ./startup/startup_lpc55s69_cm33_core0.o
                0x00003fe0                DMA1_IRQHandler
 .text.LSPI_HS_IRQHandler
                0x00003fe8        0x8 ./startup/startup_lpc55s69_cm33_core0.o
                0x00003fe8                LSPI_HS_IRQHandler
 .text.HardFault_Handler
                0x00003ff0       0x2c ./source/semihost_hardfault.o
                0x00003ff0                HardFault_Handler
 .text.GPIO_PinWrite
                0x0000401c       0x2a ./source/spi_polling_b2b_transfer_master.o
 .text.GPIO_PinRead
                0x00004046       0x28 ./source/spi_polling_b2b_transfer_master.o
 .text.Shift_Left
                0x0000406e       0x6a ./source/spi_polling_b2b_transfer_master.o
                0x0000406e                Shift_Left
 .text.XOR      0x000040d8       0x44 ./source/spi_polling_b2b_transfer_master.o
                0x000040d8                XOR
 .text.AES_Encrypt
                0x0000411c      0x240 ./source/spi_polling_b2b_transfer_master.o
                0x0000411c                AES_Encrypt
 .text.AES_Add_Round_Key
                0x0000435c       0x66 ./source/spi_polling_b2b_transfer_master.o
                0x0000435c                AES_Add_Round_Key
 .text.AES_Shift_Rows
                0x000043c2       0xbe ./source/spi_polling_b2b_transfer_master.o
                0x000043c2                AES_Shift_Rows
 .text.AES_Mix_Collums
                0x00004480      0x128 ./source/spi_polling_b2b_transfer_master.o
                0x00004480                AES_Mix_Collums
 .text.AES_Calculate_Round_Key
                0x000045a8       0xfc ./source/spi_polling_b2b_transfer_master.o
                0x000045a8                AES_Calculate_Round_Key
 .text.CLOCK_GetMclkClkFreq
                0x000046a4       0x50 ./drivers/fsl_clock.o
                0x000046a4                CLOCK_GetMclkClkFreq
 .text.CLOCK_GetWdtClkFreq
                0x000046f4       0x20 ./drivers/fsl_clock.o
                0x000046f4                CLOCK_GetWdtClkFreq
 .text.CLOCK_GetFlexCommClkFreq
                0x00004714       0x48 ./drivers/fsl_clock.o
                0x00004714                CLOCK_GetFlexCommClkFreq
 .text.CLOCK_EnableClock
                0x0000475c       0x30 ./drivers/fsl_flexcomm.o
 .text.FLEXCOMM_PeripheralIsPresent
                0x0000478c       0x64 ./drivers/fsl_flexcomm.o
 .text.FLEXCOMM_SetPeriph
                0x000047f0       0x74 ./drivers/fsl_flexcomm.o
 .text.CLOCK_EnableClock
                0x00004864       0x30 ./drivers/fsl_gpio.o
 .text.GPIO_PinInit
                0x00004894       0xa0 ./drivers/fsl_gpio.o
                0x00004894                GPIO_PinInit
 .text.RESET_PeripheralReset
                0x00004934       0x1c ./drivers/fsl_reset.o
                0x00004934                RESET_PeripheralReset
 .text.SPI_Enable
                0x00004950       0x40 ./drivers/fsl_spi.o
 .text.SystemInitHook
                0x00004990        0xe ./device/system_LPC55S69_cm33_core0.o
                0x00004990                SystemInitHook
 .text.HAL_UartGetStatus
                0x0000499e       0x22 ./component/uart/usart_adapter.o
 .text.CLOCK_EnableClock
                0x000049c0       0x30 ./board/pin_mux.o
 .text.IOCON_PinMuxSet
                0x000049f0       0x2e ./board/pin_mux.o
 .text.__main   0x00004a1e        0xe c:/nxp/mcuxpressoide_10.3.1_2233/ide/plugins/com.nxp.mcuxpresso.tools.win32_10.3.0.201811011841/tools/bin/../lib/gcc/arm-none-eabi/7.3.1/../../../../arm-none-eabi/lib/thumb/v8-m.main/fpv5-sp/hard\libcr_semihost_nf.a(_cr__main.o)
                0x00004a1e                __CR_SEMIHOST
                0x00004a1e                __main
 .text.memcpy   0x00004a2c        0x4 c:/nxp/mcuxpressoide_10.3.1_2233/ide/plugins/com.nxp.mcuxpresso.tools.win32_10.3.0.201811011841/tools/bin/../lib/gcc/arm-none-eabi/7.3.1/../../../../arm-none-eabi/lib/thumb/v8-m.main/fpv5-sp/hard\libcr_c.a(memcpy.o)
                0x00004a2c                memcpy
 .text.memset   0x00004a30        0x4 c:/nxp/mcuxpressoide_10.3.1_2233/ide/plugins/com.nxp.mcuxpresso.tools.win32_10.3.0.201811011841/tools/bin/../lib/gcc/arm-none-eabi/7.3.1/../../../../arm-none-eabi/lib/thumb/v8-m.main/fpv5-sp/hard\libcr_c.a(memset.o)
                0x00004a30                memset
 .text._deferredlazyseek
                0x00004a34       0x40 c:/nxp/mcuxpressoide_10.3.1_2233/ide/plugins/com.nxp.mcuxpresso.tools.win32_10.3.0.201811011841/tools/bin/../lib/gcc/arm-none-eabi/7.3.1/../../../../arm-none-eabi/lib/thumb/v8-m.main/fpv5-sp/hard\libcr_c.a(_deferredlazyseek.o)
                0x00004a34                _deferredlazyseek
 .text.__flsbuf
                0x00004a74      0x140 c:/nxp/mcuxpressoide_10.3.1_2233/ide/plugins/com.nxp.mcuxpresso.tools.win32_10.3.0.201811011841/tools/bin/../lib/gcc/arm-none-eabi/7.3.1/../../../../arm-none-eabi/lib/thumb/v8-m.main/fpv5-sp/hard\libcr_c.a(_deferredlazyseek.o)
                0x00004a74                __flsbuf
 .text._fflush  0x00004bb4       0x52 c:/nxp/mcuxpressoide_10.3.1_2233/ide/plugins/com.nxp.mcuxpresso.tools.win32_10.3.0.201811011841/tools/bin/../lib/gcc/arm-none-eabi/7.3.1/../../../../arm-none-eabi/lib/thumb/v8-m.main/fpv5-sp/hard\libcr_c.a(_fflush.o)
                0x00004bb4                _fflush
 .text.free     0x00004c06       0x30 c:/nxp/mcuxpressoide_10.3.1_2233/ide/plugins/com.nxp.mcuxpresso.tools.win32_10.3.0.201811011841/tools/bin/../lib/gcc/arm-none-eabi/7.3.1/../../../../arm-none-eabi/lib/thumb/v8-m.main/fpv5-sp/hard\libcr_c.a(alloc.o)
                0x00004c06                free
 .text.fputs    0x00004c36       0x2c c:/nxp/mcuxpressoide_10.3.1_2233/ide/plugins/com.nxp.mcuxpresso.tools.win32_10.3.0.201811011841/tools/bin/../lib/gcc/arm-none-eabi/7.3.1/../../../../arm-none-eabi/lib/thumb/v8-m.main/fpv5-sp/hard\libcr_c.a(fputs.o)
                0x00004c36                fputs
 .text.no_fp_display
                0x00004c62        0x4 c:/nxp/mcuxpressoide_10.3.1_2233/ide/plugins/com.nxp.mcuxpresso.tools.win32_10.3.0.201811011841/tools/bin/../lib/gcc/arm-none-eabi/7.3.1/../../../../arm-none-eabi/lib/thumb/v8-m.main/fpv5-sp/hard\libcr_c.a(printf.o)
 .text.strlen   0x00004c66       0x4a c:/nxp/mcuxpressoide_10.3.1_2233/ide/plugins/com.nxp.mcuxpresso.tools.win32_10.3.0.201811011841/tools/bin/../lib/gcc/arm-none-eabi/7.3.1/../../../../arm-none-eabi/lib/thumb/v8-m.main/fpv5-sp/hard\libcr_c.a(strlen.o)
                0x00004c66                strlen
 .text._fdopen  0x00004cb0       0x68 c:/nxp/mcuxpressoide_10.3.1_2233/ide/plugins/com.nxp.mcuxpresso.tools.win32_10.3.0.201811011841/tools/bin/../lib/gcc/arm-none-eabi/7.3.1/../../../../arm-none-eabi/lib/thumb/v8-m.main/fpv5-sp/hard\libcr_c.a(_fdopen.o)
                0x00004cb0                _fdopen
 .text.fclose   0x00004d18       0x58 c:/nxp/mcuxpressoide_10.3.1_2233/ide/plugins/com.nxp.mcuxpresso.tools.win32_10.3.0.201811011841/tools/bin/../lib/gcc/arm-none-eabi/7.3.1/../../../../arm-none-eabi/lib/thumb/v8-m.main/fpv5-sp/hard\libcr_c.a(fclose.o)
                0x00004d18                fclose
 .text.remove   0x00004d70       0x14 c:/nxp/mcuxpressoide_10.3.1_2233/ide/plugins/com.nxp.mcuxpresso.tools.win32_10.3.0.201811011841/tools/bin/../lib/gcc/arm-none-eabi/7.3.1/../../../../arm-none-eabi/lib/thumb/v8-m.main/fpv5-sp/hard\libcr_c.a(remove.o)
                0x00004d70                remove
 .text._do_fflush
                0x00004d84       0x40 c:/nxp/mcuxpressoide_10.3.1_2233/ide/plugins/com.nxp.mcuxpresso.tools.win32_10.3.0.201811011841/tools/bin/../lib/gcc/arm-none-eabi/7.3.1/../../../../arm-none-eabi/lib/thumb/v8-m.main/fpv5-sp/hard\libcr_c.a(_do_fflush.o)
                0x00004d84                _do_fflush
 .text.__aeabi_memcpy
                0x00004dc4       0x34 c:/nxp/mcuxpressoide_10.3.1_2233/ide/plugins/com.nxp.mcuxpresso.tools.win32_10.3.0.201811011841/tools/bin/../lib/gcc/arm-none-eabi/7.3.1/thumb/v8-m.main/fpv5-sp/hard\libcr_eabihelpers.a(memcpy.o)
                0x00004dc4                __aeabi_memcpy
                0x00004dce                __aeabi_memcpy8
                0x00004dce                __aeabi_memcpy4
 .text.__aeabi_memset_lowlevel
                0x00004df8       0x32 c:/nxp/mcuxpressoide_10.3.1_2233/ide/plugins/com.nxp.mcuxpresso.tools.win32_10.3.0.201811011841/tools/bin/../lib/gcc/arm-none-eabi/7.3.1/thumb/v8-m.main/fpv5-sp/hard\libcr_eabihelpers.a(memcpy.o)
                0x00004df8                __aeabi_lowlevel_memset
 .text.__sys_close
                0x00004e2a        0xc c:/nxp/mcuxpressoide_10.3.1_2233/ide/plugins/com.nxp.mcuxpresso.tools.win32_10.3.0.201811011841/tools/bin/../lib/gcc/arm-none-eabi/7.3.1/../../../../arm-none-eabi/lib/thumb/v8-m.main/fpv5-sp/hard\libcr_semihost_nf.a(__sys_close.o)
                0x00004e2a                __sys_close
 .text.__sys_flen
                0x00004e36        0xc c:/nxp/mcuxpressoide_10.3.1_2233/ide/plugins/com.nxp.mcuxpresso.tools.win32_10.3.0.201811011841/tools/bin/../lib/gcc/arm-none-eabi/7.3.1/../../../../arm-none-eabi/lib/thumb/v8-m.main/fpv5-sp/hard\libcr_semihost_nf.a(__sys_flen.o)
                0x00004e36                __sys_flen
 .text.__sys_istty
                0x00004e42        0xc c:/nxp/mcuxpressoide_10.3.1_2233/ide/plugins/com.nxp.mcuxpresso.tools.win32_10.3.0.201811011841/tools/bin/../lib/gcc/arm-none-eabi/7.3.1/../../../../arm-none-eabi/lib/thumb/v8-m.main/fpv5-sp/hard\libcr_semihost_nf.a(__sys_istty.o)
                0x00004e42                __sys_istty
 .text.__sys_remove
                0x00004e4e        0xc c:/nxp/mcuxpressoide_10.3.1_2233/ide/plugins/com.nxp.mcuxpresso.tools.win32_10.3.0.201811011841/tools/bin/../lib/gcc/arm-none-eabi/7.3.1/../../../../arm-none-eabi/lib/thumb/v8-m.main/fpv5-sp/hard\libcr_semihost_nf.a(__sys_remove.o)
                0x00004e4e                __sys_remove
 .text.__sys_seek
                0x00004e5a        0xc c:/nxp/mcuxpressoide_10.3.1_2233/ide/plugins/com.nxp.mcuxpresso.tools.win32_10.3.0.201811011841/tools/bin/../lib/gcc/arm-none-eabi/7.3.1/../../../../arm-none-eabi/lib/thumb/v8-m.main/fpv5-sp/hard\libcr_semihost_nf.a(__sys_seek.o)
                0x00004e5a                __sys_seek
 .text.__sys_tmpnam
                0x00004e66        0xc c:/nxp/mcuxpressoide_10.3.1_2233/ide/plugins/com.nxp.mcuxpresso.tools.win32_10.3.0.201811011841/tools/bin/../lib/gcc/arm-none-eabi/7.3.1/../../../../arm-none-eabi/lib/thumb/v8-m.main/fpv5-sp/hard\libcr_semihost_nf.a(__sys_tmpnam.o)
                0x00004e66                __sys_tmpnam
 .text.__sys_write
                0x00004e72        0xc c:/nxp/mcuxpressoide_10.3.1_2233/ide/plugins/com.nxp.mcuxpresso.tools.win32_10.3.0.201811011841/tools/bin/../lib/gcc/arm-none-eabi/7.3.1/../../../../arm-none-eabi/lib/thumb/v8-m.main/fpv5-sp/hard\libcr_semihost_nf.a(__sys_write.o)
                0x00004e72                __sys_write
 *(SORT_BY_ALIGNMENT(.rodata) SORT_BY_ALIGNMENT(.rodata.*) SORT_BY_ALIGNMENT(.constdata) SORT_BY_ALIGNMENT(.constdata.*))
 *fill*         0x00004e7e        0x2 ff
 .rodata        0x00004e80      0x1b7 ./utilities/fsl_debug_console.o
 *fill*         0x00005037        0x1 ff
 .rodata        0x00005038       0xa2 ./source/spi_polling_b2b_transfer_master.o
 *fill*         0x000050da        0x2 ff
 .rodata.s_flexcommBaseAddrs
                0x000050dc       0x24 ./drivers/fsl_flexcomm.o
 .rodata.s_flexcommClocks
                0x00005100       0x12 ./drivers/fsl_flexcomm.o
 *fill*         0x00005112        0x2 ff
 .rodata.s_flexcommResets
                0x00005114       0x24 ./drivers/fsl_flexcomm.o
 .rodata        0x00005138      0x220 ./drivers/fsl_flexcomm.o
 .rodata.s_gpioClockName
                0x00005358        0xc ./drivers/fsl_gpio.o
 .rodata.s_gpioResets
                0x00005364       0x18 ./drivers/fsl_gpio.o
 .rodata        0x0000537c       0x3e ./drivers/fsl_gpio.o
 *fill*         0x000053ba        0x2 ff
 .rodata        0x000053bc       0x55 ./drivers/fsl_reset.o
 *fill*         0x00005411        0x3 ff
 .rodata        0x00005414      0x6ee ./drivers/fsl_spi.o
 *fill*         0x00005b02        0x2 ff
 .rodata.s_spiBaseAddrs
                0x00005b04       0x24 ./drivers/fsl_spi.o
 .rodata        0x00005b28      0x5d0 ./drivers/fsl_usart.o
 .rodata.s_UsartAdapterBase
                0x000060f8       0x20 ./component/uart/usart_adapter.o
 .rodata        0x00006118      0x26f ./component/uart/usart_adapter.o
 *fill*         0x00006387        0x1 ff
 .rodata        0x00006388      0x521 ./component/serial_manager/serial_manager.o
 *fill*         0x000068a9        0x3 ff
 .rodata        0x000068ac      0x244 ./component/serial_manager/serial_port_uart.o
 .rodata.__num_Ciob_streams
                0x00006af0        0x4 c:/nxp/mcuxpressoide_10.3.1_2233/ide/plugins/com.nxp.mcuxpresso.tools.win32_10.3.0.201811011841/tools/bin/../lib/gcc/arm-none-eabi/7.3.1/../../../../arm-none-eabi/lib/thumb/v8-m.main/fpv5-sp/hard\libcr_semihost_nf.a(__ciob.o)
                0x00006af0                __num_Ciob_streams
 .rodata.__assertion_failed.str1.1
                0x00006af4       0x15 c:/nxp/mcuxpressoide_10.3.1_2233/ide/plugins/com.nxp.mcuxpresso.tools.win32_10.3.0.201811011841/tools/bin/../lib/gcc/arm-none-eabi/7.3.1/../../../../arm-none-eabi/lib/thumb/v8-m.main/fpv5-sp/hard\libcr_semihost_nf.a(_cr_assert.o)
 .rodata._Csys_alloc.str1.1
                0x00006b09       0x18 c:/nxp/mcuxpressoide_10.3.1_2233/ide/plugins/com.nxp.mcuxpresso.tools.win32_10.3.0.201811011841/tools/bin/../lib/gcc/arm-none-eabi/7.3.1/../../../../arm-none-eabi/lib/thumb/v8-m.main/fpv5-sp/hard\libcr_c.a(alloc.o)
 .rodata._initio.str1.1
                0x00006b21        0x4 c:/nxp/mcuxpressoide_10.3.1_2233/ide/plugins/com.nxp.mcuxpresso.tools.win32_10.3.0.201811011841/tools/bin/../lib/gcc/arm-none-eabi/7.3.1/../../../../arm-none-eabi/lib/thumb/v8-m.main/fpv5-sp/hard\libcr_c.a(initio.o)
 .rodata.__vfprintf.str1.1
                0x00006b25       0x35 c:/nxp/mcuxpressoide_10.3.1_2233/ide/plugins/com.nxp.mcuxpresso.tools.win32_10.3.0.201811011841/tools/bin/../lib/gcc/arm-none-eabi/7.3.1/../../../../arm-none-eabi/lib/thumb/v8-m.main/fpv5-sp/hard\libcr_c.a(printf.o)
                                 0x38 (size before relaxing)
                0x00006b5c                . = ALIGN (0x4)
 *fill*         0x00006b5a        0x2 ff

.glue_7         0x00006b5c        0x0
 .glue_7        0x00006b5c        0x0 linker stubs

.glue_7t        0x00006b5c        0x0
 .glue_7t       0x00006b5c        0x0 linker stubs

.vfp11_veneer   0x00006b5c        0x0
 .vfp11_veneer  0x00006b5c        0x0 linker stubs

.v4_bx          0x00006b5c        0x0
 .v4_bx         0x00006b5c        0x0 linker stubs

.iplt           0x00006b5c        0x0
 .iplt          0x00006b5c        0x0 ./utilities/fsl_debug_console.o

.rel.dyn        0x00006b5c        0x0
 .rel.iplt      0x00006b5c        0x0 ./utilities/fsl_debug_console.o

.ARM.extab
 *(SORT_BY_ALIGNMENT(.ARM.extab*) SORT_BY_ALIGNMENT(.gnu.linkonce.armextab.*))
                0x00006b5c                __exidx_start = .

.ARM.exidx
 *(SORT_BY_ALIGNMENT(.ARM.exidx*) SORT_BY_ALIGNMENT(.gnu.linkonce.armexidx.*))
                0x00006b5c                __exidx_end = .
                0x00006b5c                _etext = .

.m_usb_data
 *(SORT_BY_ALIGNMENT(m_usb_global))

.data_RAM2      0x04000000        0x0 load address 0x00006b5c
 FILL mask 0xff
                [!provide]                PROVIDE (__start_data_RAM2 = .)
 *(SORT_BY_ALIGNMENT(.ramfunc.$RAM2))
 *(SORT_BY_ALIGNMENT(.ramfunc.$SRAMX))
 *(SORT_BY_ALIGNMENT(.data.$RAM2*))
 *(SORT_BY_ALIGNMENT(.data.$SRAMX*))
                0x04000000                . = ALIGN (0x4)
                [!provide]                PROVIDE (__end_data_RAM2 = .)

.data_RAM3      0x40100000        0x0 load address 0x00006b5c
 FILL mask 0xff
                [!provide]                PROVIDE (__start_data_RAM3 = .)
 *(SORT_BY_ALIGNMENT(.ramfunc.$RAM3))
 *(SORT_BY_ALIGNMENT(.ramfunc.$USB_RAM))
 *(SORT_BY_ALIGNMENT(.data.$RAM3*))
 *(SORT_BY_ALIGNMENT(.data.$USB_RAM*))
                0x40100000                . = ALIGN (0x4)
                [!provide]                PROVIDE (__end_data_RAM3 = .)

.uninit_RESERVED
                0x20000000        0x0
 *(SORT_BY_ALIGNMENT(.bss.$RESERVED*))
                0x20000000                . = ALIGN (0x4)
                0x20000000                _end_uninit_RESERVED = .

.data           0x20000000      0x12c load address 0x00006b5c
 FILL mask 0xff
                0x20000000                _data = .
 *(SORT_BY_ALIGNMENT(vtable))
 *(SORT_BY_ALIGNMENT(.ramfunc*))
 *(SORT_BY_ALIGNMENT(.data*))
 .data.S_Table  0x20000000      0x100 ./source/spi_polling_b2b_transfer_master.o
                0x20000000                S_Table
 .data.NwkSkey  0x20000100       0x10 ./source/spi_polling_b2b_transfer_master.o
                0x20000100                NwkSkey
 .data.AppSkey  0x20000110       0x10 ./source/spi_polling_b2b_transfer_master.o
                0x20000110                AppSkey
 .data.DevAddr  0x20000120        0x4 ./source/spi_polling_b2b_transfer_master.o
                0x20000120                DevAddr
 .data.s_Ext_Clk_Freq
                0x20000124        0x4 ./drivers/fsl_clock.o
 .data.SystemCoreClock
                0x20000128        0x4 ./device/system_LPC55S69_cm33_core0.o
                0x20000128                SystemCoreClock
                0x2000012c                . = ALIGN (0x4)
                0x2000012c                _edata = .

.igot.plt       0x2000012c        0x0 load address 0x00006c88
 .igot.plt      0x2000012c        0x0 ./utilities/fsl_debug_console.o

.bss_RAM2       0x04000000        0x0
                [!provide]                PROVIDE (__start_bss_RAM2 = .)
 *(SORT_BY_ALIGNMENT(.bss.$RAM2*))
 *(SORT_BY_ALIGNMENT(.bss.$SRAMX*))
                0x04000000                . = ALIGN ((. != 0x0)?0x4:0x1)
                [!provide]                PROVIDE (__end_bss_RAM2 = .)

.bss_RAM3       0x40100000        0x0
                [!provide]                PROVIDE (__start_bss_RAM3 = .)
 *(SORT_BY_ALIGNMENT(.bss.$RAM3*))
 *(SORT_BY_ALIGNMENT(.bss.$USB_RAM*))
                0x40100000                . = ALIGN ((. != 0x0)?0x4:0x1)
                [!provide]                PROVIDE (__end_bss_RAM3 = .)

.bss            0x2000012c      0x178
                0x2000012c                _bss = .
 *(SORT_BY_ALIGNMENT(.bss*))
 .bss.s_debugConsoleState
                0x2000012c       0x1c ./utilities/fsl_debug_console.o
 .bss.g_serialHandle
                0x20000148        0x4 ./utilities/fsl_debug_console.o
                0x20000148                g_serialHandle
 .bss.userConfig
                0x2000014c       0x18 ./source/spi_polling_b2b_transfer_master.o
                0x2000014c                userConfig
 .bss.g_systickCounter
                0x20000164        0x4 ./source/spi_polling_b2b_transfer_master.o
                0x20000164                g_systickCounter
 .bss.srcFreq   0x20000168        0x4 ./source/spi_polling_b2b_transfer_master.o
                0x20000168                srcFreq
 .bss.s_Pll0_Freq
                0x2000016c        0x4 ./drivers/fsl_clock.o
 .bss.s_Pll1_Freq
                0x20000170        0x4 ./drivers/fsl_clock.o
 .bss.s_I2S_Mclk_Freq
                0x20000174        0x4 ./drivers/fsl_clock.o
 .bss.s_flexcommIrqHandler
                0x20000178       0x24 ./drivers/fsl_flexcomm.o
 .bss.s_flexcommHandle
                0x2000019c       0x24 ./drivers/fsl_flexcomm.o
 .bss.g_configs
                0x200001c0       0x12 ./drivers/fsl_spi.o
 *fill*         0x200001d2        0x2 
 .bss.s_dummyData
                0x200001d4        0x9 ./drivers/fsl_spi.o
                0x200001d4                s_dummyData
 *fill*         0x200001dd        0x3 
 .bss.__Ciob    0x200001e0       0xb4 c:/nxp/mcuxpressoide_10.3.1_2233/ide/plugins/com.nxp.mcuxpresso.tools.win32_10.3.0.201811011841/tools/bin/../lib/gcc/arm-none-eabi/7.3.1/../../../../arm-none-eabi/lib/thumb/v8-m.main/fpv5-sp/hard\libcr_semihost_nf.a(__ciob.o)
                0x200001e0                __Ciob
 .bss.__end_of_heap
                0x20000294        0x4 c:/nxp/mcuxpressoide_10.3.1_2233/ide/plugins/com.nxp.mcuxpresso.tools.win32_10.3.0.201811011841/tools/bin/../lib/gcc/arm-none-eabi/7.3.1/../../../../arm-none-eabi/lib/thumb/v8-m.main/fpv5-sp/hard\libcr_c.a(__init_alloc.o)
                0x20000294                __end_of_heap
 .bss.__heaps   0x20000298        0x4 c:/nxp/mcuxpressoide_10.3.1_2233/ide/plugins/com.nxp.mcuxpresso.tools.win32_10.3.0.201811011841/tools/bin/../lib/gcc/arm-none-eabi/7.3.1/../../../../arm-none-eabi/lib/thumb/v8-m.main/fpv5-sp/hard\libcr_c.a(__init_alloc.o)
                0x20000298                __heaps
 .bss.errno     0x2000029c        0x4 c:/nxp/mcuxpressoide_10.3.1_2233/ide/plugins/com.nxp.mcuxpresso.tools.win32_10.3.0.201811011841/tools/bin/../lib/gcc/arm-none-eabi/7.3.1/../../../../arm-none-eabi/lib/thumb/v8-m.main/fpv5-sp/hard\libcr_c.a(errno.o)
                0x2000029c                errno
 .bss.Frame_Counter_Tx
                0x200002a0        0x2 ./source/spi_polling_b2b_transfer_master.o
                0x200002a0                Frame_Counter_Tx
 *(SORT_BY_ALIGNMENT(COMMON))
                0x200002a4                . = ALIGN (0x4)
 *fill*         0x200002a2        0x2 
                0x200002a4                _ebss = .
                [!provide]                PROVIDE (end = .)

.noinit_RAM2    0x04000000        0x0
 *(SORT_BY_ALIGNMENT(.noinit.$RAM2*))
 *(SORT_BY_ALIGNMENT(.noinit.$SRAMX*))
                0x04000000                . = ALIGN (0x4)

.noinit_RAM3    0x40100000        0x0
 *(SORT_BY_ALIGNMENT(.noinit.$RAM3*))
 *(SORT_BY_ALIGNMENT(.noinit.$USB_RAM*))
                0x40100000                . = ALIGN (0x4)

.noinit         0x200002a4        0x0
                0x200002a4                _noinit = .
 *(SORT_BY_ALIGNMENT(.noinit*))
                0x200002a4                . = ALIGN (0x4)
                0x200002a4                _end_noinit = .
                0x00001000                _HeapSize = 0x1000

.heap           0x200002a4     0x1000
                0x200002a4                _pvHeapStart = .
                0x200012a4                . = (. + _HeapSize)
 *fill*         0x200002a4     0x1000 
                0x200012a4                . = ALIGN (0x4)
                0x200012a4                _pvHeapLimit = .
                0x00001000                _StackSize = 0x1000

.heap2stackfill
                0x200012a4     0x1000
                0x200022a4                . = (. + _StackSize)
 *fill*         0x200012a4     0x1000 

.stack          0x20043000        0x0
                0x20043000                _vStackBase = .
                0x20043000                . = ALIGN (0x4)
                0x20044000                _vStackTop = (. + _StackSize)
                0xdffb76ec                PROVIDE (__valid_user_code_checksum = (0x0 - ((((((_vStackTop + (ResetISR + 0x1)) + (NMI_Handler + 0x1)) + (HardFault_Handler + 0x1)) + (DEFINED (MemManage_Handler)?MemManage_Handler:0x0 + 0x1)) + (DEFINED (BusFault_Handler)?BusFault_Handler:0x0 + 0x1)) + (DEFINED (UsageFault_Handler)?UsageFault_Handler:0x0 + 0x1))))
                0x00000000                _image_start = LOADADDR (.text)
                0x00006c88                _image_end = (LOADADDR (.data) + SIZEOF (.data))
                0x00006c88                _image_size = (_image_end - _image_start)
OUTPUT(lpcxpresso55s69_spi_polling_b2b_transfer_master_spiPolling.axf elf32-littlearm)

.debug_info     0x00000000    0x16456
 .debug_info    0x00000000      0x933 ./utilities/fsl_debug_console.o
 .debug_info    0x00000933      0x686 ./startup/startup_lpc55s69_cm33_core0.o
 .debug_info    0x00000fb9       0x37 ./source/semihost_hardfault.o
 .debug_info    0x00000ff0     0x236a ./source/spi_polling_b2b_transfer_master.o
 .debug_info    0x0000335a     0x31e1 ./drivers/fsl_clock.o
 .debug_info    0x0000653b     0x1aca ./drivers/fsl_flexcomm.o
 .debug_info    0x00008005     0x184e ./drivers/fsl_gpio.o
 .debug_info    0x00009853      0xfef ./drivers/fsl_reset.o
 .debug_info    0x0000a842     0x17ce ./drivers/fsl_spi.o
 .debug_info    0x0000c010     0x14ac ./drivers/fsl_usart.o
 .debug_info    0x0000d4bc     0x1585 ./device/system_LPC55S69_cm33_core0.o
 .debug_info    0x0000ea41      0xc99 ./component/uart/usart_adapter.o
 .debug_info    0x0000f6da      0x6e6 ./component/serial_manager/serial_manager.o
 .debug_info    0x0000fdc0      0x4a5 ./component/serial_manager/serial_port_uart.o
 .debug_info    0x00010265      0x968 ./board/board.o
 .debug_info    0x00010bcd     0x173b ./board/clock_config.o
 .debug_info    0x00012308     0x1152 ./board/pin_mux.o
 .debug_info    0x0001345a     0x2ffc C:\Users\eduardoContreras\Documents\MCUXpressoIDE_10.3.1_2233\workspace\Reto_NXP\lpcxpresso55s69_spi_polling_b2b_transfer_master_spiPolling\libs\libpower_hardabi.a(fsl_power_lib.o)

.debug_abbrev   0x00000000     0x2529
 .debug_abbrev  0x00000000      0x1aa ./utilities/fsl_debug_console.o
 .debug_abbrev  0x000001aa      0x13d ./startup/startup_lpc55s69_cm33_core0.o
 .debug_abbrev  0x000002e7       0x2c ./source/semihost_hardfault.o
 .debug_abbrev  0x00000313      0x339 ./source/spi_polling_b2b_transfer_master.o
 .debug_abbrev  0x0000064c      0x368 ./drivers/fsl_clock.o
 .debug_abbrev  0x000009b4      0x288 ./drivers/fsl_flexcomm.o
 .debug_abbrev  0x00000c3c      0x211 ./drivers/fsl_gpio.o
 .debug_abbrev  0x00000e4d      0x174 ./drivers/fsl_reset.o
 .debug_abbrev  0x00000fc1      0x2d1 ./drivers/fsl_spi.o
 .debug_abbrev  0x00001292      0x337 ./drivers/fsl_usart.o
 .debug_abbrev  0x000015c9      0x1cf ./device/system_LPC55S69_cm33_core0.o
 .debug_abbrev  0x00001798      0x1df ./component/uart/usart_adapter.o
 .debug_abbrev  0x00001977      0x160 ./component/serial_manager/serial_manager.o
 .debug_abbrev  0x00001ad7      0x145 ./component/serial_manager/serial_port_uart.o
 .debug_abbrev  0x00001c1c      0x130 ./board/board.o
 .debug_abbrev  0x00001d4c      0x1be ./board/clock_config.o
 .debug_abbrev  0x00001f0a      0x1de ./board/pin_mux.o
 .debug_abbrev  0x000020e8      0x441 C:\Users\eduardoContreras\Documents\MCUXpressoIDE_10.3.1_2233\workspace\Reto_NXP\lpcxpresso55s69_spi_polling_b2b_transfer_master_spiPolling\libs\libpower_hardabi.a(fsl_power_lib.o)

.debug_aranges  0x00000000      0xb08
 .debug_aranges
                0x00000000       0x50 ./utilities/fsl_debug_console.o
 .debug_aranges
                0x00000050      0x260 ./startup/startup_lpc55s69_cm33_core0.o
 .debug_aranges
                0x000002b0       0x20 ./source/semihost_hardfault.o
 .debug_aranges
                0x000002d0       0xd0 ./source/spi_polling_b2b_transfer_master.o
 .debug_aranges
                0x000003a0      0x210 ./drivers/fsl_clock.o
 .debug_aranges
                0x000005b0       0x90 ./drivers/fsl_flexcomm.o
 .debug_aranges
                0x00000640       0x30 ./drivers/fsl_gpio.o
 .debug_aranges
                0x00000670       0x30 ./drivers/fsl_reset.o
 .debug_aranges
                0x000006a0       0xe8 ./drivers/fsl_spi.o
 .debug_aranges
                0x00000788       0xd8 ./drivers/fsl_usart.o
 .debug_aranges
                0x00000860       0x88 ./device/system_LPC55S69_cm33_core0.o
 .debug_aranges
                0x000008e8       0x40 ./component/uart/usart_adapter.o
 .debug_aranges
                0x00000928       0x88 ./component/serial_manager/serial_manager.o
 .debug_aranges
                0x000009b0       0x38 ./component/serial_manager/serial_port_uart.o
 .debug_aranges
                0x000009e8       0x28 ./board/board.o
 .debug_aranges
                0x00000a10       0x40 ./board/clock_config.o
 .debug_aranges
                0x00000a50       0x38 ./board/pin_mux.o
 .debug_aranges
                0x00000a88       0x80 C:\Users\eduardoContreras\Documents\MCUXpressoIDE_10.3.1_2233\workspace\Reto_NXP\lpcxpresso55s69_spi_polling_b2b_transfer_master_spiPolling\libs\libpower_hardabi.a(fsl_power_lib.o)

.debug_ranges   0x00000000      0xaa0
 .debug_ranges  0x00000000       0x40 ./utilities/fsl_debug_console.o
 .debug_ranges  0x00000040      0x250 ./startup/startup_lpc55s69_cm33_core0.o
 .debug_ranges  0x00000290       0x10 ./source/semihost_hardfault.o
 .debug_ranges  0x000002a0       0xc0 ./source/spi_polling_b2b_transfer_master.o
 .debug_ranges  0x00000360      0x200 ./drivers/fsl_clock.o
 .debug_ranges  0x00000560       0x80 ./drivers/fsl_flexcomm.o
 .debug_ranges  0x000005e0       0x20 ./drivers/fsl_gpio.o
 .debug_ranges  0x00000600       0x20 ./drivers/fsl_reset.o
 .debug_ranges  0x00000620       0xf0 ./drivers/fsl_spi.o
 .debug_ranges  0x00000710       0xc8 ./drivers/fsl_usart.o
 .debug_ranges  0x000007d8       0x78 ./device/system_LPC55S69_cm33_core0.o
 .debug_ranges  0x00000850       0x30 ./component/uart/usart_adapter.o
 .debug_ranges  0x00000880       0x78 ./component/serial_manager/serial_manager.o
 .debug_ranges  0x000008f8       0x28 ./component/serial_manager/serial_port_uart.o
 .debug_ranges  0x00000920       0x18 ./board/board.o
 .debug_ranges  0x00000938       0x30 ./board/clock_config.o
 .debug_ranges  0x00000968       0x28 ./board/pin_mux.o
 .debug_ranges  0x00000990      0x110 C:\Users\eduardoContreras\Documents\MCUXpressoIDE_10.3.1_2233\workspace\Reto_NXP\lpcxpresso55s69_spi_polling_b2b_transfer_master_spiPolling\libs\libpower_hardabi.a(fsl_power_lib.o)

.debug_line     0x00000000     0x49fe
 .debug_line    0x00000000      0x31d ./utilities/fsl_debug_console.o
 .debug_line    0x0000031d      0x50c ./startup/startup_lpc55s69_cm33_core0.o
 .debug_line    0x00000829       0x54 ./source/semihost_hardfault.o
 .debug_line    0x0000087d      0x781 ./source/spi_polling_b2b_transfer_master.o
 .debug_line    0x00000ffe      0xac3 ./drivers/fsl_clock.o
 .debug_line    0x00001ac1      0x37f ./drivers/fsl_flexcomm.o
 .debug_line    0x00001e40      0x229 ./drivers/fsl_gpio.o
 .debug_line    0x00002069      0x20a ./drivers/fsl_reset.o
 .debug_line    0x00002273      0x7b5 ./drivers/fsl_spi.o
 .debug_line    0x00002a28      0x714 ./drivers/fsl_usart.o
 .debug_line    0x0000313c      0x38e ./device/system_LPC55S69_cm33_core0.o
 .debug_line    0x000034ca      0x2d6 ./component/uart/usart_adapter.o
 .debug_line    0x000037a0      0x3b0 ./component/serial_manager/serial_manager.o
 .debug_line    0x00003b50      0x28c ./component/serial_manager/serial_port_uart.o
 .debug_line    0x00003ddc      0x20b ./board/board.o
 .debug_line    0x00003fe7      0x24d ./board/clock_config.o
 .debug_line    0x00004234      0x24a ./board/pin_mux.o
 .debug_line    0x0000447e      0x580 C:\Users\eduardoContreras\Documents\MCUXpressoIDE_10.3.1_2233\workspace\Reto_NXP\lpcxpresso55s69_spi_polling_b2b_transfer_master_spiPolling\libs\libpower_hardabi.a(fsl_power_lib.o)

.debug_str      0x00000000     0x818e
 .debug_str     0x00000000     0x11b4 ./utilities/fsl_debug_console.o
                               0x1217 (size before relaxing)
 .debug_str     0x000011b4      0x64a ./startup/startup_lpc55s69_cm33_core0.o
                                0x7da (size before relaxing)
 .debug_str     0x000017fe       0x1f ./source/semihost_hardfault.o
                                0x1ae (size before relaxing)
 .debug_str     0x0000181d     0x2324 ./source/spi_polling_b2b_transfer_master.o
                               0x3021 (size before relaxing)
 .debug_str     0x00003b41     0x206e ./drivers/fsl_clock.o
                               0x3ad3 (size before relaxing)
 .debug_str     0x00005baf      0x2bf ./drivers/fsl_flexcomm.o
                               0x2753 (size before relaxing)
 .debug_str     0x00005e6e       0x4e ./drivers/fsl_gpio.o
                               0x2103 (size before relaxing)
 .debug_str     0x00005ebc       0x84 ./drivers/fsl_reset.o
                               0x116a (size before relaxing)
 .debug_str     0x00005f40      0x4cf ./drivers/fsl_spi.o
                               0x1c85 (size before relaxing)
 .debug_str     0x0000640f      0x86d ./drivers/fsl_usart.o
                               0x1bce (size before relaxing)
 .debug_str     0x00006c7c       0x7f ./device/system_LPC55S69_cm33_core0.o
                                0xf38 (size before relaxing)
 .debug_str     0x00006cfb      0x2b2 ./component/uart/usart_adapter.o
                               0x16da (size before relaxing)
 .debug_str     0x00006fad      0x2dd ./component/serial_manager/serial_manager.o
                                0x751 (size before relaxing)
 .debug_str     0x0000728a       0xbc ./component/serial_manager/serial_port_uart.o
                                0x7ff (size before relaxing)
 .debug_str     0x00007346       0x54 ./board/board.o
                               0x16dc (size before relaxing)
 .debug_str     0x0000739a       0x7c ./board/clock_config.o
                               0x1e21 (size before relaxing)
 .debug_str     0x00007416      0x15e ./board/pin_mux.o
                               0x11ec (size before relaxing)
 .debug_str     0x00007574      0xc1a C:\Users\eduardoContreras\Documents\MCUXpressoIDE_10.3.1_2233\workspace\Reto_NXP\lpcxpresso55s69_spi_polling_b2b_transfer_master_spiPolling\libs\libpower_hardabi.a(fsl_power_lib.o)
                               0x3945 (size before relaxing)

.comment        0x00000000       0x7f
 .comment       0x00000000       0x7f ./utilities/fsl_debug_console.o
                                 0x80 (size before relaxing)
 .comment       0x0000007f       0x80 ./startup/startup_lpc55s69_cm33_core0.o
 .comment       0x0000007f       0x80 ./source/semihost_hardfault.o
 .comment       0x0000007f       0x80 ./source/spi_polling_b2b_transfer_master.o
 .comment       0x0000007f       0x80 ./drivers/fsl_clock.o
 .comment       0x0000007f       0x80 ./drivers/fsl_flexcomm.o
 .comment       0x0000007f       0x80 ./drivers/fsl_gpio.o
 .comment       0x0000007f       0x80 ./drivers/fsl_reset.o
 .comment       0x0000007f       0x80 ./drivers/fsl_spi.o
 .comment       0x0000007f       0x80 ./drivers/fsl_usart.o
 .comment       0x0000007f       0x80 ./device/system_LPC55S69_cm33_core0.o
 .comment       0x0000007f       0x80 ./component/uart/usart_adapter.o
 .comment       0x0000007f       0x80 ./component/serial_manager/serial_manager.o
 .comment       0x0000007f       0x80 ./component/serial_manager/serial_port_uart.o
 .comment       0x0000007f       0x80 ./board/board.o
 .comment       0x0000007f       0x80 ./board/clock_config.o
 .comment       0x0000007f       0x80 ./board/pin_mux.o
 .comment       0x0000007f       0x80 C:\Users\eduardoContreras\Documents\MCUXpressoIDE_10.3.1_2233\workspace\Reto_NXP\lpcxpresso55s69_spi_polling_b2b_transfer_master_spiPolling\libs\libpower_hardabi.a(fsl_power_lib.o)
 .comment       0x0000007f       0x80 c:/nxp/mcuxpressoide_10.3.1_2233/ide/plugins/com.nxp.mcuxpresso.tools.win32_10.3.0.201811011841/tools/bin/../lib/gcc/arm-none-eabi/7.3.1/../../../../arm-none-eabi/lib/thumb/v8-m.main/fpv5-sp/hard\libcr_semihost_nf.a(_cr__main.o)
 .comment       0x0000007f       0x80 c:/nxp/mcuxpressoide_10.3.1_2233/ide/plugins/com.nxp.mcuxpresso.tools.win32_10.3.0.201811011841/tools/bin/../lib/gcc/arm-none-eabi/7.3.1/../../../../arm-none-eabi/lib/thumb/v8-m.main/fpv5-sp/hard\libcr_semihost_nf.a(_cr_assert.o)
 .comment       0x0000007f       0x80 c:/nxp/mcuxpressoide_10.3.1_2233/ide/plugins/com.nxp.mcuxpresso.tools.win32_10.3.0.201811011841/tools/bin/../lib/gcc/arm-none-eabi/7.3.1/../../../../arm-none-eabi/lib/thumb/v8-m.main/fpv5-sp/hard\libcr_semihost_nf.a(__ciob.o)
 .comment       0x0000007f       0x80 c:/nxp/mcuxpressoide_10.3.1_2233/ide/plugins/com.nxp.mcuxpresso.tools.win32_10.3.0.201811011841/tools/bin/../lib/gcc/arm-none-eabi/7.3.1/../../../../arm-none-eabi/lib/thumb/v8-m.main/fpv5-sp/hard\libcr_c.a(memcpy.o)
 .comment       0x0000007f       0x80 c:/nxp/mcuxpressoide_10.3.1_2233/ide/plugins/com.nxp.mcuxpresso.tools.win32_10.3.0.201811011841/tools/bin/../lib/gcc/arm-none-eabi/7.3.1/../../../../arm-none-eabi/lib/thumb/v8-m.main/fpv5-sp/hard\libcr_c.a(memset.o)
 .comment       0x0000007f       0x80 c:/nxp/mcuxpressoide_10.3.1_2233/ide/plugins/com.nxp.mcuxpresso.tools.win32_10.3.0.201811011841/tools/bin/../lib/gcc/arm-none-eabi/7.3.1/../../../../arm-none-eabi/lib/thumb/v8-m.main/fpv5-sp/hard\libcr_c.a(_deferredlazyseek.o)
 .comment       0x0000007f       0x80 c:/nxp/mcuxpressoide_10.3.1_2233/ide/plugins/com.nxp.mcuxpresso.tools.win32_10.3.0.201811011841/tools/bin/../lib/gcc/arm-none-eabi/7.3.1/../../../../arm-none-eabi/lib/thumb/v8-m.main/fpv5-sp/hard\libcr_c.a(_fflush.o)
 .comment       0x0000007f       0x80 c:/nxp/mcuxpressoide_10.3.1_2233/ide/plugins/com.nxp.mcuxpresso.tools.win32_10.3.0.201811011841/tools/bin/../lib/gcc/arm-none-eabi/7.3.1/../../../../arm-none-eabi/lib/thumb/v8-m.main/fpv5-sp/hard\libcr_c.a(_writebuf.o)
 .comment       0x0000007f       0x80 c:/nxp/mcuxpressoide_10.3.1_2233/ide/plugins/com.nxp.mcuxpresso.tools.win32_10.3.0.201811011841/tools/bin/../lib/gcc/arm-none-eabi/7.3.1/../../../../arm-none-eabi/lib/thumb/v8-m.main/fpv5-sp/hard\libcr_c.a(alloc.o)
 .comment       0x0000007f       0x80 c:/nxp/mcuxpressoide_10.3.1_2233/ide/plugins/com.nxp.mcuxpresso.tools.win32_10.3.0.201811011841/tools/bin/../lib/gcc/arm-none-eabi/7.3.1/../../../../arm-none-eabi/lib/thumb/v8-m.main/fpv5-sp/hard\libcr_c.a(fputs.o)
 .comment       0x0000007f       0x80 c:/nxp/mcuxpressoide_10.3.1_2233/ide/plugins/com.nxp.mcuxpresso.tools.win32_10.3.0.201811011841/tools/bin/../lib/gcc/arm-none-eabi/7.3.1/../../../../arm-none-eabi/lib/thumb/v8-m.main/fpv5-sp/hard\libcr_c.a(fseek.o)
 .comment       0x0000007f       0x80 c:/nxp/mcuxpressoide_10.3.1_2233/ide/plugins/com.nxp.mcuxpresso.tools.win32_10.3.0.201811011841/tools/bin/../lib/gcc/arm-none-eabi/7.3.1/../../../../arm-none-eabi/lib/thumb/v8-m.main/fpv5-sp/hard\libcr_c.a(ftell.o)
 .comment       0x0000007f       0x80 c:/nxp/mcuxpressoide_10.3.1_2233/ide/plugins/com.nxp.mcuxpresso.tools.win32_10.3.0.201811011841/tools/bin/../lib/gcc/arm-none-eabi/7.3.1/../../../../arm-none-eabi/lib/thumb/v8-m.main/fpv5-sp/hard\libcr_c.a(initio.o)
 .comment       0x0000007f       0x80 c:/nxp/mcuxpressoide_10.3.1_2233/ide/plugins/com.nxp.mcuxpresso.tools.win32_10.3.0.201811011841/tools/bin/../lib/gcc/arm-none-eabi/7.3.1/../../../../arm-none-eabi/lib/thumb/v8-m.main/fpv5-sp/hard\libcr_c.a(printf.o)
 .comment       0x0000007f       0x80 c:/nxp/mcuxpressoide_10.3.1_2233/ide/plugins/com.nxp.mcuxpresso.tools.win32_10.3.0.201811011841/tools/bin/../lib/gcc/arm-none-eabi/7.3.1/../../../../arm-none-eabi/lib/thumb/v8-m.main/fpv5-sp/hard\libcr_c.a(setvbuf.o)
 .comment       0x0000007f       0x80 c:/nxp/mcuxpressoide_10.3.1_2233/ide/plugins/com.nxp.mcuxpresso.tools.win32_10.3.0.201811011841/tools/bin/../lib/gcc/arm-none-eabi/7.3.1/../../../../arm-none-eabi/lib/thumb/v8-m.main/fpv5-sp/hard\libcr_c.a(strlen.o)
 .comment       0x0000007f       0x80 c:/nxp/mcuxpressoide_10.3.1_2233/ide/plugins/com.nxp.mcuxpresso.tools.win32_10.3.0.201811011841/tools/bin/../lib/gcc/arm-none-eabi/7.3.1/../../../../arm-none-eabi/lib/thumb/v8-m.main/fpv5-sp/hard\libcr_c.a(__init_alloc.o)
 .comment       0x0000007f       0x80 c:/nxp/mcuxpressoide_10.3.1_2233/ide/plugins/com.nxp.mcuxpresso.tools.win32_10.3.0.201811011841/tools/bin/../lib/gcc/arm-none-eabi/7.3.1/../../../../arm-none-eabi/lib/thumb/v8-m.main/fpv5-sp/hard\libcr_c.a(_cr_sbrk.o)
 .comment       0x0000007f       0x80 c:/nxp/mcuxpressoide_10.3.1_2233/ide/plugins/com.nxp.mcuxpresso.tools.win32_10.3.0.201811011841/tools/bin/../lib/gcc/arm-none-eabi/7.3.1/../../../../arm-none-eabi/lib/thumb/v8-m.main/fpv5-sp/hard\libcr_c.a(_fdopen.o)
 .comment       0x0000007f       0x80 c:/nxp/mcuxpressoide_10.3.1_2233/ide/plugins/com.nxp.mcuxpresso.tools.win32_10.3.0.201811011841/tools/bin/../lib/gcc/arm-none-eabi/7.3.1/../../../../arm-none-eabi/lib/thumb/v8-m.main/fpv5-sp/hard\libcr_c.a(errno.o)
 .comment       0x0000007f       0x80 c:/nxp/mcuxpressoide_10.3.1_2233/ide/plugins/com.nxp.mcuxpresso.tools.win32_10.3.0.201811011841/tools/bin/../lib/gcc/arm-none-eabi/7.3.1/../../../../arm-none-eabi/lib/thumb/v8-m.main/fpv5-sp/hard\libcr_c.a(fclose.o)
 .comment       0x0000007f       0x80 c:/nxp/mcuxpressoide_10.3.1_2233/ide/plugins/com.nxp.mcuxpresso.tools.win32_10.3.0.201811011841/tools/bin/../lib/gcc/arm-none-eabi/7.3.1/../../../../arm-none-eabi/lib/thumb/v8-m.main/fpv5-sp/hard\libcr_c.a(fflush.o)
 .comment       0x0000007f       0x80 c:/nxp/mcuxpressoide_10.3.1_2233/ide/plugins/com.nxp.mcuxpresso.tools.win32_10.3.0.201811011841/tools/bin/../lib/gcc/arm-none-eabi/7.3.1/../../../../arm-none-eabi/lib/thumb/v8-m.main/fpv5-sp/hard\libcr_c.a(remove.o)
 .comment       0x0000007f       0x80 c:/nxp/mcuxpressoide_10.3.1_2233/ide/plugins/com.nxp.mcuxpresso.tools.win32_10.3.0.201811011841/tools/bin/../lib/gcc/arm-none-eabi/7.3.1/../../../../arm-none-eabi/lib/thumb/v8-m.main/fpv5-sp/hard\libcr_c.a(_cr_check_heap.o)
 .comment       0x0000007f       0x80 c:/nxp/mcuxpressoide_10.3.1_2233/ide/plugins/com.nxp.mcuxpresso.tools.win32_10.3.0.201811011841/tools/bin/../lib/gcc/arm-none-eabi/7.3.1/../../../../arm-none-eabi/lib/thumb/v8-m.main/fpv5-sp/hard\libcr_c.a(_do_fflush.o)
 .comment       0x0000007f       0x80 c:/nxp/mcuxpressoide_10.3.1_2233/ide/plugins/com.nxp.mcuxpresso.tools.win32_10.3.0.201811011841/tools/bin/../lib/gcc/arm-none-eabi/7.3.1/thumb/v8-m.main/fpv5-sp/hard\libcr_eabihelpers.a(double.o)
 .comment       0x0000007f       0x80 c:/nxp/mcuxpressoide_10.3.1_2233/ide/plugins/com.nxp.mcuxpresso.tools.win32_10.3.0.201811011841/tools/bin/../lib/gcc/arm-none-eabi/7.3.1/thumb/v8-m.main/fpv5-sp/hard\libcr_eabihelpers.a(float.o)

.ARM.attributes
                0x00000000       0x3a
 .ARM.attributes
                0x00000000       0x3c ./utilities/fsl_debug_console.o
 .ARM.attributes
                0x0000003c       0x3c ./startup/startup_lpc55s69_cm33_core0.o
 .ARM.attributes
                0x00000078       0x3c ./source/semihost_hardfault.o
 .ARM.attributes
                0x000000b4       0x3c ./source/spi_polling_b2b_transfer_master.o
 .ARM.attributes
                0x000000f0       0x3c ./drivers/fsl_clock.o
 .ARM.attributes
                0x0000012c       0x3c ./drivers/fsl_flexcomm.o
 .ARM.attributes
                0x00000168       0x3c ./drivers/fsl_gpio.o
 .ARM.attributes
                0x000001a4       0x3c ./drivers/fsl_reset.o
 .ARM.attributes
                0x000001e0       0x3c ./drivers/fsl_spi.o
 .ARM.attributes
                0x0000021c       0x3c ./drivers/fsl_usart.o
 .ARM.attributes
                0x00000258       0x3c ./device/system_LPC55S69_cm33_core0.o
 .ARM.attributes
                0x00000294       0x3c ./component/uart/usart_adapter.o
 .ARM.attributes
                0x000002d0       0x3c ./component/serial_manager/serial_manager.o
 .ARM.attributes
                0x0000030c       0x3c ./component/serial_manager/serial_port_uart.o
 .ARM.attributes
                0x00000348       0x3c ./board/board.o
 .ARM.attributes
                0x00000384       0x3c ./board/clock_config.o
 .ARM.attributes
                0x000003c0       0x3c ./board/pin_mux.o
 .ARM.attributes
                0x000003fc       0x3c C:\Users\eduardoContreras\Documents\MCUXpressoIDE_10.3.1_2233\workspace\Reto_NXP\lpcxpresso55s69_spi_polling_b2b_transfer_master_spiPolling\libs\libpower_hardabi.a(fsl_power_lib.o)
 .ARM.attributes
                0x00000438       0x3c c:/nxp/mcuxpressoide_10.3.1_2233/ide/plugins/com.nxp.mcuxpresso.tools.win32_10.3.0.201811011841/tools/bin/../lib/gcc/arm-none-eabi/7.3.1/../../../../arm-none-eabi/lib/thumb/v8-m.main/fpv5-sp/hard\libcr_semihost_nf.a(_cr__main.o)
 .ARM.attributes
                0x00000474       0x3c c:/nxp/mcuxpressoide_10.3.1_2233/ide/plugins/com.nxp.mcuxpresso.tools.win32_10.3.0.201811011841/tools/bin/../lib/gcc/arm-none-eabi/7.3.1/../../../../arm-none-eabi/lib/thumb/v8-m.main/fpv5-sp/hard\libcr_semihost_nf.a(_cr_assert.o)
 .ARM.attributes
                0x000004b0       0x3c c:/nxp/mcuxpressoide_10.3.1_2233/ide/plugins/com.nxp.mcuxpresso.tools.win32_10.3.0.201811011841/tools/bin/../lib/gcc/arm-none-eabi/7.3.1/../../../../arm-none-eabi/lib/thumb/v8-m.main/fpv5-sp/hard\libcr_semihost_nf.a(__ciob.o)
 .ARM.attributes
                0x000004ec       0x28 c:/nxp/mcuxpressoide_10.3.1_2233/ide/plugins/com.nxp.mcuxpresso.tools.win32_10.3.0.201811011841/tools/bin/../lib/gcc/arm-none-eabi/7.3.1/../../../../arm-none-eabi/lib/thumb/v8-m.main/fpv5-sp/hard\libcr_semihost_nf.a(__sys_appexit.o)
 .ARM.attributes
                0x00000514       0x3c c:/nxp/mcuxpressoide_10.3.1_2233/ide/plugins/com.nxp.mcuxpresso.tools.win32_10.3.0.201811011841/tools/bin/../lib/gcc/arm-none-eabi/7.3.1/../../../../arm-none-eabi/lib/thumb/v8-m.main/fpv5-sp/hard\libcr_c.a(memcpy.o)
 .ARM.attributes
                0x00000550       0x3c c:/nxp/mcuxpressoide_10.3.1_2233/ide/plugins/com.nxp.mcuxpresso.tools.win32_10.3.0.201811011841/tools/bin/../lib/gcc/arm-none-eabi/7.3.1/../../../../arm-none-eabi/lib/thumb/v8-m.main/fpv5-sp/hard\libcr_c.a(memset.o)
 .ARM.attributes
                0x0000058c       0x3c c:/nxp/mcuxpressoide_10.3.1_2233/ide/plugins/com.nxp.mcuxpresso.tools.win32_10.3.0.201811011841/tools/bin/../lib/gcc/arm-none-eabi/7.3.1/../../../../arm-none-eabi/lib/thumb/v8-m.main/fpv5-sp/hard\libcr_c.a(_deferredlazyseek.o)
 .ARM.attributes
                0x000005c8       0x3c c:/nxp/mcuxpressoide_10.3.1_2233/ide/plugins/com.nxp.mcuxpresso.tools.win32_10.3.0.201811011841/tools/bin/../lib/gcc/arm-none-eabi/7.3.1/../../../../arm-none-eabi/lib/thumb/v8-m.main/fpv5-sp/hard\libcr_c.a(_fflush.o)
 .ARM.attributes
                0x00000604       0x3c c:/nxp/mcuxpressoide_10.3.1_2233/ide/plugins/com.nxp.mcuxpresso.tools.win32_10.3.0.201811011841/tools/bin/../lib/gcc/arm-none-eabi/7.3.1/../../../../arm-none-eabi/lib/thumb/v8-m.main/fpv5-sp/hard\libcr_c.a(_writebuf.o)
 .ARM.attributes
                0x00000640       0x3c c:/nxp/mcuxpressoide_10.3.1_2233/ide/plugins/com.nxp.mcuxpresso.tools.win32_10.3.0.201811011841/tools/bin/../lib/gcc/arm-none-eabi/7.3.1/../../../../arm-none-eabi/lib/thumb/v8-m.main/fpv5-sp/hard\libcr_c.a(alloc.o)
 .ARM.attributes
                0x0000067c       0x3c c:/nxp/mcuxpressoide_10.3.1_2233/ide/plugins/com.nxp.mcuxpresso.tools.win32_10.3.0.201811011841/tools/bin/../lib/gcc/arm-none-eabi/7.3.1/../../../../arm-none-eabi/lib/thumb/v8-m.main/fpv5-sp/hard\libcr_c.a(fputs.o)
 .ARM.attributes
                0x000006b8       0x3c c:/nxp/mcuxpressoide_10.3.1_2233/ide/plugins/com.nxp.mcuxpresso.tools.win32_10.3.0.201811011841/tools/bin/../lib/gcc/arm-none-eabi/7.3.1/../../../../arm-none-eabi/lib/thumb/v8-m.main/fpv5-sp/hard\libcr_c.a(fseek.o)
 .ARM.attributes
                0x000006f4       0x3c c:/nxp/mcuxpressoide_10.3.1_2233/ide/plugins/com.nxp.mcuxpresso.tools.win32_10.3.0.201811011841/tools/bin/../lib/gcc/arm-none-eabi/7.3.1/../../../../arm-none-eabi/lib/thumb/v8-m.main/fpv5-sp/hard\libcr_c.a(ftell.o)
 .ARM.attributes
                0x00000730       0x3c c:/nxp/mcuxpressoide_10.3.1_2233/ide/plugins/com.nxp.mcuxpresso.tools.win32_10.3.0.201811011841/tools/bin/../lib/gcc/arm-none-eabi/7.3.1/../../../../arm-none-eabi/lib/thumb/v8-m.main/fpv5-sp/hard\libcr_c.a(initio.o)
 .ARM.attributes
                0x0000076c       0x3c c:/nxp/mcuxpressoide_10.3.1_2233/ide/plugins/com.nxp.mcuxpresso.tools.win32_10.3.0.201811011841/tools/bin/../lib/gcc/arm-none-eabi/7.3.1/../../../../arm-none-eabi/lib/thumb/v8-m.main/fpv5-sp/hard\libcr_c.a(printf.o)
 .ARM.attributes
                0x000007a8       0x3c c:/nxp/mcuxpressoide_10.3.1_2233/ide/plugins/com.nxp.mcuxpresso.tools.win32_10.3.0.201811011841/tools/bin/../lib/gcc/arm-none-eabi/7.3.1/../../../../arm-none-eabi/lib/thumb/v8-m.main/fpv5-sp/hard\libcr_c.a(setvbuf.o)
 .ARM.attributes
                0x000007e4       0x3c c:/nxp/mcuxpressoide_10.3.1_2233/ide/plugins/com.nxp.mcuxpresso.tools.win32_10.3.0.201811011841/tools/bin/../lib/gcc/arm-none-eabi/7.3.1/../../../../arm-none-eabi/lib/thumb/v8-m.main/fpv5-sp/hard\libcr_c.a(strlen.o)
 .ARM.attributes
                0x00000820       0x3c c:/nxp/mcuxpressoide_10.3.1_2233/ide/plugins/com.nxp.mcuxpresso.tools.win32_10.3.0.201811011841/tools/bin/../lib/gcc/arm-none-eabi/7.3.1/../../../../arm-none-eabi/lib/thumb/v8-m.main/fpv5-sp/hard\libcr_c.a(__init_alloc.o)
 .ARM.attributes
                0x0000085c       0x3c c:/nxp/mcuxpressoide_10.3.1_2233/ide/plugins/com.nxp.mcuxpresso.tools.win32_10.3.0.201811011841/tools/bin/../lib/gcc/arm-none-eabi/7.3.1/../../../../arm-none-eabi/lib/thumb/v8-m.main/fpv5-sp/hard\libcr_c.a(_cr_sbrk.o)
 .ARM.attributes
                0x00000898       0x3c c:/nxp/mcuxpressoide_10.3.1_2233/ide/plugins/com.nxp.mcuxpresso.tools.win32_10.3.0.201811011841/tools/bin/../lib/gcc/arm-none-eabi/7.3.1/../../../../arm-none-eabi/lib/thumb/v8-m.main/fpv5-sp/hard\libcr_c.a(_fdopen.o)
 .ARM.attributes
                0x000008d4       0x3c c:/nxp/mcuxpressoide_10.3.1_2233/ide/plugins/com.nxp.mcuxpresso.tools.win32_10.3.0.201811011841/tools/bin/../lib/gcc/arm-none-eabi/7.3.1/../../../../arm-none-eabi/lib/thumb/v8-m.main/fpv5-sp/hard\libcr_c.a(errno.o)
 .ARM.attributes
                0x00000910       0x3c c:/nxp/mcuxpressoide_10.3.1_2233/ide/plugins/com.nxp.mcuxpresso.tools.win32_10.3.0.201811011841/tools/bin/../lib/gcc/arm-none-eabi/7.3.1/../../../../arm-none-eabi/lib/thumb/v8-m.main/fpv5-sp/hard\libcr_c.a(fclose.o)
 .ARM.attributes
                0x0000094c       0x3c c:/nxp/mcuxpressoide_10.3.1_2233/ide/plugins/com.nxp.mcuxpresso.tools.win32_10.3.0.201811011841/tools/bin/../lib/gcc/arm-none-eabi/7.3.1/../../../../arm-none-eabi/lib/thumb/v8-m.main/fpv5-sp/hard\libcr_c.a(fflush.o)
 .ARM.attributes
                0x00000988       0x3c c:/nxp/mcuxpressoide_10.3.1_2233/ide/plugins/com.nxp.mcuxpresso.tools.win32_10.3.0.201811011841/tools/bin/../lib/gcc/arm-none-eabi/7.3.1/../../../../arm-none-eabi/lib/thumb/v8-m.main/fpv5-sp/hard\libcr_c.a(remove.o)
 .ARM.attributes
                0x000009c4       0x3c c:/nxp/mcuxpressoide_10.3.1_2233/ide/plugins/com.nxp.mcuxpresso.tools.win32_10.3.0.201811011841/tools/bin/../lib/gcc/arm-none-eabi/7.3.1/../../../../arm-none-eabi/lib/thumb/v8-m.main/fpv5-sp/hard\libcr_c.a(_cr_check_heap.o)
 .ARM.attributes
                0x00000a00       0x3c c:/nxp/mcuxpressoide_10.3.1_2233/ide/plugins/com.nxp.mcuxpresso.tools.win32_10.3.0.201811011841/tools/bin/../lib/gcc/arm-none-eabi/7.3.1/../../../../arm-none-eabi/lib/thumb/v8-m.main/fpv5-sp/hard\libcr_c.a(_do_fflush.o)
 .ARM.attributes
                0x00000a3c       0x3c c:/nxp/mcuxpressoide_10.3.1_2233/ide/plugins/com.nxp.mcuxpresso.tools.win32_10.3.0.201811011841/tools/bin/../lib/gcc/arm-none-eabi/7.3.1/thumb/v8-m.main/fpv5-sp/hard\libcr_eabihelpers.a(double.o)
 .ARM.attributes
                0x00000a78       0x3c c:/nxp/mcuxpressoide_10.3.1_2233/ide/plugins/com.nxp.mcuxpresso.tools.win32_10.3.0.201811011841/tools/bin/../lib/gcc/arm-none-eabi/7.3.1/thumb/v8-m.main/fpv5-sp/hard\libcr_eabihelpers.a(float.o)
 .ARM.attributes
                0x00000ab4       0x28 c:/nxp/mcuxpressoide_10.3.1_2233/ide/plugins/com.nxp.mcuxpresso.tools.win32_10.3.0.201811011841/tools/bin/../lib/gcc/arm-none-eabi/7.3.1/thumb/v8-m.main/fpv5-sp/hard\libcr_eabihelpers.a(memcpy.o)
 .ARM.attributes
                0x00000adc       0x28 c:/nxp/mcuxpressoide_10.3.1_2233/ide/plugins/com.nxp.mcuxpresso.tools.win32_10.3.0.201811011841/tools/bin/../lib/gcc/arm-none-eabi/7.3.1/../../../../arm-none-eabi/lib/thumb/v8-m.main/fpv5-sp/hard\libcr_semihost_nf.a(__sys_close.o)
 .ARM.attributes
                0x00000b04       0x28 c:/nxp/mcuxpressoide_10.3.1_2233/ide/plugins/com.nxp.mcuxpresso.tools.win32_10.3.0.201811011841/tools/bin/../lib/gcc/arm-none-eabi/7.3.1/../../../../arm-none-eabi/lib/thumb/v8-m.main/fpv5-sp/hard\libcr_semihost_nf.a(__sys_flen.o)
 .ARM.attributes
                0x00000b2c       0x28 c:/nxp/mcuxpressoide_10.3.1_2233/ide/plugins/com.nxp.mcuxpresso.tools.win32_10.3.0.201811011841/tools/bin/../lib/gcc/arm-none-eabi/7.3.1/../../../../arm-none-eabi/lib/thumb/v8-m.main/fpv5-sp/hard\libcr_semihost_nf.a(__sys_istty.o)
 .ARM.attributes
                0x00000b54       0x28 c:/nxp/mcuxpressoide_10.3.1_2233/ide/plugins/com.nxp.mcuxpresso.tools.win32_10.3.0.201811011841/tools/bin/../lib/gcc/arm-none-eabi/7.3.1/../../../../arm-none-eabi/lib/thumb/v8-m.main/fpv5-sp/hard\libcr_semihost_nf.a(__sys_remove.o)
 .ARM.attributes
                0x00000b7c       0x28 c:/nxp/mcuxpressoide_10.3.1_2233/ide/plugins/com.nxp.mcuxpresso.tools.win32_10.3.0.201811011841/tools/bin/../lib/gcc/arm-none-eabi/7.3.1/../../../../arm-none-eabi/lib/thumb/v8-m.main/fpv5-sp/hard\libcr_semihost_nf.a(__sys_seek.o)
 .ARM.attributes
                0x00000ba4       0x28 c:/nxp/mcuxpressoide_10.3.1_2233/ide/plugins/com.nxp.mcuxpresso.tools.win32_10.3.0.201811011841/tools/bin/../lib/gcc/arm-none-eabi/7.3.1/../../../../arm-none-eabi/lib/thumb/v8-m.main/fpv5-sp/hard\libcr_semihost_nf.a(__sys_tmpnam.o)
 .ARM.attributes
                0x00000bcc       0x28 c:/nxp/mcuxpressoide_10.3.1_2233/ide/plugins/com.nxp.mcuxpresso.tools.win32_10.3.0.201811011841/tools/bin/../lib/gcc/arm-none-eabi/7.3.1/../../../../arm-none-eabi/lib/thumb/v8-m.main/fpv5-sp/hard\libcr_semihost_nf.a(__sys_write.o)

.debug_frame    0x00000000     0x2724
 .debug_frame   0x00000000      0x100 ./utilities/fsl_debug_console.o
 .debug_frame   0x00000100      0x694 ./startup/startup_lpc55s69_cm33_core0.o
 .debug_frame   0x00000794       0x20 ./source/semihost_hardfault.o
 .debug_frame   0x000007b4      0x37c ./source/spi_polling_b2b_transfer_master.o
 .debug_frame   0x00000b30      0x92c ./drivers/fsl_clock.o
 .debug_frame   0x0000145c      0x1ec ./drivers/fsl_flexcomm.o
 .debug_frame   0x00001648       0x84 ./drivers/fsl_gpio.o
 .debug_frame   0x000016cc       0x7c ./drivers/fsl_reset.o
 .debug_frame   0x00001748      0x3d0 ./drivers/fsl_spi.o
 .debug_frame   0x00001b18      0x388 ./drivers/fsl_usart.o
 .debug_frame   0x00001ea0      0x218 ./device/system_LPC55S69_cm33_core0.o
 .debug_frame   0x000020b8       0xc8 ./component/uart/usart_adapter.o
 .debug_frame   0x00002180      0x208 ./component/serial_manager/serial_manager.o
 .debug_frame   0x00002388       0xa0 ./component/serial_manager/serial_port_uart.o
 .debug_frame   0x00002428       0x58 ./board/board.o
 .debug_frame   0x00002480       0xb0 ./board/clock_config.o
 .debug_frame   0x00002530       0xa0 ./board/pin_mux.o
 .debug_frame   0x000025d0      0x154 C:\Users\eduardoContreras\Documents\MCUXpressoIDE_10.3.1_2233\workspace\Reto_NXP\lpcxpresso55s69_spi_polling_b2b_transfer_master_spiPolling\libs\libpower_hardabi.a(fsl_power_lib.o)

.debug_loc      0x00000000      0xa55
 .debug_loc     0x00000000      0xa55 C:\Users\eduardoContreras\Documents\MCUXpressoIDE_10.3.1_2233\workspace\Reto_NXP\lpcxpresso55s69_spi_polling_b2b_transfer_master_spiPolling\libs\libpower_hardabi.a(fsl_power_lib.o)