Archive member included to satisfy reference by file (symbol)

C:\Users\eduardoContreras\Documents\MCUXpressoIDE_10.3.1_2233\workspace\Reto_NXP\lpcxpresso55s69_spi_polling_b2b_transfer_master_spiPolling\libs\libpower_hardabi.a(fsl_power_lib.o)
                              ./drivers/fsl_clock.o (POWER_SetVoltageForFreq)
c:/nxp/mcuxpressoide_10.3.1_2233/ide/plugins/com.nxp.mcuxpresso.tools.win32_10.3.0.201811011841/tools/bin/../lib/gcc/arm-none-eabi/7.3.1/../../../../arm-none-eabi/lib/thumb/v8-m.main/fpv5-sp/hard\libcr_semihost_nf.a(_cr__main.o)
                              ./startup/startup_lpc55s69_cm33_core0.o (__main)
c:/nxp/mcuxpressoide_10.3.1_2233/ide/plugins/com.nxp.mcuxpresso.tools.win32_10.3.0.201811011841/tools/bin/../lib/gcc/arm-none-eabi/7.3.1/../../../../arm-none-eabi/lib/thumb/v8-m.main/fpv5-sp/hard\libcr_semihost_nf.a(_cr_assert.o)
                              ./utilities/fsl_debug_console.o (__assertion_failed)
c:/nxp/mcuxpressoide_10.3.1_2233/ide/plugins/com.nxp.mcuxpresso.tools.win32_10.3.0.201811011841/tools/bin/../lib/gcc/arm-none-eabi/7.3.1/../../../../arm-none-eabi/lib/thumb/v8-m.main/fpv5-sp/hard\libcr_semihost_nf.a(__ciob.o)
                              c:/nxp/mcuxpressoide_10.3.1_2233/ide/plugins/com.nxp.mcuxpresso.tools.win32_10.3.0.201811011841/tools/bin/../lib/gcc/arm-none-eabi/7.3.1/../../../../arm-none-eabi/lib/thumb/v8-m.main/fpv5-sp/hard\libcr_semihost_nf.a(_cr_assert.o) (__Ciob)
c:/nxp/mcuxpressoide_10.3.1_2233/ide/plugins/com.nxp.mcuxpresso.tools.win32_10.3.0.201811011841/tools/bin/../lib/gcc/arm-none-eabi/7.3.1/../../../../arm-none-eabi/lib/thumb/v8-m.main/fpv5-sp/hard\libcr_semihost_nf.a(__sys_appexit.o)
                              c:/nxp/mcuxpressoide_10.3.1_2233/ide/plugins/com.nxp.mcuxpresso.tools.win32_10.3.0.201811011841/tools/bin/../lib/gcc/arm-none-eabi/7.3.1/../../../../arm-none-eabi/lib/thumb/v8-m.main/fpv5-sp/hard\libcr_semihost_nf.a(_cr_assert.o) (__sys_appexit)
c:/nxp/mcuxpressoide_10.3.1_2233/ide/plugins/com.nxp.mcuxpresso.tools.win32_10.3.0.201811011841/tools/bin/../lib/gcc/arm-none-eabi/7.3.1/../../../../arm-none-eabi/lib/thumb/v8-m.main/fpv5-sp/hard\libcr_c.a(memcpy.o)
                              ./source/spi_polling_b2b_transfer_master.o (memcpy)
c:/nxp/mcuxpressoide_10.3.1_2233/ide/plugins/com.nxp.mcuxpresso.tools.win32_10.3.0.201811011841/tools/bin/../lib/gcc/arm-none-eabi/7.3.1/../../../../arm-none-eabi/lib/thumb/v8-m.main/fpv5-sp/hard\libcr_c.a(memset.o)
                              ./utilities/fsl_debug_console.o (memset)
c:/nxp/mcuxpressoide_10.3.1_2233/ide/plugins/com.nxp.mcuxpresso.tools.win32_10.3.0.201811011841/tools/bin/../lib/gcc/arm-none-eabi/7.3.1/../../../../arm-none-eabi/lib/thumb/v8-m.main/fpv5-sp/hard\libcr_c.a(_deferredlazyseek.o)
                              c:/nxp/mcuxpressoide_10.3.1_2233/ide/plugins/com.nxp.mcuxpresso.tools.win32_10.3.0.201811011841/tools/bin/../lib/gcc/arm-none-eabi/7.3.1/../../../../arm-none-eabi/lib/thumb/v8-m.main/fpv5-sp/hard\libcr_semihost_nf.a(_cr_assert.o) (__flsbuf)
c:/nxp/mcuxpressoide_10.3.1_2233/ide/plugins/com.nxp.mcuxpresso.tools.win32_10.3.0.201811011841/tools/bin/../lib/gcc/arm-none-eabi/7.3.1/../../../../arm-none-eabi/lib/thumb/v8-m.main/fpv5-sp/hard\libcr_c.a(_fflush.o)
                              c:/nxp/mcuxpressoide_10.3.1_2233/ide/plugins/com.nxp.mcuxpresso.tools.win32_10.3.0.201811011841/tools/bin/../lib/gcc/arm-none-eabi/7.3.1/../../../../arm-none-eabi/lib/thumb/v8-m.main/fpv5-sp/hard\libcr_c.a(_deferredlazyseek.o) (_fflush)
c:/nxp/mcuxpressoide_10.3.1_2233/ide/plugins/com.nxp.mcuxpresso.tools.win32_10.3.0.201811011841/tools/bin/../lib/gcc/arm-none-eabi/7.3.1/../../../../arm-none-eabi/lib/thumb/v8-m.main/fpv5-sp/hard\libcr_c.a(_writebuf.o)
                              c:/nxp/mcuxpressoide_10.3.1_2233/ide/plugins/com.nxp.mcuxpresso.tools.win32_10.3.0.201811011841/tools/bin/../lib/gcc/arm-none-eabi/7.3.1/../../../../arm-none-eabi/lib/thumb/v8-m.main/fpv5-sp/hard\libcr_c.a(_deferredlazyseek.o) (_Cwritebuf)
c:/nxp/mcuxpressoide_10.3.1_2233/ide/plugins/com.nxp.mcuxpresso.tools.win32_10.3.0.201811011841/tools/bin/../lib/gcc/arm-none-eabi/7.3.1/../../../../arm-none-eabi/lib/thumb/v8-m.main/fpv5-sp/hard\libcr_c.a(alloc.o)
                              ./drivers/fsl_common.o (malloc)
c:/nxp/mcuxpressoide_10.3.1_2233/ide/plugins/com.nxp.mcuxpresso.tools.win32_10.3.0.201811011841/tools/bin/../lib/gcc/arm-none-eabi/7.3.1/../../../../arm-none-eabi/lib/thumb/v8-m.main/fpv5-sp/hard\libcr_c.a(fputs.o)
                              c:/nxp/mcuxpressoide_10.3.1_2233/ide/plugins/com.nxp.mcuxpresso.tools.win32_10.3.0.201811011841/tools/bin/../lib/gcc/arm-none-eabi/7.3.1/../../../../arm-none-eabi/lib/thumb/v8-m.main/fpv5-sp/hard\libcr_semihost_nf.a(_cr_assert.o) (fputs)
[...]
Memory Configuration

Name             Origin             Length             Attributes
PROGRAM_FLASH    0x00000000         0x00098000         xr
SRAM             0x20000000         0x00044000         xrw
SRAMX            0x04000000         0x00008000         xrw
USB_RAM          0x40100000         0x00004000         xrw
*default*        0x00000000         0xffffffff

Linker script and memory map

LOAD ./utilities/fsl_assert.o
LOAD ./utilities/fsl_debug_console.o
LOAD ./utilities/fsl_str.o
LOAD ./startup/boot_multicore_slave.o
LOAD ./startup/startup_lpc55s69_cm33_core0.o
LOAD ./source/semihost_hardfault.o
LOAD ./source/spi_polling_b2b_transfer_master.o
LOAD ./drivers/fsl_clock.o
LOAD ./drivers/fsl_common.o
LOAD ./drivers/fsl_flexcomm.o
LOAD ./drivers/fsl_gpio.o
LOAD ./drivers/fsl_inputmux.o
LOAD ./drivers/fsl_power.o
LOAD ./drivers/fsl_reset.o
LOAD ./drivers/fsl_spi.o
LOAD ./drivers/fsl_usart.o
LOAD ./device/system_LPC55S69_cm33_core0.o
LOAD ./component/uart/usart_adapter.o
LOAD ./component/serial_manager/serial_manager.o
LOAD ./component/serial_manager/serial_port_uart.o
LOAD ./component/lists/generic_list.o
LOAD ./board/board.o
LOAD ./board/clock_config.o
LOAD ./board/pin_mux.o
LOAD C:\Users\eduardoContreras\Documents\MCUXpressoIDE_10.3.1_2233\workspace\Reto_NXP\lpcxpresso55s69_spi_polling_b2b_transfer_master_spiPolling\libs\libpower_hardabi.a
START GROUP
LOAD c:/nxp/mcuxpressoide_10.3.1_2233/ide/plugins/com.nxp.mcuxpresso.tools.win32_10.3.0.201811011841/tools/bin/../lib/gcc/arm-none-eabi/7.3.1/../../../../arm-none-eabi/lib/thumb/v8-m.main/fpv5-sp/hard\libcr_semihost_nf.a
LOAD c:/nxp/mcuxpressoide_10.3.1_2233/ide/plugins/com.nxp.mcuxpresso.tools.win32_10.3.0.201811011841/tools/bin/../lib/gcc/arm-none-eabi/7.3.1/../../../../arm-none-eabi/lib/thumb/v8-m.main/fpv5-sp/hard\libcr_c.a
LOAD c:/nxp/mcuxpressoide_10.3.1_2233/ide/plugins/com.nxp.mcuxpresso.tools.win32_10.3.0.201811011841/tools/bin/../lib/gcc/arm-none-eabi/7.3.1/thumb/v8-m.main/fpv5-sp/hard\libcr_eabihelpers.a
LOAD c:/nxp/mcuxpressoide_10.3.1_2233/ide/plugins/com.nxp.mcuxpresso.tools.win32_10.3.0.201811011841/tools/bin/../lib/gcc/arm-none-eabi/7.3.1/thumb/v8-m.main/fpv5-sp/hard\libgcc.a
END GROUP
                0x00000000                __base_PROGRAM_FLASH = 0x0
                0x00000000                __base_Flash = 0x0
                0x00098000                __top_PROGRAM_FLASH = 0x98000
                0x00098000                __top_Flash = 0x98000
                0x20000000                __base_SRAM = 0x20000000
                0x20000000                __base_RAM = 0x20000000
                0x20044000                __top_SRAM = 0x20044000
                0x20044000                __top_RAM = 0x20044000
                0x04000000                __base_SRAMX = 0x4000000
                0x04000000                __base_RAM2 = 0x4000000
                0x04008000                __top_SRAMX = 0x4008000
                0x04008000                __top_RAM2 = 0x4008000
                0x40100000                __base_USB_RAM = 0x40100000
                0x40100000                __base_RAM3 = 0x40100000
                0x40104000                __top_USB_RAM = 0x40104000
                0x40104000                __top_RAM3 = 0x40104000

.text           0x00000000     0x69dc
 FILL mask 0xff
                0x00000000                __vectors_start__ = ABSOLUTE (.)
 *(SORT_BY_ALIGNMENT(.isr_vector))
 .isr_vector    0x00000000      0x130 ./startup/startup_lpc55s69_cm33_core0.o
                0x00000000                g_pfnVectors
                0x00000000                __Vectors
                0x00000130                . = ALIGN (0x4)
                0x00000130                __section_table_start = .
                0x00000130                __data_section_table = .
                0x00000130        0x4 LONG 0x69dc LOADADDR (.data)
                0x00000134        0x4 LONG 0x20000000 ADDR (.data)
                0x00000138        0x4 LONG 0x12c SIZEOF (.data)
                0x0000013c        0x4 LONG 0x69dc LOADADDR (.data_RAM2)
                0x00000140        0x4 LONG 0x4000000 ADDR (.data_RAM2)
                0x00000144        0x4 LONG 0x0 SIZEOF (.data_RAM2)
                0x00000148        0x4 LONG 0x69dc LOADADDR (.data_RAM3)
                0x0000014c        0x4 LONG 0x40100000 ADDR (.data_RAM3)
                0x00000150        0x4 LONG 0x0 SIZEOF (.data_RAM3)
                0x00000154                __data_section_table_end = .
                0x00000154                __bss_section_table = .
                0x00000154        0x4 LONG 0x2000012c ADDR (.bss)
                0x00000158        0x4 LONG 0x174 SIZEOF (.bss)
                0x0000015c        0x4 LONG 0x4000000 ADDR (.bss_RAM2)
                0x00000160        0x4 LONG 0x0 SIZEOF (.bss_RAM2)
                0x00000164        0x4 LONG 0x40100000 ADDR (.bss_RAM3)
                0x00000168        0x4 LONG 0x0 SIZEOF (.bss_RAM3)
                0x0000016c                __bss_section_table_end = .
                0x0000016c                __section_table_end = .
 *(SORT_BY_ALIGNMENT(.after_vectors*))
 .after_vectors.reset
                0x0000016c       0x4c ./startup/startup_lpc55s69_cm33_core0.o
                0x0000016c                ResetISR
 .after_vectors.init_data
                0x000001b8       0x1e ./startup/startup_lpc55s69_cm33_core0.o
                0x000001b8                data_init
 .after_vectors.init_bss
                0x000001d6       0x12 ./startup/startup_lpc55s69_cm33_core0.o
                0x000001d6                bss_init
 .after_vectors
                0x000001e8       0x14 ./startup/startup_lpc55s69_cm33_core0.o
                0x000001e8                NMI_Handler
                0x000001ec                MemManage_Handler
                0x000001ee                BusFault_Handler
                0x000001f0                UsageFault_Handler
                0x000001f2                SVC_Handler
                0x000001f4                DebugMon_Handler
                0x000001f6                PendSV_Handler
                0x000001f8                SysTick_Handler
                0x000001fa                PIN_INT2_DriverIRQHandler
                0x000001fa                Reserved56_DriverIRQHandler
                0x000001fa                PIN_INT0_DriverIRQHandler
                0x000001fa                CTIMER2_DriverIRQHandler
                0x000001fa                PIN_INT3_DriverIRQHandler
                0x000001fa                SEC_VIO_DriverIRQHandler
                0x000001fa                IntDefaultHandler
                0x000001fa                USB0_DriverIRQHandler
                0x000001fa                CASER_DriverIRQHandler
                0x000001fa                MRT0_DriverIRQHandler
                0x000001fa                UTICK0_DriverIRQHandler
                0x000001fa                Reserved41_DriverIRQHandler
                0x000001fa                PIN_INT4_DriverIRQHandler
                0x000001fa                PIN_INT5_DriverIRQHandler
                0x000001fa                SEC_GPIO_INT0_IRQ0_DriverIRQHandler
                0x000001fa                CTIMER4_DriverIRQHandler
                0x000001fa                GINT1_DriverIRQHandler
                0x000001fa                PIN_INT7_DriverIRQHandler
                0x000001fa                Reserved55_DriverIRQHandler
                0x000001fa                Reserved42_DriverIRQHandler
                0x000001fa                USB0_NEEDCLK_DriverIRQHandler
                0x000001fa                CTIMER0_DriverIRQHandler
                0x000001fa                CTIMER1_DriverIRQHandler
                0x000001fa                PIN_INT6_DriverIRQHandler
                0x000001fa                PQ_DriverIRQHandler
                0x000001fa                MAILBOX_DriverIRQHandler
                0x000001fa                PIN_INT1_DriverIRQHandler
                0x000001fa                CTIMER3_DriverIRQHandler
                0x000001fa                Reserved61_DriverIRQHandler
                0x000001fa                SEC_GPIO_INT0_IRQ1_DriverIRQHandler
                0x000001fa                PUF_DriverIRQHandler
                0x000001fa                RTC_DriverIRQHandler
                0x000001fa                DMA0_DriverIRQHandler
                0x000001fa                Reserved39_DriverIRQHandler
                0x000001fa                USB1_DriverIRQHandler
                0x000001fa                Reserved60_DriverIRQHandler
                0x000001fa                DMA1_DriverIRQHandler
                0x000001fa                ADC0_DriverIRQHandler
                0x000001fa                USB1_NEEDCLK_DriverIRQHandler
                0x000001fa                Reserved59_DriverIRQHandler
                0x000001fa                SDIO_DriverIRQHandler
                0x000001fa                GINT0_DriverIRQHandler
                0x000001fa                LSPI_HS_DriverIRQHandler
                0x000001fa                ACMP_DriverIRQHandler
                0x000001fa                Reserved57_DriverIRQHandler
                0x000001fa                HASHCRYPT_DriverIRQHandler
                0x000001fa                Reserved46_DriverIRQHandler
                0x000001fa                USB1_UTMI_DriverIRQHandler
                0x000001fa                WDT_BOD_DriverIRQHandler
                0x000001fa                SCT0_DriverIRQHandler
                0x000001fa                PLU_DriverIRQHandler
                0x000001fa                OS_EVENT_DriverIRQHandler
                0x000001fa                SEC_HYPERVISOR_CALL_DriverIRQHandler
 *(SORT_BY_ALIGNMENT(.text*))
 *fill*         0x000001fc        0x4 ff
 .text.CLOCK_SetFLASHAccessCyclesForFreq
                0x00000200       0x80 ./drivers/fsl_clock.o
                0x00000200                CLOCK_SetFLASHAccessCyclesForFreq
 .text.DbgConsole_Init
                0x00000280       0xf8 ./utilities/fsl_debug_console.o
                0x00000280                DbgConsole_Init
 .text.main     0x00000378      0x140 ./source/spi_polling_b2b_transfer_master.o
                0x00000378                main
 .text.RFM_Read
                0x000004b8       0x6c ./source/spi_polling_b2b_transfer_master.o
                0x000004b8                RFM_Read
 .text.RFM_Write
                0x00000524       0x70 ./source/spi_polling_b2b_transfer_master.o
                0x00000524                RFM_Write
 .text.RFM_Init
                0x00000594       0xc8 ./source/spi_polling_b2b_transfer_master.o
                0x00000594                RFM_Init
 .text.LORA_Send_Data
                0x0000065c      0x134 ./source/spi_polling_b2b_transfer_master.o
                0x0000065c                LORA_Send_Data
 .text.RFM_Send_Package
                0x00000790       0xe8 ./source/spi_polling_b2b_transfer_master.o
                0x00000790                RFM_Send_Package
 .text.Encrypt_Payload
                0x00000878      0x174 ./source/spi_polling_b2b_transfer_master.o
                0x00000878                Encrypt_Payload
 .text.Calculate_MIC
                0x000009ec      0x314 ./source/spi_polling_b2b_transfer_master.o
                0x000009ec                Calculate_MIC
 .text.Generate_Keys
                0x00000d00       0xa8 ./source/spi_polling_b2b_transfer_master.o
                0x00000d00                Generate_Keys
 .text.AES_Sub_Byte
                0x00000da8       0x34 ./source/spi_polling_b2b_transfer_master.o
                0x00000da8                AES_Sub_Byte
 .text.POWER_DisablePD
                0x00000ddc       0x20 ./drivers/fsl_clock.o
 .text.CLOCK_AttachClk
                0x00000dfc       0x94 ./drivers/fsl_clock.o
                0x00000dfc                CLOCK_AttachClk
 .text.CLOCK_SetClkDiv
                0x00000e90       0x5c ./drivers/fsl_clock.o
                0x00000e90                CLOCK_SetClkDiv
 .text.CLOCK_SetupFROClocking
                0x00000eec       0x94 ./drivers/fsl_clock.o
                0x00000eec                CLOCK_SetupFROClocking
 .text.CLOCK_GetClockOutClkFreq
                0x00000f80       0x98 ./drivers/fsl_clock.o
                0x00000f80                CLOCK_GetClockOutClkFreq
 .text.CLOCK_GetAdcClkFreq
                0x00001018       0x78 ./drivers/fsl_clock.o
                0x00001018                CLOCK_GetAdcClkFreq
 .text.CLOCK_GetUsb0ClkFreq
                0x00001090       0x80 ./drivers/fsl_clock.o
                0x00001090                CLOCK_GetUsb0ClkFreq
 .text.CLOCK_GetUsb1ClkFreq
                0x00001110       0x2c ./drivers/fsl_clock.o
                0x00001110                CLOCK_GetUsb1ClkFreq
 .text.CLOCK_GetSctClkFreq
                0x0000113c       0x88 ./drivers/fsl_clock.o
                0x0000113c                CLOCK_GetSctClkFreq
 .text.CLOCK_GetSdioClkFreq
                0x000011c4       0x80 ./drivers/fsl_clock.o
                0x000011c4                CLOCK_GetSdioClkFreq
 .text.CLOCK_GetFro12MFreq
                0x00001244       0x40 ./drivers/fsl_clock.o
                0x00001244                CLOCK_GetFro12MFreq
 .text.CLOCK_GetFro1MFreq
                0x00001284       0x28 ./drivers/fsl_clock.o
                0x00001284                CLOCK_GetFro1MFreq
 .text.CLOCK_GetExtClkFreq
                0x000012ac       0x2c ./drivers/fsl_clock.o
                0x000012ac                CLOCK_GetExtClkFreq
 .text.CLOCK_GetFroHfFreq
                0x000012d8       0x40 ./drivers/fsl_clock.o
                0x000012d8                CLOCK_GetFroHfFreq
 .text.CLOCK_GetPll0OutFreq
                0x00001318       0x18 ./drivers/fsl_clock.o
                0x00001318                CLOCK_GetPll0OutFreq
 .text.CLOCK_GetPll1OutFreq
                0x00001330       0x18 ./drivers/fsl_clock.o
                0x00001330                CLOCK_GetPll1OutFreq
 .text.CLOCK_GetOsc32KFreq
                0x00001348       0x3c ./drivers/fsl_clock.o
                0x00001348                CLOCK_GetOsc32KFreq
 .text.CLOCK_GetCoreSysClkFreq
                0x00001384       0xa4 ./drivers/fsl_clock.o
                0x00001384                CLOCK_GetCoreSysClkFreq
 .text.CLOCK_GetI2SMClkFreq
                0x00001428       0x18 ./drivers/fsl_clock.o
                0x00001428                CLOCK_GetI2SMClkFreq
 .text.CLOCK_GetFlexCommInputClock
                0x00001440       0xb4 ./drivers/fsl_clock.o
                0x00001440                CLOCK_GetFlexCommInputClock
 .text.CLOCK_GetHsLspiClkFreq
                0x000014f4       0xa4 ./drivers/fsl_clock.o
                0x000014f4                CLOCK_GetHsLspiClkFreq
 .text.CLOCK_GetCTimerClkFreq
                0x00001598       0x88 ./drivers/fsl_clock.o
                0x00001598                CLOCK_GetCTimerClkFreq
 .text.CLOCK_GetSystickClkFreq
                0x00001620       0x8c ./drivers/fsl_clock.o
                0x00001620                CLOCK_GetSystickClkFreq
 .text.CLOCK_GetFreq
                0x000016ac      0x1d8 ./drivers/fsl_clock.o
                0x000016ac                CLOCK_GetFreq
 .text.FLEXCOMM_GetInstance
                0x00001884       0x44 ./drivers/fsl_flexcomm.o
                0x00001884                FLEXCOMM_GetInstance
 .text.FLEXCOMM_Init
                0x000018c8       0x5c ./drivers/fsl_flexcomm.o
                0x000018c8                FLEXCOMM_Init
 .text.FLEXCOMM0_DriverIRQHandler
                0x00001924       0x38 ./drivers/fsl_flexcomm.o
                0x00001924                FLEXCOMM0_DriverIRQHandler
 .text.FLEXCOMM1_DriverIRQHandler
                0x0000195c       0x38 ./drivers/fsl_flexcomm.o
                0x0000195c                FLEXCOMM1_DriverIRQHandler
 .text.FLEXCOMM2_DriverIRQHandler
                0x00001994       0x38 ./drivers/fsl_flexcomm.o
                0x00001994                FLEXCOMM2_DriverIRQHandler
 .text.FLEXCOMM3_DriverIRQHandler
                0x000019cc       0x38 ./drivers/fsl_flexcomm.o
                0x000019cc                FLEXCOMM3_DriverIRQHandler
 .text.FLEXCOMM4_DriverIRQHandler
                0x00001a04       0x38 ./drivers/fsl_flexcomm.o
                0x00001a04                FLEXCOMM4_DriverIRQHandler
 .text.FLEXCOMM5_DriverIRQHandler
                0x00001a3c       0x38 ./drivers/fsl_flexcomm.o
                0x00001a3c                FLEXCOMM5_DriverIRQHandler
 .text.FLEXCOMM6_DriverIRQHandler
                0x00001a74       0x38 ./drivers/fsl_flexcomm.o
                0x00001a74                FLEXCOMM6_DriverIRQHandler
 .text.FLEXCOMM7_DriverIRQHandler
                0x00001aac       0x38 ./drivers/fsl_flexcomm.o
                0x00001aac                FLEXCOMM7_DriverIRQHandler
 .text.GPIO_PortInit
                0x00001ae4       0x48 ./drivers/fsl_gpio.o
                0x00001ae4                GPIO_PortInit
 .text.RESET_SetPeripheralReset
                0x00001b2c       0x5c ./drivers/fsl_reset.o
                0x00001b2c                RESET_SetPeripheralReset
 .text.RESET_ClearPeripheralReset
                0x00001b88       0x5c ./drivers/fsl_reset.o
                0x00001b88                RESET_ClearPeripheralReset
 .text.SPI_SetTransferDelay
                0x00001be4       0x60 ./drivers/fsl_spi.o
 .text.SPI_GetInstance
                0x00001c44       0x44 ./drivers/fsl_spi.o
                0x00001c44                SPI_GetInstance
 .text.SPI_SetDummyData
                0x00001c88       0x2c ./drivers/fsl_spi.o
                0x00001c88                SPI_SetDummyData
 .text.SPI_MasterGetDefaultConfig
                0x00001cb4       0x88 ./drivers/fsl_spi.o
                0x00001cb4                SPI_MasterGetDefaultConfig
 .text.SPI_MasterInit
                0x00001d3c      0x1b4 ./drivers/fsl_spi.o
                0x00001d3c                SPI_MasterInit
 .text.SPI_MasterSetBaud
                0x00001ef0       0x84 ./drivers/fsl_spi.o
                0x00001ef0                SPI_MasterSetBaud
 .text.SPI_MasterTransferBlocking
                0x00001f74      0x29c ./drivers/fsl_spi.o
                0x00001f74                SPI_MasterTransferBlocking
 .text.USART_Init
                0x00002210      0x14c ./drivers/fsl_usart.o
                0x00002210                USART_Init
 .text.USART_GetDefaultConfig
                0x0000235c       0x64 ./drivers/fsl_usart.o
                0x0000235c                USART_GetDefaultConfig
 .text.USART_SetBaudRate
                0x000023c0       0xe4 ./drivers/fsl_usart.o
                0x000023c0                USART_SetBaudRate
 .text.SystemInit
                0x000024a4       0x64 ./device/system_LPC55S69_cm33_core0.o
                0x000024a4                SystemInit
 .text.HAL_UartInit
                0x00002508      0x108 ./component/uart/usart_adapter.o
                0x00002508                HAL_UartInit
 .text.SerialManager_Init
                0x00002610       0x74 ./component/serial_manager/serial_manager.o
                0x00002610                SerialManager_Init
 .text.SerialManager_OpenWriteHandle
                0x00002684       0x58 ./component/serial_manager/serial_manager.o
                0x00002684                SerialManager_OpenWriteHandle
 .text.SerialManager_OpenReadHandle
                0x000026dc       0x60 ./component/serial_manager/serial_manager.o
                0x000026dc                SerialManager_OpenReadHandle
 .text.Serial_UartInit
                0x0000273c       0x80 ./component/serial_manager/serial_port_uart.o
                0x0000273c                Serial_UartInit
 .text.BOARD_InitDebugConsole
                0x000027bc       0x38 ./board/board.o
                0x000027bc                BOARD_InitDebugConsole
 .text.POWER_DisablePD
                0x000027f4       0x20 ./board/clock_config.o
 .text.BOARD_BootClockFROHF96M
                0x00002814       0x58 ./board/clock_config.o
                0x00002814                BOARD_BootClockFROHF96M
 .text.BOARD_InitPins
                0x0000286c      0x104 ./board/pin_mux.o
                0x0000286c                BOARD_InitPins
 .text.nio_set_system_voltage
                0x00002970       0xc0 C:\Users\eduardoContreras\Documents\MCUXpressoIDE_10.3.1_2233\workspace\Reto_NXP\lpcxpresso55s69_spi_polling_b2b_transfer_master_spiPolling\libs\libpower_hardabi.a(fsl_power_lib.o)
                0x00002970                nio_set_system_voltage
 .text.POWER_SetVoltageForFreq
                0x00002a30       0x28 C:\Users\eduardoContreras\Documents\MCUXpressoIDE_10.3.1_2233\workspace\Reto_NXP\lpcxpresso55s69_spi_polling_b2b_transfer_master_spiPolling\libs\libpower_hardabi.a(fsl_power_lib.o)
                0x00002a30                POWER_SetVoltageForFreq
 .text.__assertion_failed
                0x00002a58       0x4c c:/nxp/mcuxpressoide_10.3.1_2233/ide/plugins/com.nxp.mcuxpresso.tools.win32_10.3.0.201811011841/tools/bin/../lib/gcc/arm-none-eabi/7.3.1/../../../../arm-none-eabi/lib/thumb/v8-m.main/fpv5-sp/hard\libcr_semihost_nf.a(_cr_assert.o)
                0x00002a58                __assertion_failed
 .text.__sys_appexit
                0x00002aa4        0xc c:/nxp/mcuxpressoide_10.3.1_2233/ide/plugins/com.nxp.mcuxpresso.tools.win32_10.3.0.201811011841/tools/bin/../lib/gcc/arm-none-eabi/7.3.1/../../../../arm-none-eabi/lib/thumb/v8-m.main/fpv5-sp/hard\libcr_semihost_nf.a(__sys_appexit.o)
                0x00002aa4                __sys_appexit
                0x00002aa4                __exit
 .text._Cwritebuf
                0x00002ab0       0x6c c:/nxp/mcuxpressoide_10.3.1_2233/ide/plugins/com.nxp.mcuxpresso.tools.win32_10.3.0.201811011841/tools/bin/../lib/gcc/arm-none-eabi/7.3.1/../../../../arm-none-eabi/lib/thumb/v8-m.main/fpv5-sp/hard\libcr_c.a(_writebuf.o)
                0x00002ab0                _Cwritebuf
 .text.malloc   0x00002b1c       0xc8 c:/nxp/mcuxpressoide_10.3.1_2233/ide/plugins/com.nxp.mcuxpresso.tools.win32_10.3.0.201811011841/tools/bin/../lib/gcc/arm-none-eabi/7.3.1/../../../../arm-none-eabi/lib/thumb/v8-m.main/fpv5-sp/hard\libcr_c.a(alloc.o)
                0x00002b1c                malloc
 .text._Csys_alloc
                0x00002be4       0x20 c:/nxp/mcuxpressoide_10.3.1_2233/ide/plugins/com.nxp.mcuxpresso.tools.win32_10.3.0.201811011841/tools/bin/../lib/gcc/arm-none-eabi/7.3.1/../../../../arm-none-eabi/lib/thumb/v8-m.main/fpv5-sp/hard\libcr_c.a(alloc.o)
                0x00002be4                _Csys_alloc
 .text.fseek    0x00002c04      0x100 c:/nxp/mcuxpressoide_10.3.1_2233/ide/plugins/com.nxp.mcuxpresso.tools.win32_10.3.0.201811011841/tools/bin/../lib/gcc/arm-none-eabi/7.3.1/../../../../arm-none-eabi/lib/thumb/v8-m.main/fpv5-sp/hard\libcr_c.a(fseek.o)
                0x00002c04                fseek
 .text.ftell    0x00002d04       0x44 c:/nxp/mcuxpressoide_10.3.1_2233/ide/plugins/com.nxp.mcuxpresso.tools.win32_10.3.0.201811011841/tools/bin/../lib/gcc/arm-none-eabi/7.3.1/../../../../arm-none-eabi/lib/thumb/v8-m.main/fpv5-sp/hard\libcr_c.a(ftell.o)
                0x00002d04                ftell
 .text._initio  0x00002d48       0x78 c:/nxp/mcuxpressoide_10.3.1_2233/ide/plugins/com.nxp.mcuxpresso.tools.win32_10.3.0.201811011841/tools/bin/../lib/gcc/arm-none-eabi/7.3.1/../../../../arm-none-eabi/lib/thumb/v8-m.main/fpv5-sp/hard\libcr_c.a(initio.o)
                0x00002d48                _initio
 .text.__vfprintf
                0x00002dc0      0xb8c c:/nxp/mcuxpressoide_10.3.1_2233/ide/plugins/com.nxp.mcuxpresso.tools.win32_10.3.0.201811011841/tools/bin/../lib/gcc/arm-none-eabi/7.3.1/../../../../arm-none-eabi/lib/thumb/v8-m.main/fpv5-sp/hard\libcr_c.a(printf.o)
                0x00002dc0                __vfprintf
 .text._vsnprintf
                0x0000394c       0x68 c:/nxp/mcuxpressoide_10.3.1_2233/ide/plugins/com.nxp.mcuxpresso.tools.win32_10.3.0.201811011841/tools/bin/../lib/gcc/arm-none-eabi/7.3.1/../../../../arm-none-eabi/lib/thumb/v8-m.main/fpv5-sp/hard\libcr_c.a(printf.o)
                0x0000394c                _vsnprintf
 .text._printf  0x000039b4       0x54 c:/nxp/mcuxpressoide_10.3.1_2233/ide/plugins/com.nxp.mcuxpresso.tools.win32_10.3.0.201811011841/tools/bin/../lib/gcc/arm-none-eabi/7.3.1/../../../../arm-none-eabi/lib/thumb/v8-m.main/fpv5-sp/hard\libcr_c.a(printf.o)
                0x000039b4                _printf
 .text.setvbuf  0x00003a08       0x40 c:/nxp/mcuxpressoide_10.3.1_2233/ide/plugins/com.nxp.mcuxpresso.tools.win32_10.3.0.201811011841/tools/bin/../lib/gcc/arm-none-eabi/7.3.1/../../../../arm-none-eabi/lib/thumb/v8-m.main/fpv5-sp/hard\libcr_c.a(setvbuf.o)
                0x00003a08                setvbuf
 .text._sbrk    0x00003a48       0x3c c:/nxp/mcuxpressoide_10.3.1_2233/ide/plugins/com.nxp.mcuxpresso.tools.win32_10.3.0.201811011841/tools/bin/../lib/gcc/arm-none-eabi/7.3.1/../../../../arm-none-eabi/lib/thumb/v8-m.main/fpv5-sp/hard\libcr_c.a(_cr_sbrk.o)
                0x00003a48                _sbrk
 .text.fflush   0x00003a84       0x44 c:/nxp/mcuxpressoide_10.3.1_2233/ide/plugins/com.nxp.mcuxpresso.tools.win32_10.3.0.201811011841/tools/bin/../lib/gcc/arm-none-eabi/7.3.1/../../../../arm-none-eabi/lib/thumb/v8-m.main/fpv5-sp/hard\libcr_c.a(fflush.o)
                0x00003a84                fflush
 .text.__check_heap_overflow
                0x00003ac8       0x18 c:/nxp/mcuxpressoide_10.3.1_2233/ide/plugins/com.nxp.mcuxpresso.tools.win32_10.3.0.201811011841/tools/bin/../lib/gcc/arm-none-eabi/7.3.1/../../../../arm-none-eabi/lib/thumb/v8-m.main/fpv5-sp/hard\libcr_c.a(_cr_check_heap.o)
                0x00003ac8                __check_heap_overflow
 .text.__aeabi_dmul
                0x00003ae0      0x11c c:/nxp/mcuxpressoide_10.3.1_2233/ide/plugins/com.nxp.mcuxpresso.tools.win32_10.3.0.201811011841/tools/bin/../lib/gcc/arm-none-eabi/7.3.1/thumb/v8-m.main/fpv5-sp/hard\libcr_eabihelpers.a(double.o)
                0x00003ae0                __aeabi_dmul
 .text.__aeabi_d2f
                0x00003bfc       0x54 c:/nxp/mcuxpressoide_10.3.1_2233/ide/plugins/com.nxp.mcuxpresso.tools.win32_10.3.0.201811011841/tools/bin/../lib/gcc/arm-none-eabi/7.3.1/thumb/v8-m.main/fpv5-sp/hard\libcr_eabihelpers.a(double.o)
                0x00003bfc                __aeabi_d2f
 .text.__aeabi_f2d
                0x00003c50       0x38 c:/nxp/mcuxpressoide_10.3.1_2233/ide/plugins/com.nxp.mcuxpresso.tools.win32_10.3.0.201811011841/tools/bin/../lib/gcc/arm-none-eabi/7.3.1/thumb/v8-m.main/fpv5-sp/hard\libcr_eabihelpers.a(float.o)
                0x00003c50                __aeabi_f2d
 .text.WDT_BOD_IRQHandler
                0x00003c88        0x8 ./startup/startup_lpc55s69_cm33_core0.o
                0x00003c88                WDT_BOD_IRQHandler
 .text.DMA0_IRQHandler
                0x00003c90        0x8 ./startup/startup_lpc55s69_cm33_core0.o
                0x00003c90                DMA0_IRQHandler
 .text.GINT0_IRQHandler
                0x00003c98        0x8 ./startup/startup_lpc55s69_cm33_core0.o
                0x00003c98                GINT0_IRQHandler
 .text.GINT1_IRQHandler
                0x00003ca0        0x8 ./startup/startup_lpc55s69_cm33_core0.o
                0x00003ca0                GINT1_IRQHandler
 .text.PIN_INT0_IRQHandler
                0x00003ca8        0x8 ./startup/startup_lpc55s69_cm33_core0.o
                0x00003ca8                PIN_INT0_IRQHandler
 .text.PIN_INT1_IRQHandler
                0x00003cb0        0x8 ./startup/startup_lpc55s69_cm33_core0.o
                0x00003cb0                PIN_INT1_IRQHandler
 .text.PIN_INT2_IRQHandler
                0x00003cb8        0x8 ./startup/startup_lpc55s69_cm33_core0.o
                0x00003cb8                PIN_INT2_IRQHandler
 .text.PIN_INT3_IRQHandler
                0x00003cc0        0x8 ./startup/startup_lpc55s69_cm33_core0.o
                0x00003cc0                PIN_INT3_IRQHandler
 .text.UTICK0_IRQHandler
                0x00003cc8        0x8 ./startup/startup_lpc55s69_cm33_core0.o
                0x00003cc8                UTICK0_IRQHandler
 .text.MRT0_IRQHandler
                0x00003cd0        0x8 ./startup/startup_lpc55s69_cm33_core0.o
                0x00003cd0                MRT0_IRQHandler
 .text.CTIMER0_IRQHandler
                0x00003cd8        0x8 ./startup/startup_lpc55s69_cm33_core0.o
                0x00003cd8                CTIMER0_IRQHandler
 .text.CTIMER1_IRQHandler
                0x00003ce0        0x8 ./startup/startup_lpc55s69_cm33_core0.o
                0x00003ce0                CTIMER1_IRQHandler
 .text.SCT0_IRQHandler
                0x00003ce8        0x8 ./startup/startup_lpc55s69_cm33_core0.o
                0x00003ce8                SCT0_IRQHandler
 .text.CTIMER3_IRQHandler
                0x00003cf0        0x8 ./startup/startup_lpc55s69_cm33_core0.o
                0x00003cf0                CTIMER3_IRQHandler
 .text.FLEXCOMM0_IRQHandler
                0x00003cf8        0x8 ./startup/startup_lpc55s69_cm33_core0.o
                0x00003cf8                FLEXCOMM0_IRQHandler
 .text.FLEXCOMM1_IRQHandler
                0x00003d00        0x8 ./startup/startup_lpc55s69_cm33_core0.o
                0x00003d00                FLEXCOMM1_IRQHandler
 .text.FLEXCOMM2_IRQHandler
                0x00003d08        0x8 ./startup/startup_lpc55s69_cm33_core0.o
                0x00003d08                FLEXCOMM2_IRQHandler
 .text.FLEXCOMM3_IRQHandler
                0x00003d10        0x8 ./startup/startup_lpc55s69_cm33_core0.o
                0x00003d10                FLEXCOMM3_IRQHandler
 .text.FLEXCOMM4_IRQHandler
                0x00003d18        0x8 ./startup/startup_lpc55s69_cm33_core0.o
                0x00003d18                FLEXCOMM4_IRQHandler
 .text.FLEXCOMM5_IRQHandler
                0x00003d20        0x8 ./startup/startup_lpc55s69_cm33_core0.o
                0x00003d20                FLEXCOMM5_IRQHandler
 .text.FLEXCOMM6_IRQHandler
                0x00003d28        0x8 ./startup/startup_lpc55s69_cm33_core0.o
                0x00003d28                FLEXCOMM6_IRQHandler
 .text.FLEXCOMM7_IRQHandler
                0x00003d30        0x8 ./startup/startup_lpc55s69_cm33_core0.o
                0x00003d30                FLEXCOMM7_IRQHandler
 .text.ADC0_IRQHandler
                0x00003d38        0x8 ./startup/startup_lpc55s69_cm33_core0.o
                0x00003d38                ADC0_IRQHandler
 .text.Reserved39_IRQHandler
                0x00003d40        0x8 ./startup/startup_lpc55s69_cm33_core0.o
                0x00003d40                Reserved39_IRQHandler
 .text.ACMP_IRQHandler
                0x00003d48        0x8 ./startup/startup_lpc55s69_cm33_core0.o
                0x00003d48                ACMP_IRQHandler
 .text.Reserved41_IRQHandler
                0x00003d50        0x8 ./startup/startup_lpc55s69_cm33_core0.o
                0x00003d50                Reserved41_IRQHandler
 .text.Reserved42_IRQHandler
                0x00003d58        0x8 ./startup/startup_lpc55s69_cm33_core0.o
                0x00003d58                Reserved42_IRQHandler
 .text.USB0_NEEDCLK_IRQHandler
                0x00003d60        0x8 ./startup/startup_lpc55s69_cm33_core0.o
                0x00003d60                USB0_NEEDCLK_IRQHandler
 .text.USB0_IRQHandler
                0x00003d68        0x8 ./startup/startup_lpc55s69_cm33_core0.o
                0x00003d68                USB0_IRQHandler
 .text.RTC_IRQHandler
                0x00003d70        0x8 ./startup/startup_lpc55s69_cm33_core0.o
                0x00003d70                RTC_IRQHandler
 .text.Reserved46_IRQHandler
                0x00003d78        0x8 ./startup/startup_lpc55s69_cm33_core0.o
                0x00003d78                Reserved46_IRQHandler
 .text.MAILBOX_IRQHandler
                0x00003d80        0x8 ./startup/startup_lpc55s69_cm33_core0.o
                0x00003d80                MAILBOX_IRQHandler
 .text.PIN_INT4_IRQHandler
                0x00003d88        0x8 ./startup/startup_lpc55s69_cm33_core0.o
                0x00003d88                PIN_INT4_IRQHandler
 .text.PIN_INT5_IRQHandler
                0x00003d90        0x8 ./startup/startup_lpc55s69_cm33_core0.o
                0x00003d90                PIN_INT5_IRQHandler
 .text.PIN_INT6_IRQHandler
                0x00003d98        0x8 ./startup/startup_lpc55s69_cm33_core0.o
                0x00003d98                PIN_INT6_IRQHandler
 .text.PIN_INT7_IRQHandler
                0x00003da0        0x8 ./startup/startup_lpc55s69_cm33_core0.o
                0x00003da0                PIN_INT7_IRQHandler
 .text.CTIMER2_IRQHandler
                0x00003da8        0x8 ./startup/startup_lpc55s69_cm33_core0.o
                0x00003da8                CTIMER2_IRQHandler
 .text.CTIMER4_IRQHandler
                0x00003db0        0x8 ./startup/startup_lpc55s69_cm33_core0.o
                0x00003db0                CTIMER4_IRQHandler
 .text.OS_EVENT_IRQHandler
                0x00003db8        0x8 ./startup/startup_lpc55s69_cm33_core0.o
                0x00003db8                OS_EVENT_IRQHandler
 .text.Reserved55_IRQHandler
                0x00003dc0        0x8 ./startup/startup_lpc55s69_cm33_core0.o
                0x00003dc0                Reserved55_IRQHandler
 .text.Reserved56_IRQHandler
                0x00003dc8        0x8 ./startup/startup_lpc55s69_cm33_core0.o
                0x00003dc8                Reserved56_IRQHandler
 .text.Reserved57_IRQHandler
                0x00003dd0        0x8 ./startup/startup_lpc55s69_cm33_core0.o
                0x00003dd0                Reserved57_IRQHandler
 .text.SDIO_IRQHandler
                0x00003dd8        0x8 ./startup/startup_lpc55s69_cm33_core0.o
                0x00003dd8                SDIO_IRQHandler
 .text.Reserved59_IRQHandler
                0x00003de0        0x8 ./startup/startup_lpc55s69_cm33_core0.o
                0x00003de0                Reserved59_IRQHandler
 .text.Reserved60_IRQHandler
                0x00003de8        0x8 ./startup/startup_lpc55s69_cm33_core0.o
                0x00003de8                Reserved60_IRQHandler
 .text.Reserved61_IRQHandler
                0x00003df0        0x8 ./startup/startup_lpc55s69_cm33_core0.o
                0x00003df0                Reserved61_IRQHandler
 .text.USB1_UTMI_IRQHandler
                0x00003df8        0x8 ./startup/startup_lpc55s69_cm33_core0.o
                0x00003df8                USB1_UTMI_IRQHandler
 .text.USB1_IRQHandler
                0x00003e00        0x8 ./startup/startup_lpc55s69_cm33_core0.o
                0x00003e00                USB1_IRQHandler
 .text.USB1_NEEDCLK_IRQHandler
                0x00003e08        0x8 ./startup/startup_lpc55s69_cm33_core0.o
                0x00003e08                USB1_NEEDCLK_IRQHandler
 .text.SEC_HYPERVISOR_CALL_IRQHandler
                0x00003e10        0x8 ./startup/startup_lpc55s69_cm33_core0.o
                0x00003e10                SEC_HYPERVISOR_CALL_IRQHandler
 .text.SEC_GPIO_INT0_IRQ0_IRQHandler
                0x00003e18        0x8 ./startup/startup_lpc55s69_cm33_core0.o
                0x00003e18                SEC_GPIO_INT0_IRQ0_IRQHandler
 .text.SEC_GPIO_INT0_IRQ1_IRQHandler
                0x00003e20        0x8 ./startup/startup_lpc55s69_cm33_core0.o
                0x00003e20                SEC_GPIO_INT0_IRQ1_IRQHandler
 .text.PLU_IRQHandler
                0x00003e28        0x8 ./startup/startup_lpc55s69_cm33_core0.o
                0x00003e28                PLU_IRQHandler
 .text.SEC_VIO_IRQHandler
                0x00003e30        0x8 ./startup/startup_lpc55s69_cm33_core0.o
                0x00003e30                SEC_VIO_IRQHandler
 .text.HASHCRYPT_IRQHandler
                0x00003e38        0x8 ./startup/startup_lpc55s69_cm33_core0.o
                0x00003e38                HASHCRYPT_IRQHandler
 .text.CASER_IRQHandler
                0x00003e40        0x8 ./startup/startup_lpc55s69_cm33_core0.o
                0x00003e40                CASER_IRQHandler
 .text.PUF_IRQHandler
                0x00003e48        0x8 ./startup/startup_lpc55s69_cm33_core0.o
                0x00003e48                PUF_IRQHandler
 .text.PQ_IRQHandler
                0x00003e50        0x8 ./startup/startup_lpc55s69_cm33_core0.o
                0x00003e50                PQ_IRQHandler
 .text.DMA1_IRQHandler
                0x00003e58        0x8 ./startup/startup_lpc55s69_cm33_core0.o
                0x00003e58                DMA1_IRQHandler
 .text.LSPI_HS_IRQHandler
                0x00003e60        0x8 ./startup/startup_lpc55s69_cm33_core0.o
                0x00003e60                LSPI_HS_IRQHandler
 .text.HardFault_Handler
                0x00003e68       0x2c ./source/semihost_hardfault.o
                0x00003e68                HardFault_Handler
 .text.GPIO_PinWrite
                0x00003e94       0x2a ./source/spi_polling_b2b_transfer_master.o
 .text.GPIO_PinRead
                0x00003ebe       0x28 ./source/spi_polling_b2b_transfer_master.o
 .text.Shift_Left
                0x00003ee6       0x6a ./source/spi_polling_b2b_transfer_master.o
                0x00003ee6                Shift_Left
 .text.XOR      0x00003f50       0x44 ./source/spi_polling_b2b_transfer_master.o
                0x00003f50                XOR
 .text.AES_Encrypt
                0x00003f94      0x240 ./source/spi_polling_b2b_transfer_master.o
                0x00003f94                AES_Encrypt
 .text.AES_Add_Round_Key
                0x000041d4       0x66 ./source/spi_polling_b2b_transfer_master.o
                0x000041d4                AES_Add_Round_Key
 .text.AES_Shift_Rows
                0x0000423a       0xbe ./source/spi_polling_b2b_transfer_master.o
                0x0000423a                AES_Shift_Rows
 .text.AES_Mix_Collums
                0x000042f8      0x128 ./source/spi_polling_b2b_transfer_master.o
                0x000042f8                AES_Mix_Collums
 .text.AES_Calculate_Round_Key
                0x00004420       0xfc ./source/spi_polling_b2b_transfer_master.o
                0x00004420                AES_Calculate_Round_Key
 .text.CLOCK_GetMclkClkFreq
                0x0000451c       0x50 ./drivers/fsl_clock.o
                0x0000451c                CLOCK_GetMclkClkFreq
 .text.CLOCK_GetWdtClkFreq
                0x0000456c       0x20 ./drivers/fsl_clock.o
                0x0000456c                CLOCK_GetWdtClkFreq
 .text.CLOCK_GetFlexCommClkFreq
                0x0000458c       0x48 ./drivers/fsl_clock.o
                0x0000458c                CLOCK_GetFlexCommClkFreq
 .text.CLOCK_EnableClock
                0x000045d4       0x30 ./drivers/fsl_flexcomm.o
 .text.FLEXCOMM_PeripheralIsPresent
                0x00004604       0x64 ./drivers/fsl_flexcomm.o
 .text.FLEXCOMM_SetPeriph
                0x00004668       0x74 ./drivers/fsl_flexcomm.o
 .text.CLOCK_EnableClock
                0x000046dc       0x30 ./drivers/fsl_gpio.o
 .text.GPIO_PinInit
                0x0000470c       0xa0 ./drivers/fsl_gpio.o
                0x0000470c                GPIO_PinInit
 .text.RESET_PeripheralReset
                0x000047ac       0x1c ./drivers/fsl_reset.o
                0x000047ac                RESET_PeripheralReset
 .text.SPI_Enable
                0x000047c8       0x40 ./drivers/fsl_spi.o
 .text.SystemInitHook
                0x00004808        0xe ./device/system_LPC55S69_cm33_core0.o
                0x00004808                SystemInitHook
 .text.HAL_UartGetStatus
                0x00004816       0x22 ./component/uart/usart_adapter.o
 .text.CLOCK_EnableClock
                0x00004838       0x30 ./board/pin_mux.o
 .text.IOCON_PinMuxSet
                0x00004868       0x2e ./board/pin_mux.o
 .text.__main   0x00004896        0xe c:/nxp/mcuxpressoide_10.3.1_2233/ide/plugins/com.nxp.mcuxpresso.tools.win32_10.3.0.201811011841/tools/bin/../lib/gcc/arm-none-eabi/7.3.1/../../../../arm-none-eabi/lib/thumb/v8-m.main/fpv5-sp/hard\libcr_semihost_nf.a(_cr__main.o)
                0x00004896                __CR_SEMIHOST
                0x00004896                __main
 .text.memcpy   0x000048a4        0x4 c:/nxp/mcuxpressoide_10.3.1_2233/ide/plugins/com.nxp.mcuxpresso.tools.win32_10.3.0.201811011841/tools/bin/../lib/gcc/arm-none-eabi/7.3.1/../../../../arm-none-eabi/lib/thumb/v8-m.main/fpv5-sp/hard\libcr_c.a(memcpy.o)
                0x000048a4                memcpy
 .text.memset   0x000048a8        0x4 c:/nxp/mcuxpressoide_10.3.1_2233/ide/plugins/com.nxp.mcuxpresso.tools.win32_10.3.0.201811011841/tools/bin/../lib/gcc/arm-none-eabi/7.3.1/../../../../arm-none-eabi/lib/thumb/v8-m.main/fpv5-sp/hard\libcr_c.a(memset.o)
                0x000048a8                memset
 .text._deferredlazyseek
                0x000048ac       0x40 c:/nxp/mcuxpressoide_10.3.1_2233/ide/plugins/com.nxp.mcuxpresso.tools.win32_10.3.0.201811011841/tools/bin/../lib/gcc/arm-none-eabi/7.3.1/../../../../arm-none-eabi/lib/thumb/v8-m.main/fpv5-sp/hard\libcr_c.a(_deferredlazyseek.o)
                0x000048ac                _deferredlazyseek
 .text.__flsbuf
                0x000048ec      0x140 c:/nxp/mcuxpressoide_10.3.1_2233/ide/plugins/com.nxp.mcuxpresso.tools.win32_10.3.0.201811011841/tools/bin/../lib/gcc/arm-none-eabi/7.3.1/../../../../arm-none-eabi/lib/thumb/v8-m.main/fpv5-sp/hard\libcr_c.a(_deferredlazyseek.o)
                0x000048ec                __flsbuf
 .text._fflush  0x00004a2c       0x52 c:/nxp/mcuxpressoide_10.3.1_2233/ide/plugins/com.nxp.mcuxpresso.tools.win32_10.3.0.201811011841/tools/bin/../lib/gcc/arm-none-eabi/7.3.1/../../../../arm-none-eabi/lib/thumb/v8-m.main/fpv5-sp/hard\libcr_c.a(_fflush.o)
                0x00004a2c                _fflush
 .text.free     0x00004a7e       0x30 c:/nxp/mcuxpressoide_10.3.1_2233/ide/plugins/com.nxp.mcuxpresso.tools.win32_10.3.0.201811011841/tools/bin/../lib/gcc/arm-none-eabi/7.3.1/../../../../arm-none-eabi/lib/thumb/v8-m.main/fpv5-sp/hard\libcr_c.a(alloc.o)
                0x00004a7e                free
 .text.fputs    0x00004aae       0x2c c:/nxp/mcuxpressoide_10.3.1_2233/ide/plugins/com.nxp.mcuxpresso.tools.win32_10.3.0.201811011841/tools/bin/../lib/gcc/arm-none-eabi/7.3.1/../../../../arm-none-eabi/lib/thumb/v8-m.main/fpv5-sp/hard\libcr_c.a(fputs.o)
                0x00004aae                fputs
 .text.no_fp_display
                0x00004ada        0x4 c:/nxp/mcuxpressoide_10.3.1_2233/ide/plugins/com.nxp.mcuxpresso.tools.win32_10.3.0.201811011841/tools/bin/../lib/gcc/arm-none-eabi/7.3.1/../../../../arm-none-eabi/lib/thumb/v8-m.main/fpv5-sp/hard\libcr_c.a(printf.o)
 .text.strlen   0x00004ade       0x4a c:/nxp/mcuxpressoide_10.3.1_2233/ide/plugins/com.nxp.mcuxpresso.tools.win32_10.3.0.201811011841/tools/bin/../lib/gcc/arm-none-eabi/7.3.1/../../../../arm-none-eabi/lib/thumb/v8-m.main/fpv5-sp/hard\libcr_c.a(strlen.o)
                0x00004ade                strlen
 .text._fdopen  0x00004b28       0x68 c:/nxp/mcuxpressoide_10.3.1_2233/ide/plugins/com.nxp.mcuxpresso.tools.win32_10.3.0.201811011841/tools/bin/../lib/gcc/arm-none-eabi/7.3.1/../../../../arm-none-eabi/lib/thumb/v8-m.main/fpv5-sp/hard\libcr_c.a(_fdopen.o)
                0x00004b28                _fdopen
 .text.fclose   0x00004b90       0x58 c:/nxp/mcuxpressoide_10.3.1_2233/ide/plugins/com.nxp.mcuxpresso.tools.win32_10.3.0.201811011841/tools/bin/../lib/gcc/arm-none-eabi/7.3.1/../../../../arm-none-eabi/lib/thumb/v8-m.main/fpv5-sp/hard\libcr_c.a(fclose.o)
                0x00004b90                fclose
 .text.remove   0x00004be8       0x14 c:/nxp/mcuxpressoide_10.3.1_2233/ide/plugins/com.nxp.mcuxpresso.tools.win32_10.3.0.201811011841/tools/bin/../lib/gcc/arm-none-eabi/7.3.1/../../../../arm-none-eabi/lib/thumb/v8-m.main/fpv5-sp/hard\libcr_c.a(remove.o)
                0x00004be8                remove
 .text._do_fflush
                0x00004bfc       0x40 c:/nxp/mcuxpressoide_10.3.1_2233/ide/plugins/com.nxp.mcuxpresso.tools.win32_10.3.0.201811011841/tools/bin/../lib/gcc/arm-none-eabi/7.3.1/../../../../arm-none-eabi/lib/thumb/v8-m.main/fpv5-sp/hard\libcr_c.a(_do_fflush.o)
                0x00004bfc                _do_fflush
 .text.__aeabi_memcpy
                0x00004c3c       0x34 c:/nxp/mcuxpressoide_10.3.1_2233/ide/plugins/com.nxp.mcuxpresso.tools.win32_10.3.0.201811011841/tools/bin/../lib/gcc/arm-none-eabi/7.3.1/thumb/v8-m.main/fpv5-sp/hard\libcr_eabihelpers.a(memcpy.o)
                0x00004c3c                __aeabi_memcpy
                0x00004c46                __aeabi_memcpy8
                0x00004c46                __aeabi_memcpy4
 .text.__aeabi_memset_lowlevel
                0x00004c70       0x32 c:/nxp/mcuxpressoide_10.3.1_2233/ide/plugins/com.nxp.mcuxpresso.tools.win32_10.3.0.201811011841/tools/bin/../lib/gcc/arm-none-eabi/7.3.1/thumb/v8-m.main/fpv5-sp/hard\libcr_eabihelpers.a(memcpy.o)
                0x00004c70                __aeabi_lowlevel_memset
 .text.__sys_close
                0x00004ca2        0xc c:/nxp/mcuxpressoide_10.3.1_2233/ide/plugins/com.nxp.mcuxpresso.tools.win32_10.3.0.201811011841/tools/bin/../lib/gcc/arm-none-eabi/7.3.1/../../../../arm-none-eabi/lib/thumb/v8-m.main/fpv5-sp/hard\libcr_semihost_nf.a(__sys_close.o)
                0x00004ca2                __sys_close
 .text.__sys_flen
                0x00004cae        0xc c:/nxp/mcuxpressoide_10.3.1_2233/ide/plugins/com.nxp.mcuxpresso.tools.win32_10.3.0.201811011841/tools/bin/../lib/gcc/arm-none-eabi/7.3.1/../../../../arm-none-eabi/lib/thumb/v8-m.main/fpv5-sp/hard\libcr_semihost_nf.a(__sys_flen.o)
                0x00004cae                __sys_flen
 .text.__sys_istty
                0x00004cba        0xc c:/nxp/mcuxpressoide_10.3.1_2233/ide/plugins/com.nxp.mcuxpresso.tools.win32_10.3.0.201811011841/tools/bin/../lib/gcc/arm-none-eabi/7.3.1/../../../../arm-none-eabi/lib/thumb/v8-m.main/fpv5-sp/hard\libcr_semihost_nf.a(__sys_istty.o)
                0x00004cba                __sys_istty
 .text.__sys_remove
                0x00004cc6        0xc c:/nxp/mcuxpressoide_10.3.1_2233/ide/plugins/com.nxp.mcuxpresso.tools.win32_10.3.0.201811011841/tools/bin/../lib/gcc/arm-none-eabi/7.3.1/../../../../arm-none-eabi/lib/thumb/v8-m.main/fpv5-sp/hard\libcr_semihost_nf.a(__sys_remove.o)
                0x00004cc6                __sys_remove
 .text.__sys_seek
                0x00004cd2        0xc c:/nxp/mcuxpressoide_10.3.1_2233/ide/plugins/com.nxp.mcuxpresso.tools.win32_10.3.0.201811011841/tools/bin/../lib/gcc/arm-none-eabi/7.3.1/../../../../arm-none-eabi/lib/thumb/v8-m.main/fpv5-sp/hard\libcr_semihost_nf.a(__sys_seek.o)
                0x00004cd2                __sys_seek
 .text.__sys_tmpnam
                0x00004cde        0xc c:/nxp/mcuxpressoide_10.3.1_2233/ide/plugins/com.nxp.mcuxpresso.tools.win32_10.3.0.201811011841/tools/bin/../lib/gcc/arm-none-eabi/7.3.1/../../../../arm-none-eabi/lib/thumb/v8-m.main/fpv5-sp/hard\libcr_semihost_nf.a(__sys_tmpnam.o)
                0x00004cde                __sys_tmpnam
 .text.__sys_write
                0x00004cea        0xc c:/nxp/mcuxpressoide_10.3.1_2233/ide/plugins/com.nxp.mcuxpresso.tools.win32_10.3.0.201811011841/tools/bin/../lib/gcc/arm-none-eabi/7.3.1/../../../../arm-none-eabi/lib/thumb/v8-m.main/fpv5-sp/hard\libcr_semihost_nf.a(__sys_write.o)
                0x00004cea                __sys_write
 *(SORT_BY_ALIGNMENT(.rodata) SORT_BY_ALIGNMENT(.rodata.*) SORT_BY_ALIGNMENT(.constdata) SORT_BY_ALIGNMENT(.constdata.*))
 *fill*         0x00004cf6        0x2 ff
 .rodata        0x00004cf8      0x1b7 ./utilities/fsl_debug_console.o
 *fill*         0x00004eaf        0x1 ff
 .rodata        0x00004eb0       0xab ./source/spi_polling_b2b_transfer_master.o
 *fill*         0x00004f5b        0x1 ff
 .rodata.s_flexcommBaseAddrs
                0x00004f5c       0x24 ./drivers/fsl_flexcomm.o
 .rodata.s_flexcommClocks
                0x00004f80       0x12 ./drivers/fsl_flexcomm.o
 *fill*         0x00004f92        0x2 ff
 .rodata.s_flexcommResets
                0x00004f94       0x24 ./drivers/fsl_flexcomm.o
 .rodata        0x00004fb8      0x220 ./drivers/fsl_flexcomm.o
 .rodata.s_gpioClockName
                0x000051d8        0xc ./drivers/fsl_gpio.o
 .rodata.s_gpioResets
                0x000051e4       0x18 ./drivers/fsl_gpio.o
 .rodata        0x000051fc       0x3e ./drivers/fsl_gpio.o
 *fill*         0x0000523a        0x2 ff
 .rodata        0x0000523c       0x55 ./drivers/fsl_reset.o
 *fill*         0x00005291        0x3 ff
 .rodata        0x00005294      0x6ee ./drivers/fsl_spi.o
 *fill*         0x00005982        0x2 ff
 .rodata.s_spiBaseAddrs
                0x00005984       0x24 ./drivers/fsl_spi.o
 .rodata        0x000059a8      0x5d0 ./drivers/fsl_usart.o
 .rodata.s_UsartAdapterBase
                0x00005f78       0x20 ./component/uart/usart_adapter.o
 .rodata        0x00005f98      0x26f ./component/uart/usart_adapter.o
 *fill*         0x00006207        0x1 ff
 .rodata        0x00006208      0x521 ./component/serial_manager/serial_manager.o
 *fill*         0x00006729        0x3 ff
 .rodata        0x0000672c      0x244 ./component/serial_manager/serial_port_uart.o
 .rodata.__num_Ciob_streams
                0x00006970        0x4 c:/nxp/mcuxpressoide_10.3.1_2233/ide/plugins/com.nxp.mcuxpresso.tools.win32_10.3.0.201811011841/tools/bin/../lib/gcc/arm-none-eabi/7.3.1/../../../../arm-none-eabi/lib/thumb/v8-m.main/fpv5-sp/hard\libcr_semihost_nf.a(__ciob.o)
                0x00006970                __num_Ciob_streams
 .rodata.__assertion_failed.str1.1
                0x00006974       0x15 c:/nxp/mcuxpressoide_10.3.1_2233/ide/plugins/com.nxp.mcuxpresso.tools.win32_10.3.0.201811011841/tools/bin/../lib/gcc/arm-none-eabi/7.3.1/../../../../arm-none-eabi/lib/thumb/v8-m.main/fpv5-sp/hard\libcr_semihost_nf.a(_cr_assert.o)
 .rodata._Csys_alloc.str1.1
                0x00006989       0x18 c:/nxp/mcuxpressoide_10.3.1_2233/ide/plugins/com.nxp.mcuxpresso.tools.win32_10.3.0.201811011841/tools/bin/../lib/gcc/arm-none-eabi/7.3.1/../../../../arm-none-eabi/lib/thumb/v8-m.main/fpv5-sp/hard\libcr_c.a(alloc.o)
 .rodata._initio.str1.1
                0x000069a1        0x4 c:/nxp/mcuxpressoide_10.3.1_2233/ide/plugins/com.nxp.mcuxpresso.tools.win32_10.3.0.201811011841/tools/bin/../lib/gcc/arm-none-eabi/7.3.1/../../../../arm-none-eabi/lib/thumb/v8-m.main/fpv5-sp/hard\libcr_c.a(initio.o)
 .rodata.__vfprintf.str1.1
                0x000069a5       0x35 c:/nxp/mcuxpressoide_10.3.1_2233/ide/plugins/com.nxp.mcuxpresso.tools.win32_10.3.0.201811011841/tools/bin/../lib/gcc/arm-none-eabi/7.3.1/../../../../arm-none-eabi/lib/thumb/v8-m.main/fpv5-sp/hard\libcr_c.a(printf.o)
                                 0x38 (size before relaxing)
                0x000069dc                . = ALIGN (0x4)
 *fill*         0x000069da        0x2 ff

.glue_7         0x000069dc        0x0
 .glue_7        0x000069dc        0x0 linker stubs

.glue_7t        0x000069dc        0x0
 .glue_7t       0x000069dc        0x0 linker stubs

.vfp11_veneer   0x000069dc        0x0
 .vfp11_veneer  0x000069dc        0x0 linker stubs

.v4_bx          0x000069dc        0x0
 .v4_bx         0x000069dc        0x0 linker stubs

.iplt           0x000069dc        0x0
 .iplt          0x000069dc        0x0 ./utilities/fsl_debug_console.o

.rel.dyn        0x000069dc        0x0
 .rel.iplt      0x000069dc        0x0 ./utilities/fsl_debug_console.o

.ARM.extab
 *(SORT_BY_ALIGNMENT(.ARM.extab*) SORT_BY_ALIGNMENT(.gnu.linkonce.armextab.*))
                0x000069dc                __exidx_start = .

.ARM.exidx
 *(SORT_BY_ALIGNMENT(.ARM.exidx*) SORT_BY_ALIGNMENT(.gnu.linkonce.armexidx.*))
                0x000069dc                __exidx_end = .
                0x000069dc                _etext = .

.m_usb_data
 *(SORT_BY_ALIGNMENT(m_usb_global))

.data_RAM2      0x04000000        0x0 load address 0x000069dc
 FILL mask 0xff
                [!provide]                PROVIDE (__start_data_RAM2 = .)
 *(SORT_BY_ALIGNMENT(.ramfunc.$RAM2))
 *(SORT_BY_ALIGNMENT(.ramfunc.$SRAMX))
 *(SORT_BY_ALIGNMENT(.data.$RAM2*))
 *(SORT_BY_ALIGNMENT(.data.$SRAMX*))
                0x04000000                . = ALIGN (0x4)
                [!provide]                PROVIDE (__end_data_RAM2 = .)

.data_RAM3      0x40100000        0x0 load address 0x000069dc
 FILL mask 0xff
                [!provide]                PROVIDE (__start_data_RAM3 = .)
 *(SORT_BY_ALIGNMENT(.ramfunc.$RAM3))
 *(SORT_BY_ALIGNMENT(.ramfunc.$USB_RAM))
 *(SORT_BY_ALIGNMENT(.data.$RAM3*))
 *(SORT_BY_ALIGNMENT(.data.$USB_RAM*))
                0x40100000                . = ALIGN (0x4)
                [!provide]                PROVIDE (__end_data_RAM3 = .)

.uninit_RESERVED
                0x20000000        0x0
 *(SORT_BY_ALIGNMENT(.bss.$RESERVED*))
                0x20000000                . = ALIGN (0x4)
                0x20000000                _end_uninit_RESERVED = .

.data           0x20000000      0x12c load address 0x000069dc
 FILL mask 0xff
                0x20000000                _data = .
 *(SORT_BY_ALIGNMENT(vtable))
 *(SORT_BY_ALIGNMENT(.ramfunc*))
 *(SORT_BY_ALIGNMENT(.data*))
 .data.S_Table  0x20000000      0x100 ./source/spi_polling_b2b_transfer_master.o
                0x20000000                S_Table
 .data.NwkSkey  0x20000100       0x10 ./source/spi_polling_b2b_transfer_master.o
                0x20000100                NwkSkey
 .data.AppSkey  0x20000110       0x10 ./source/spi_polling_b2b_transfer_master.o
                0x20000110                AppSkey
 .data.DevAddr  0x20000120        0x4 ./source/spi_polling_b2b_transfer_master.o
                0x20000120                DevAddr
 .data.s_Ext_Clk_Freq
                0x20000124        0x4 ./drivers/fsl_clock.o
 .data.SystemCoreClock
                0x20000128        0x4 ./device/system_LPC55S69_cm33_core0.o
                0x20000128                SystemCoreClock
                0x2000012c                . = ALIGN (0x4)
                0x2000012c                _edata = .

.igot.plt       0x2000012c        0x0 load address 0x00006b08
 .igot.plt      0x2000012c        0x0 ./utilities/fsl_debug_console.o

.bss_RAM2       0x04000000        0x0
                [!provide]                PROVIDE (__start_bss_RAM2 = .)
 *(SORT_BY_ALIGNMENT(.bss.$RAM2*))
 *(SORT_BY_ALIGNMENT(.bss.$SRAMX*))
                0x04000000                . = ALIGN ((. != 0x0)?0x4:0x1)
                [!provide]                PROVIDE (__end_bss_RAM2 = .)

.bss_RAM3       0x40100000        0x0
                [!provide]                PROVIDE (__start_bss_RAM3 = .)
 *(SORT_BY_ALIGNMENT(.bss.$RAM3*))
 *(SORT_BY_ALIGNMENT(.bss.$USB_RAM*))
                0x40100000                . = ALIGN ((. != 0x0)?0x4:0x1)
                [!provide]                PROVIDE (__end_bss_RAM3 = .)

.bss            0x2000012c      0x174
                0x2000012c                _bss = .
 *(SORT_BY_ALIGNMENT(.bss*))
 .bss.s_debugConsoleState
                0x2000012c       0x1c ./utilities/fsl_debug_console.o
 .bss.g_serialHandle
                0x20000148        0x4 ./utilities/fsl_debug_console.o
                0x20000148                g_serialHandle
 .bss.userConfig
                0x2000014c       0x18 ./source/spi_polling_b2b_transfer_master.o
                0x2000014c                userConfig
 .bss.srcFreq   0x20000164        0x4 ./source/spi_polling_b2b_transfer_master.o
                0x20000164                srcFreq
 .bss.s_Pll0_Freq
                0x20000168        0x4 ./drivers/fsl_clock.o
 .bss.s_Pll1_Freq
                0x2000016c        0x4 ./drivers/fsl_clock.o
 .bss.s_I2S_Mclk_Freq
                0x20000170        0x4 ./drivers/fsl_clock.o
 .bss.s_flexcommIrqHandler
                0x20000174       0x24 ./drivers/fsl_flexcomm.o
 .bss.s_flexcommHandle
                0x20000198       0x24 ./drivers/fsl_flexcomm.o
 .bss.g_configs
                0x200001bc       0x12 ./drivers/fsl_spi.o
 *fill*         0x200001ce        0x2 
 .bss.s_dummyData
                0x200001d0        0x9 ./drivers/fsl_spi.o
                0x200001d0                s_dummyData
 *fill*         0x200001d9        0x3 
 .bss.__Ciob    0x200001dc       0xb4 c:/nxp/mcuxpressoide_10.3.1_2233/ide/plugins/com.nxp.mcuxpresso.tools.win32_10.3.0.201811011841/tools/bin/../lib/gcc/arm-none-eabi/7.3.1/../../../../arm-none-eabi/lib/thumb/v8-m.main/fpv5-sp/hard\libcr_semihost_nf.a(__ciob.o)
                0x200001dc                __Ciob
 .bss.__end_of_heap
                0x20000290        0x4 c:/nxp/mcuxpressoide_10.3.1_2233/ide/plugins/com.nxp.mcuxpresso.tools.win32_10.3.0.201811011841/tools/bin/../lib/gcc/arm-none-eabi/7.3.1/../../../../arm-none-eabi/lib/thumb/v8-m.main/fpv5-sp/hard\libcr_c.a(__init_alloc.o)
                0x20000290                __end_of_heap
 .bss.__heaps   0x20000294        0x4 c:/nxp/mcuxpressoide_10.3.1_2233/ide/plugins/com.nxp.mcuxpresso.tools.win32_10.3.0.201811011841/tools/bin/../lib/gcc/arm-none-eabi/7.3.1/../../../../arm-none-eabi/lib/thumb/v8-m.main/fpv5-sp/hard\libcr_c.a(__init_alloc.o)
                0x20000294                __heaps
 .bss.errno     0x20000298        0x4 c:/nxp/mcuxpressoide_10.3.1_2233/ide/plugins/com.nxp.mcuxpresso.tools.win32_10.3.0.201811011841/tools/bin/../lib/gcc/arm-none-eabi/7.3.1/../../../../arm-none-eabi/lib/thumb/v8-m.main/fpv5-sp/hard\libcr_c.a(errno.o)
                0x20000298                errno
 .bss.Frame_Counter_Tx
                0x2000029c        0x2 ./source/spi_polling_b2b_transfer_master.o
                0x2000029c                Frame_Counter_Tx
 *(SORT_BY_ALIGNMENT(COMMON))
                0x200002a0                . = ALIGN (0x4)
 *fill*         0x2000029e        0x2 
                0x200002a0                _ebss = .
                [!provide]                PROVIDE (end = .)

.noinit_RAM2    0x04000000        0x0
 *(SORT_BY_ALIGNMENT(.noinit.$RAM2*))
 *(SORT_BY_ALIGNMENT(.noinit.$SRAMX*))
                0x04000000                . = ALIGN (0x4)

.noinit_RAM3    0x40100000        0x0
 *(SORT_BY_ALIGNMENT(.noinit.$RAM3*))
 *(SORT_BY_ALIGNMENT(.noinit.$USB_RAM*))
                0x40100000                . = ALIGN (0x4)

.noinit         0x200002a0        0x0
                0x200002a0                _noinit = .
 *(SORT_BY_ALIGNMENT(.noinit*))
                0x200002a0                . = ALIGN (0x4)
                0x200002a0                _end_noinit = .
                0x00001000                _HeapSize = 0x1000

.heap           0x200002a0     0x1000
                0x200002a0                _pvHeapStart = .
                0x200012a0                . = (. + _HeapSize)
 *fill*         0x200002a0     0x1000 
                0x200012a0                . = ALIGN (0x4)
                0x200012a0                _pvHeapLimit = .
                0x00001000                _StackSize = 0x1000

.heap2stackfill
                0x200012a0     0x1000
                0x200022a0                . = (. + _StackSize)
 *fill*         0x200012a0     0x1000 

.stack          0x20043000        0x0
                0x20043000                _vStackBase = .
                0x20043000                . = ALIGN (0x4)
                0x20044000                _vStackTop = (. + _StackSize)
                0xdffb7874                PROVIDE (__valid_user_code_checksum = (0x0 - ((((((_vStackTop + (ResetISR + 0x1)) + (NMI_Handler + 0x1)) + (HardFault_Handler + 0x1)) + (DEFINED (MemManage_Handler)?MemManage_Handler:0x0 + 0x1)) + (DEFINED (BusFault_Handler)?BusFault_Handler:0x0 + 0x1)) + (DEFINED (UsageFault_Handler)?UsageFault_Handler:0x0 + 0x1))))
                0x00000000                _image_start = LOADADDR (.text)
                0x00006b08                _image_end = (LOADADDR (.data) + SIZEOF (.data))
                0x00006b08                _image_size = (_image_end - _image_start)
OUTPUT(lpcxpresso55s69_spi_polling_b2b_transfer_master_spiPolling.axf elf32-littlearm)

.debug_info     0x00000000    0x15ec3
 .debug_info    0x00000000      0x933 ./utilities/fsl_debug_console.o
 .debug_info    0x00000933      0x686 ./startup/startup_lpc55s69_cm33_core0.o
 .debug_info    0x00000fb9       0x37 ./source/semihost_hardfault.o
 .debug_info    0x00000ff0     0x1de6 ./source/spi_polling_b2b_transfer_master.o
 .debug_info    0x00002dd6     0x31e1 ./drivers/fsl_clock.o
 .debug_info    0x00005fb7     0x1aca ./drivers/fsl_flexcomm.o
 .debug_info    0x00007a81     0x184e ./drivers/fsl_gpio.o
 .debug_info    0x000092cf      0xfef ./drivers/fsl_reset.o
 .debug_info    0x0000a2be     0x17ce ./drivers/fsl_spi.o
 .debug_info    0x0000ba8c     0x14ac ./drivers/fsl_usart.o
 .debug_info    0x0000cf38     0x1585 ./device/system_LPC55S69_cm33_core0.o
 .debug_info    0x0000e4bd      0xc99 ./component/uart/usart_adapter.o
 .debug_info    0x0000f156      0x6e6 ./component/serial_manager/serial_manager.o
 .debug_info    0x0000f83c      0x4a5 ./component/serial_manager/serial_port_uart.o
 .debug_info    0x0000fce1      0x968 ./board/board.o
 .debug_info    0x00010649     0x173b ./board/clock_config.o
 .debug_info    0x00011d84     0x1143 ./board/pin_mux.o
 .debug_info    0x00012ec7     0x2ffc C:\Users\eduardoContreras\Documents\MCUXpressoIDE_10.3.1_2233\workspace\Reto_NXP\lpcxpresso55s69_spi_polling_b2b_transfer_master_spiPolling\libs\libpower_hardabi.a(fsl_power_lib.o)

.debug_abbrev   0x00000000     0x24af
 .debug_abbrev  0x00000000      0x1aa ./utilities/fsl_debug_console.o
 .debug_abbrev  0x000001aa      0x13d ./startup/startup_lpc55s69_cm33_core0.o
 .debug_abbrev  0x000002e7       0x2c ./source/semihost_hardfault.o
 .debug_abbrev  0x00000313      0x2bf ./source/spi_polling_b2b_transfer_master.o
 .debug_abbrev  0x000005d2      0x368 ./drivers/fsl_clock.o
 .debug_abbrev  0x0000093a      0x288 ./drivers/fsl_flexcomm.o
 .debug_abbrev  0x00000bc2      0x211 ./drivers/fsl_gpio.o
 .debug_abbrev  0x00000dd3      0x174 ./drivers/fsl_reset.o
 .debug_abbrev  0x00000f47      0x2d1 ./drivers/fsl_spi.o
 .debug_abbrev  0x00001218      0x337 ./drivers/fsl_usart.o
 .debug_abbrev  0x0000154f      0x1cf ./device/system_LPC55S69_cm33_core0.o
 .debug_abbrev  0x0000171e      0x1df ./component/uart/usart_adapter.o
 .debug_abbrev  0x000018fd      0x160 ./component/serial_manager/serial_manager.o
 .debug_abbrev  0x00001a5d      0x145 ./component/serial_manager/serial_port_uart.o
 .debug_abbrev  0x00001ba2      0x130 ./board/board.o
 .debug_abbrev  0x00001cd2      0x1be ./board/clock_config.o
 .debug_abbrev  0x00001e90      0x1de ./board/pin_mux.o
 .debug_abbrev  0x0000206e      0x441 C:\Users\eduardoContreras\Documents\MCUXpressoIDE_10.3.1_2233\workspace\Reto_NXP\lpcxpresso55s69_spi_polling_b2b_transfer_master_spiPolling\libs\libpower_hardabi.a(fsl_power_lib.o)

.debug_aranges  0x00000000      0xae8
 .debug_aranges
                0x00000000       0x50 ./utilities/fsl_debug_console.o
 .debug_aranges
                0x00000050      0x260 ./startup/startup_lpc55s69_cm33_core0.o
 .debug_aranges
                0x000002b0       0x20 ./source/semihost_hardfault.o
 .debug_aranges
                0x000002d0       0xb0 ./source/spi_polling_b2b_transfer_master.o
 .debug_aranges
                0x00000380      0x210 ./drivers/fsl_clock.o
 .debug_aranges
                0x00000590       0x90 ./drivers/fsl_flexcomm.o
 .debug_aranges
                0x00000620       0x30 ./drivers/fsl_gpio.o
 .debug_aranges
                0x00000650       0x30 ./drivers/fsl_reset.o
 .debug_aranges
                0x00000680       0xe8 ./drivers/fsl_spi.o
 .debug_aranges
                0x00000768       0xd8 ./drivers/fsl_usart.o
 .debug_aranges
                0x00000840       0x88 ./device/system_LPC55S69_cm33_core0.o
 .debug_aranges
                0x000008c8       0x40 ./component/uart/usart_adapter.o
 .debug_aranges
                0x00000908       0x88 ./component/serial_manager/serial_manager.o
 .debug_aranges
                0x00000990       0x38 ./component/serial_manager/serial_port_uart.o
 .debug_aranges
                0x000009c8       0x28 ./board/board.o
 .debug_aranges
                0x000009f0       0x40 ./board/clock_config.o
 .debug_aranges
                0x00000a30       0x38 ./board/pin_mux.o
 .debug_aranges
                0x00000a68       0x80 C:\Users\eduardoContreras\Documents\MCUXpressoIDE_10.3.1_2233\workspace\Reto_NXP\lpcxpresso55s69_spi_polling_b2b_transfer_master_spiPolling\libs\libpower_hardabi.a(fsl_power_lib.o)

.debug_ranges   0x00000000      0xa80
 .debug_ranges  0x00000000       0x40 ./utilities/fsl_debug_console.o
 .debug_ranges  0x00000040      0x250 ./startup/startup_lpc55s69_cm33_core0.o
 .debug_ranges  0x00000290       0x10 ./source/semihost_hardfault.o
 .debug_ranges  0x000002a0       0xa0 ./source/spi_polling_b2b_transfer_master.o
 .debug_ranges  0x00000340      0x200 ./drivers/fsl_clock.o
 .debug_ranges  0x00000540       0x80 ./drivers/fsl_flexcomm.o
 .debug_ranges  0x000005c0       0x20 ./drivers/fsl_gpio.o
 .debug_ranges  0x000005e0       0x20 ./drivers/fsl_reset.o
 .debug_ranges  0x00000600       0xf0 ./drivers/fsl_spi.o
 .debug_ranges  0x000006f0       0xc8 ./drivers/fsl_usart.o
 .debug_ranges  0x000007b8       0x78 ./device/system_LPC55S69_cm33_core0.o
 .debug_ranges  0x00000830       0x30 ./component/uart/usart_adapter.o
 .debug_ranges  0x00000860       0x78 ./component/serial_manager/serial_manager.o
 .debug_ranges  0x000008d8       0x28 ./component/serial_manager/serial_port_uart.o
 .debug_ranges  0x00000900       0x18 ./board/board.o
 .debug_ranges  0x00000918       0x30 ./board/clock_config.o
 .debug_ranges  0x00000948       0x28 ./board/pin_mux.o
 .debug_ranges  0x00000970      0x110 C:\Users\eduardoContreras\Documents\MCUXpressoIDE_10.3.1_2233\workspace\Reto_NXP\lpcxpresso55s69_spi_polling_b2b_transfer_master_spiPolling\libs\libpower_hardabi.a(fsl_power_lib.o)

.debug_line     0x00000000     0x495d
 .debug_line    0x00000000      0x31d ./utilities/fsl_debug_console.o
 .debug_line    0x0000031d      0x50c ./startup/startup_lpc55s69_cm33_core0.o
 .debug_line    0x00000829       0x54 ./source/semihost_hardfault.o
 .debug_line    0x0000087d      0x6e4 ./source/spi_polling_b2b_transfer_master.o
 .debug_line    0x00000f61      0xac3 ./drivers/fsl_clock.o
 .debug_line    0x00001a24      0x37f ./drivers/fsl_flexcomm.o
 .debug_line    0x00001da3      0x229 ./drivers/fsl_gpio.o
 .debug_line    0x00001fcc      0x20a ./drivers/fsl_reset.o
 .debug_line    0x000021d6      0x7b5 ./drivers/fsl_spi.o
 .debug_line    0x0000298b      0x714 ./drivers/fsl_usart.o
 .debug_line    0x0000309f      0x38e ./device/system_LPC55S69_cm33_core0.o
 .debug_line    0x0000342d      0x2d6 ./component/uart/usart_adapter.o
 .debug_line    0x00003703      0x3b0 ./component/serial_manager/serial_manager.o
 .debug_line    0x00003ab3      0x28c ./component/serial_manager/serial_port_uart.o
 .debug_line    0x00003d3f      0x20b ./board/board.o
 .debug_line    0x00003f4a      0x24d ./board/clock_config.o
 .debug_line    0x00004197      0x246 ./board/pin_mux.o
 .debug_line    0x000043dd      0x580 C:\Users\eduardoContreras\Documents\MCUXpressoIDE_10.3.1_2233\workspace\Reto_NXP\lpcxpresso55s69_spi_polling_b2b_transfer_master_spiPolling\libs\libpower_hardabi.a(fsl_power_lib.o)

.debug_str      0x00000000     0x810e
 .debug_str     0x00000000     0x11b4 ./utilities/fsl_debug_console.o
                               0x1217 (size before relaxing)
 .debug_str     0x000011b4      0x64a ./startup/startup_lpc55s69_cm33_core0.o
                                0x7da (size before relaxing)
 .debug_str     0x000017fe       0x1f ./source/semihost_hardfault.o
                                0x1ae (size before relaxing)
 .debug_str     0x0000181d     0x2126 ./source/spi_polling_b2b_transfer_master.o
                               0x2e0e (size before relaxing)
 .debug_str     0x00003943     0x206e ./drivers/fsl_clock.o
                               0x3ad3 (size before relaxing)
 .debug_str     0x000059b1      0x2bf ./drivers/fsl_flexcomm.o
                               0x2753 (size before relaxing)
 .debug_str     0x00005c70       0x4e ./drivers/fsl_gpio.o
                               0x2103 (size before relaxing)
 .debug_str     0x00005cbe       0x84 ./drivers/fsl_reset.o
                               0x116a (size before relaxing)
 .debug_str     0x00005d42      0x541 ./drivers/fsl_spi.o
                               0x1c85 (size before relaxing)
 .debug_str     0x00006283      0x86d ./drivers/fsl_usart.o
                               0x1bce (size before relaxing)
 .debug_str     0x00006af0      0x19e ./device/system_LPC55S69_cm33_core0.o
                                0xf38 (size before relaxing)
 .debug_str     0x00006c8e      0x2b2 ./component/uart/usart_adapter.o
                               0x16da (size before relaxing)
 .debug_str     0x00006f40      0x2dd ./component/serial_manager/serial_manager.o
                                0x751 (size before relaxing)
 .debug_str     0x0000721d       0xbc ./component/serial_manager/serial_port_uart.o
                                0x7ff (size before relaxing)
 .debug_str     0x000072d9       0x54 ./board/board.o
                               0x16dc (size before relaxing)
 .debug_str     0x0000732d       0x7c ./board/clock_config.o
                               0x1e21 (size before relaxing)
 .debug_str     0x000073a9      0x14b ./board/pin_mux.o
                               0x11d9 (size before relaxing)
 .debug_str     0x000074f4      0xc1a C:\Users\eduardoContreras\Documents\MCUXpressoIDE_10.3.1_2233\workspace\Reto_NXP\lpcxpresso55s69_spi_polling_b2b_transfer_master_spiPolling\libs\libpower_hardabi.a(fsl_power_lib.o)
                               0x3945 (size before relaxing)

.comment        0x00000000       0x7f
 .comment       0x00000000       0x7f ./utilities/fsl_debug_console.o
                                 0x80 (size before relaxing)
 .comment       0x0000007f       0x80 ./startup/startup_lpc55s69_cm33_core0.o
 .comment       0x0000007f       0x80 ./source/semihost_hardfault.o
 .comment       0x0000007f       0x80 ./source/spi_polling_b2b_transfer_master.o
 .comment       0x0000007f       0x80 ./drivers/fsl_clock.o
 .comment       0x0000007f       0x80 ./drivers/fsl_flexcomm.o
 .comment       0x0000007f       0x80 ./drivers/fsl_gpio.o
 .comment       0x0000007f       0x80 ./drivers/fsl_reset.o
 .comment       0x0000007f       0x80 ./drivers/fsl_spi.o
 .comment       0x0000007f       0x80 ./drivers/fsl_usart.o
 .comment       0x0000007f       0x80 ./device/system_LPC55S69_cm33_core0.o
 .comment       0x0000007f       0x80 ./component/uart/usart_adapter.o
 .comment       0x0000007f       0x80 ./component/serial_manager/serial_manager.o
 .comment       0x0000007f       0x80 ./component/serial_manager/serial_port_uart.o
 .comment       0x0000007f       0x80 ./board/board.o
 .comment       0x0000007f       0x80 ./board/clock_config.o
 .comment       0x0000007f       0x80 ./board/pin_mux.o
 .comment       0x0000007f       0x80 C:\Users\eduardoContreras\Documents\MCUXpressoIDE_10.3.1_2233\workspace\Reto_NXP\lpcxpresso55s69_spi_polling_b2b_transfer_master_spiPolling\libs\libpower_hardabi.a(fsl_power_lib.o)
 .comment       0x0000007f       0x80 c:/nxp/mcuxpressoide_10.3.1_2233/ide/plugins/com.nxp.mcuxpresso.tools.win32_10.3.0.201811011841/tools/bin/../lib/gcc/arm-none-eabi/7.3.1/../../../../arm-none-eabi/lib/thumb/v8-m.main/fpv5-sp/hard\libcr_semihost_nf.a(_cr__main.o)
 .comment       0x0000007f       0x80 c:/nxp/mcuxpressoide_10.3.1_2233/ide/plugins/com.nxp.mcuxpresso.tools.win32_10.3.0.201811011841/tools/bin/../lib/gcc/arm-none-eabi/7.3.1/../../../../arm-none-eabi/lib/thumb/v8-m.main/fpv5-sp/hard\libcr_semihost_nf.a(_cr_assert.o)
 .comment       0x0000007f       0x80 c:/nxp/mcuxpressoide_10.3.1_2233/ide/plugins/com.nxp.mcuxpresso.tools.win32_10.3.0.201811011841/tools/bin/../lib/gcc/arm-none-eabi/7.3.1/../../../../arm-none-eabi/lib/thumb/v8-m.main/fpv5-sp/hard\libcr_semihost_nf.a(__ciob.o)
 .comment       0x0000007f       0x80 c:/nxp/mcuxpressoide_10.3.1_2233/ide/plugins/com.nxp.mcuxpresso.tools.win32_10.3.0.201811011841/tools/bin/../lib/gcc/arm-none-eabi/7.3.1/../../../../arm-none-eabi/lib/thumb/v8-m.main/fpv5-sp/hard\libcr_c.a(memcpy.o)
 .comment       0x0000007f       0x80 c:/nxp/mcuxpressoide_10.3.1_2233/ide/plugins/com.nxp.mcuxpresso.tools.win32_10.3.0.201811011841/tools/bin/../lib/gcc/arm-none-eabi/7.3.1/../../../../arm-none-eabi/lib/thumb/v8-m.main/fpv5-sp/hard\libcr_c.a(memset.o)
 .comment       0x0000007f       0x80 c:/nxp/mcuxpressoide_10.3.1_2233/ide/plugins/com.nxp.mcuxpresso.tools.win32_10.3.0.201811011841/tools/bin/../lib/gcc/arm-none-eabi/7.3.1/../../../../arm-none-eabi/lib/thumb/v8-m.main/fpv5-sp/hard\libcr_c.a(_deferredlazyseek.o)
 .comment       0x0000007f       0x80 c:/nxp/mcuxpressoide_10.3.1_2233/ide/plugins/com.nxp.mcuxpresso.tools.win32_10.3.0.201811011841/tools/bin/../lib/gcc/arm-none-eabi/7.3.1/../../../../arm-none-eabi/lib/thumb/v8-m.main/fpv5-sp/hard\libcr_c.a(_fflush.o)
 .comment       0x0000007f       0x80 c:/nxp/mcuxpressoide_10.3.1_2233/ide/plugins/com.nxp.mcuxpresso.tools.win32_10.3.0.201811011841/tools/bin/../lib/gcc/arm-none-eabi/7.3.1/../../../../arm-none-eabi/lib/thumb/v8-m.main/fpv5-sp/hard\libcr_c.a(_writebuf.o)
 .comment       0x0000007f       0x80 c:/nxp/mcuxpressoide_10.3.1_2233/ide/plugins/com.nxp.mcuxpresso.tools.win32_10.3.0.201811011841/tools/bin/../lib/gcc/arm-none-eabi/7.3.1/../../../../arm-none-eabi/lib/thumb/v8-m.main/fpv5-sp/hard\libcr_c.a(alloc.o)
 .comment       0x0000007f       0x80 c:/nxp/mcuxpressoide_10.3.1_2233/ide/plugins/com.nxp.mcuxpresso.tools.win32_10.3.0.201811011841/tools/bin/../lib/gcc/arm-none-eabi/7.3.1/../../../../arm-none-eabi/lib/thumb/v8-m.main/fpv5-sp/hard\libcr_c.a(fputs.o)
 .comment       0x0000007f       0x80 c:/nxp/mcuxpressoide_10.3.1_2233/ide/plugins/com.nxp.mcuxpresso.tools.win32_10.3.0.201811011841/tools/bin/../lib/gcc/arm-none-eabi/7.3.1/../../../../arm-none-eabi/lib/thumb/v8-m.main/fpv5-sp/hard\libcr_c.a(fseek.o)
 .comment       0x0000007f       0x80 c:/nxp/mcuxpressoide_10.3.1_2233/ide/plugins/com.nxp.mcuxpresso.tools.win32_10.3.0.201811011841/tools/bin/../lib/gcc/arm-none-eabi/7.3.1/../../../../arm-none-eabi/lib/thumb/v8-m.main/fpv5-sp/hard\libcr_c.a(ftell.o)
 .comment       0x0000007f       0x80 c:/nxp/mcuxpressoide_10.3.1_2233/ide/plugins/com.nxp.mcuxpresso.tools.win32_10.3.0.201811011841/tools/bin/../lib/gcc/arm-none-eabi/7.3.1/../../../../arm-none-eabi/lib/thumb/v8-m.main/fpv5-sp/hard\libcr_c.a(initio.o)
 .comment       0x0000007f       0x80 c:/nxp/mcuxpressoide_10.3.1_2233/ide/plugins/com.nxp.mcuxpresso.tools.win32_10.3.0.201811011841/tools/bin/../lib/gcc/arm-none-eabi/7.3.1/../../../../arm-none-eabi/lib/thumb/v8-m.main/fpv5-sp/hard\libcr_c.a(printf.o)
 .comment       0x0000007f       0x80 c:/nxp/mcuxpressoide_10.3.1_2233/ide/plugins/com.nxp.mcuxpresso.tools.win32_10.3.0.201811011841/tools/bin/../lib/gcc/arm-none-eabi/7.3.1/../../../../arm-none-eabi/lib/thumb/v8-m.main/fpv5-sp/hard\libcr_c.a(setvbuf.o)
 .comment       0x0000007f       0x80 c:/nxp/mcuxpressoide_10.3.1_2233/ide/plugins/com.nxp.mcuxpresso.tools.win32_10.3.0.201811011841/tools/bin/../lib/gcc/arm-none-eabi/7.3.1/../../../../arm-none-eabi/lib/thumb/v8-m.main/fpv5-sp/hard\libcr_c.a(strlen.o)
 .comment       0x0000007f       0x80 c:/nxp/mcuxpressoide_10.3.1_2233/ide/plugins/com.nxp.mcuxpresso.tools.win32_10.3.0.201811011841/tools/bin/../lib/gcc/arm-none-eabi/7.3.1/../../../../arm-none-eabi/lib/thumb/v8-m.main/fpv5-sp/hard\libcr_c.a(__init_alloc.o)
 .comment       0x0000007f       0x80 c:/nxp/mcuxpressoide_10.3.1_2233/ide/plugins/com.nxp.mcuxpresso.tools.win32_10.3.0.201811011841/tools/bin/../lib/gcc/arm-none-eabi/7.3.1/../../../../arm-none-eabi/lib/thumb/v8-m.main/fpv5-sp/hard\libcr_c.a(_cr_sbrk.o)
 .comment       0x0000007f       0x80 c:/nxp/mcuxpressoide_10.3.1_2233/ide/plugins/com.nxp.mcuxpresso.tools.win32_10.3.0.201811011841/tools/bin/../lib/gcc/arm-none-eabi/7.3.1/../../../../arm-none-eabi/lib/thumb/v8-m.main/fpv5-sp/hard\libcr_c.a(_fdopen.o)
 .comment       0x0000007f       0x80 c:/nxp/mcuxpressoide_10.3.1_2233/ide/plugins/com.nxp.mcuxpresso.tools.win32_10.3.0.201811011841/tools/bin/../lib/gcc/arm-none-eabi/7.3.1/../../../../arm-none-eabi/lib/thumb/v8-m.main/fpv5-sp/hard\libcr_c.a(errno.o)
 .comment       0x0000007f       0x80 c:/nxp/mcuxpressoide_10.3.1_2233/ide/plugins/com.nxp.mcuxpresso.tools.win32_10.3.0.201811011841/tools/bin/../lib/gcc/arm-none-eabi/7.3.1/../../../../arm-none-eabi/lib/thumb/v8-m.main/fpv5-sp/hard\libcr_c.a(fclose.o)
 .comment       0x0000007f       0x80 c:/nxp/mcuxpressoide_10.3.1_2233/ide/plugins/com.nxp.mcuxpresso.tools.win32_10.3.0.201811011841/tools/bin/../lib/gcc/arm-none-eabi/7.3.1/../../../../arm-none-eabi/lib/thumb/v8-m.main/fpv5-sp/hard\libcr_c.a(fflush.o)
 .comment       0x0000007f       0x80 c:/nxp/mcuxpressoide_10.3.1_2233/ide/plugins/com.nxp.mcuxpresso.tools.win32_10.3.0.201811011841/tools/bin/../lib/gcc/arm-none-eabi/7.3.1/../../../../arm-none-eabi/lib/thumb/v8-m.main/fpv5-sp/hard\libcr_c.a(remove.o)
 .comment       0x0000007f       0x80 c:/nxp/mcuxpressoide_10.3.1_2233/ide/plugins/com.nxp.mcuxpresso.tools.win32_10.3.0.201811011841/tools/bin/../lib/gcc/arm-none-eabi/7.3.1/../../../../arm-none-eabi/lib/thumb/v8-m.main/fpv5-sp/hard\libcr_c.a(_cr_check_heap.o)
 .comment       0x0000007f       0x80 c:/nxp/mcuxpressoide_10.3.1_2233/ide/plugins/com.nxp.mcuxpresso.tools.win32_10.3.0.201811011841/tools/bin/../lib/gcc/arm-none-eabi/7.3.1/../../../../arm-none-eabi/lib/thumb/v8-m.main/fpv5-sp/hard\libcr_c.a(_do_fflush.o)
 .comment       0x0000007f       0x80 c:/nxp/mcuxpressoide_10.3.1_2233/ide/plugins/com.nxp.mcuxpresso.tools.win32_10.3.0.201811011841/tools/bin/../lib/gcc/arm-none-eabi/7.3.1/thumb/v8-m.main/fpv5-sp/hard\libcr_eabihelpers.a(double.o)
 .comment       0x0000007f       0x80 c:/nxp/mcuxpressoide_10.3.1_2233/ide/plugins/com.nxp.mcuxpresso.tools.win32_10.3.0.201811011841/tools/bin/../lib/gcc/arm-none-eabi/7.3.1/thumb/v8-m.main/fpv5-sp/hard\libcr_eabihelpers.a(float.o)

.ARM.attributes
                0x00000000       0x3a
 .ARM.attributes
                0x00000000       0x3c ./utilities/fsl_debug_console.o
 .ARM.attributes
                0x0000003c       0x3c ./startup/startup_lpc55s69_cm33_core0.o
 .ARM.attributes
                0x00000078       0x3c ./source/semihost_hardfault.o
 .ARM.attributes
                0x000000b4       0x3c ./source/spi_polling_b2b_transfer_master.o
 .ARM.attributes
                0x000000f0       0x3c ./drivers/fsl_clock.o
 .ARM.attributes
                0x0000012c       0x3c ./drivers/fsl_flexcomm.o
 .ARM.attributes
                0x00000168       0x3c ./drivers/fsl_gpio.o
 .ARM.attributes
                0x000001a4       0x3c ./drivers/fsl_reset.o
 .ARM.attributes
                0x000001e0       0x3c ./drivers/fsl_spi.o
 .ARM.attributes
                0x0000021c       0x3c ./drivers/fsl_usart.o
 .ARM.attributes
                0x00000258       0x3c ./device/system_LPC55S69_cm33_core0.o
 .ARM.attributes
                0x00000294       0x3c ./component/uart/usart_adapter.o
 .ARM.attributes
                0x000002d0       0x3c ./component/serial_manager/serial_manager.o
 .ARM.attributes
                0x0000030c       0x3c ./component/serial_manager/serial_port_uart.o
 .ARM.attributes
                0x00000348       0x3c ./board/board.o
 .ARM.attributes
                0x00000384       0x3c ./board/clock_config.o
 .ARM.attributes
                0x000003c0       0x3c ./board/pin_mux.o
 .ARM.attributes
                0x000003fc       0x3c C:\Users\eduardoContreras\Documents\MCUXpressoIDE_10.3.1_2233\workspace\Reto_NXP\lpcxpresso55s69_spi_polling_b2b_transfer_master_spiPolling\libs\libpower_hardabi.a(fsl_power_lib.o)
 .ARM.attributes
                0x00000438       0x3c c:/nxp/mcuxpressoide_10.3.1_2233/ide/plugins/com.nxp.mcuxpresso.tools.win32_10.3.0.201811011841/tools/bin/../lib/gcc/arm-none-eabi/7.3.1/../../../../arm-none-eabi/lib/thumb/v8-m.main/fpv5-sp/hard\libcr_semihost_nf.a(_cr__main.o)
 .ARM.attributes
                0x00000474       0x3c c:/nxp/mcuxpressoide_10.3.1_2233/ide/plugins/com.nxp.mcuxpresso.tools.win32_10.3.0.201811011841/tools/bin/../lib/gcc/arm-none-eabi/7.3.1/../../../../arm-none-eabi/lib/thumb/v8-m.main/fpv5-sp/hard\libcr_semihost_nf.a(_cr_assert.o)
 .ARM.attributes
                0x000004b0       0x3c c:/nxp/mcuxpressoide_10.3.1_2233/ide/plugins/com.nxp.mcuxpresso.tools.win32_10.3.0.201811011841/tools/bin/../lib/gcc/arm-none-eabi/7.3.1/../../../../arm-none-eabi/lib/thumb/v8-m.main/fpv5-sp/hard\libcr_semihost_nf.a(__ciob.o)
 .ARM.attributes
                0x000004ec       0x28 c:/nxp/mcuxpressoide_10.3.1_2233/ide/plugins/com.nxp.mcuxpresso.tools.win32_10.3.0.201811011841/tools/bin/../lib/gcc/arm-none-eabi/7.3.1/../../../../arm-none-eabi/lib/thumb/v8-m.main/fpv5-sp/hard\libcr_semihost_nf.a(__sys_appexit.o)
 .ARM.attributes
                0x00000514       0x3c c:/nxp/mcuxpressoide_10.3.1_2233/ide/plugins/com.nxp.mcuxpresso.tools.win32_10.3.0.201811011841/tools/bin/../lib/gcc/arm-none-eabi/7.3.1/../../../../arm-none-eabi/lib/thumb/v8-m.main/fpv5-sp/hard\libcr_c.a(memcpy.o)
 .ARM.attributes
                0x00000550       0x3c c:/nxp/mcuxpressoide_10.3.1_2233/ide/plugins/com.nxp.mcuxpresso.tools.win32_10.3.0.201811011841/tools/bin/../lib/gcc/arm-none-eabi/7.3.1/../../../../arm-none-eabi/lib/thumb/v8-m.main/fpv5-sp/hard\libcr_c.a(memset.o)
 .ARM.attributes
                0x0000058c       0x3c c:/nxp/mcuxpressoide_10.3.1_2233/ide/plugins/com.nxp.mcuxpresso.tools.win32_10.3.0.201811011841/tools/bin/../lib/gcc/arm-none-eabi/7.3.1/../../../../arm-none-eabi/lib/thumb/v8-m.main/fpv5-sp/hard\libcr_c.a(_deferredlazyseek.o)
 .ARM.attributes
                0x000005c8       0x3c c:/nxp/mcuxpressoide_10.3.1_2233/ide/plugins/com.nxp.mcuxpresso.tools.win32_10.3.0.201811011841/tools/bin/../lib/gcc/arm-none-eabi/7.3.1/../../../../arm-none-eabi/lib/thumb/v8-m.main/fpv5-sp/hard\libcr_c.a(_fflush.o)
 .ARM.attributes
                0x00000604       0x3c c:/nxp/mcuxpressoide_10.3.1_2233/ide/plugins/com.nxp.mcuxpresso.tools.win32_10.3.0.201811011841/tools/bin/../lib/gcc/arm-none-eabi/7.3.1/../../../../arm-none-eabi/lib/thumb/v8-m.main/fpv5-sp/hard\libcr_c.a(_writebuf.o)
 .ARM.attributes
                0x00000640       0x3c c:/nxp/mcuxpressoide_10.3.1_2233/ide/plugins/com.nxp.mcuxpresso.tools.win32_10.3.0.201811011841/tools/bin/../lib/gcc/arm-none-eabi/7.3.1/../../../../arm-none-eabi/lib/thumb/v8-m.main/fpv5-sp/hard\libcr_c.a(alloc.o)
 .ARM.attributes
                0x0000067c       0x3c c:/nxp/mcuxpressoide_10.3.1_2233/ide/plugins/com.nxp.mcuxpresso.tools.win32_10.3.0.201811011841/tools/bin/../lib/gcc/arm-none-eabi/7.3.1/../../../../arm-none-eabi/lib/thumb/v8-m.main/fpv5-sp/hard\libcr_c.a(fputs.o)
 .ARM.attributes
                0x000006b8       0x3c c:/nxp/mcuxpressoide_10.3.1_2233/ide/plugins/com.nxp.mcuxpresso.tools.win32_10.3.0.201811011841/tools/bin/../lib/gcc/arm-none-eabi/7.3.1/../../../../arm-none-eabi/lib/thumb/v8-m.main/fpv5-sp/hard\libcr_c.a(fseek.o)
 .ARM.attributes
                0x000006f4       0x3c c:/nxp/mcuxpressoide_10.3.1_2233/ide/plugins/com.nxp.mcuxpresso.tools.win32_10.3.0.201811011841/tools/bin/../lib/gcc/arm-none-eabi/7.3.1/../../../../arm-none-eabi/lib/thumb/v8-m.main/fpv5-sp/hard\libcr_c.a(ftell.o)
 .ARM.attributes
                0x00000730       0x3c c:/nxp/mcuxpressoide_10.3.1_2233/ide/plugins/com.nxp.mcuxpresso.tools.win32_10.3.0.201811011841/tools/bin/../lib/gcc/arm-none-eabi/7.3.1/../../../../arm-none-eabi/lib/thumb/v8-m.main/fpv5-sp/hard\libcr_c.a(initio.o)
 .ARM.attributes
                0x0000076c       0x3c c:/nxp/mcuxpressoide_10.3.1_2233/ide/plugins/com.nxp.mcuxpresso.tools.win32_10.3.0.201811011841/tools/bin/../lib/gcc/arm-none-eabi/7.3.1/../../../../arm-none-eabi/lib/thumb/v8-m.main/fpv5-sp/hard\libcr_c.a(printf.o)
 .ARM.attributes
                0x000007a8       0x3c c:/nxp/mcuxpressoide_10.3.1_2233/ide/plugins/com.nxp.mcuxpresso.tools.win32_10.3.0.201811011841/tools/bin/../lib/gcc/arm-none-eabi/7.3.1/../../../../arm-none-eabi/lib/thumb/v8-m.main/fpv5-sp/hard\libcr_c.a(setvbuf.o)
 .ARM.attributes
                0x000007e4       0x3c c:/nxp/mcuxpressoide_10.3.1_2233/ide/plugins/com.nxp.mcuxpresso.tools.win32_10.3.0.201811011841/tools/bin/../lib/gcc/arm-none-eabi/7.3.1/../../../../arm-none-eabi/lib/thumb/v8-m.main/fpv5-sp/hard\libcr_c.a(strlen.o)
 .ARM.attributes
                0x00000820       0x3c c:/nxp/mcuxpressoide_10.3.1_2233/ide/plugins/com.nxp.mcuxpresso.tools.win32_10.3.0.201811011841/tools/bin/../lib/gcc/arm-none-eabi/7.3.1/../../../../arm-none-eabi/lib/thumb/v8-m.main/fpv5-sp/hard\libcr_c.a(__init_alloc.o)
 .ARM.attributes
                0x0000085c       0x3c c:/nxp/mcuxpressoide_10.3.1_2233/ide/plugins/com.nxp.mcuxpresso.tools.win32_10.3.0.201811011841/tools/bin/../lib/gcc/arm-none-eabi/7.3.1/../../../../arm-none-eabi/lib/thumb/v8-m.main/fpv5-sp/hard\libcr_c.a(_cr_sbrk.o)
 .ARM.attributes
                0x00000898       0x3c c:/nxp/mcuxpressoide_10.3.1_2233/ide/plugins/com.nxp.mcuxpresso.tools.win32_10.3.0.201811011841/tools/bin/../lib/gcc/arm-none-eabi/7.3.1/../../../../arm-none-eabi/lib/thumb/v8-m.main/fpv5-sp/hard\libcr_c.a(_fdopen.o)
 .ARM.attributes
                0x000008d4       0x3c c:/nxp/mcuxpressoide_10.3.1_2233/ide/plugins/com.nxp.mcuxpresso.tools.win32_10.3.0.201811011841/tools/bin/../lib/gcc/arm-none-eabi/7.3.1/../../../../arm-none-eabi/lib/thumb/v8-m.main/fpv5-sp/hard\libcr_c.a(errno.o)
 .ARM.attributes
                0x00000910       0x3c c:/nxp/mcuxpressoide_10.3.1_2233/ide/plugins/com.nxp.mcuxpresso.tools.win32_10.3.0.201811011841/tools/bin/../lib/gcc/arm-none-eabi/7.3.1/../../../../arm-none-eabi/lib/thumb/v8-m.main/fpv5-sp/hard\libcr_c.a(fclose.o)
 .ARM.attributes
                0x0000094c       0x3c c:/nxp/mcuxpressoide_10.3.1_2233/ide/plugins/com.nxp.mcuxpresso.tools.win32_10.3.0.201811011841/tools/bin/../lib/gcc/arm-none-eabi/7.3.1/../../../../arm-none-eabi/lib/thumb/v8-m.main/fpv5-sp/hard\libcr_c.a(fflush.o)
 .ARM.attributes
                0x00000988       0x3c c:/nxp/mcuxpressoide_10.3.1_2233/ide/plugins/com.nxp.mcuxpresso.tools.win32_10.3.0.201811011841/tools/bin/../lib/gcc/arm-none-eabi/7.3.1/../../../../arm-none-eabi/lib/thumb/v8-m.main/fpv5-sp/hard\libcr_c.a(remove.o)
 .ARM.attributes
                0x000009c4       0x3c c:/nxp/mcuxpressoide_10.3.1_2233/ide/plugins/com.nxp.mcuxpresso.tools.win32_10.3.0.201811011841/tools/bin/../lib/gcc/arm-none-eabi/7.3.1/../../../../arm-none-eabi/lib/thumb/v8-m.main/fpv5-sp/hard\libcr_c.a(_cr_check_heap.o)
 .ARM.attributes
                0x00000a00       0x3c c:/nxp/mcuxpressoide_10.3.1_2233/ide/plugins/com.nxp.mcuxpresso.tools.win32_10.3.0.201811011841/tools/bin/../lib/gcc/arm-none-eabi/7.3.1/../../../../arm-none-eabi/lib/thumb/v8-m.main/fpv5-sp/hard\libcr_c.a(_do_fflush.o)
 .ARM.attributes
                0x00000a3c       0x3c c:/nxp/mcuxpressoide_10.3.1_2233/ide/plugins/com.nxp.mcuxpresso.tools.win32_10.3.0.201811011841/tools/bin/../lib/gcc/arm-none-eabi/7.3.1/thumb/v8-m.main/fpv5-sp/hard\libcr_eabihelpers.a(double.o)
 .ARM.attributes
                0x00000a78       0x3c c:/nxp/mcuxpressoide_10.3.1_2233/ide/plugins/com.nxp.mcuxpresso.tools.win32_10.3.0.201811011841/tools/bin/../lib/gcc/arm-none-eabi/7.3.1/thumb/v8-m.main/fpv5-sp/hard\libcr_eabihelpers.a(float.o)
 .ARM.attributes
                0x00000ab4       0x28 c:/nxp/mcuxpressoide_10.3.1_2233/ide/plugins/com.nxp.mcuxpresso.tools.win32_10.3.0.201811011841/tools/bin/../lib/gcc/arm-none-eabi/7.3.1/thumb/v8-m.main/fpv5-sp/hard\libcr_eabihelpers.a(memcpy.o)
 .ARM.attributes
                0x00000adc       0x28 c:/nxp/mcuxpressoide_10.3.1_2233/ide/plugins/com.nxp.mcuxpresso.tools.win32_10.3.0.201811011841/tools/bin/../lib/gcc/arm-none-eabi/7.3.1/../../../../arm-none-eabi/lib/thumb/v8-m.main/fpv5-sp/hard\libcr_semihost_nf.a(__sys_close.o)
 .ARM.attributes
                0x00000b04       0x28 c:/nxp/mcuxpressoide_10.3.1_2233/ide/plugins/com.nxp.mcuxpresso.tools.win32_10.3.0.201811011841/tools/bin/../lib/gcc/arm-none-eabi/7.3.1/../../../../arm-none-eabi/lib/thumb/v8-m.main/fpv5-sp/hard\libcr_semihost_nf.a(__sys_flen.o)
 .ARM.attributes
                0x00000b2c       0x28 c:/nxp/mcuxpressoide_10.3.1_2233/ide/plugins/com.nxp.mcuxpresso.tools.win32_10.3.0.201811011841/tools/bin/../lib/gcc/arm-none-eabi/7.3.1/../../../../arm-none-eabi/lib/thumb/v8-m.main/fpv5-sp/hard\libcr_semihost_nf.a(__sys_istty.o)
 .ARM.attributes
                0x00000b54       0x28 c:/nxp/mcuxpressoide_10.3.1_2233/ide/plugins/com.nxp.mcuxpresso.tools.win32_10.3.0.201811011841/tools/bin/../lib/gcc/arm-none-eabi/7.3.1/../../../../arm-none-eabi/lib/thumb/v8-m.main/fpv5-sp/hard\libcr_semihost_nf.a(__sys_remove.o)
 .ARM.attributes
                0x00000b7c       0x28 c:/nxp/mcuxpressoide_10.3.1_2233/ide/plugins/com.nxp.mcuxpresso.tools.win32_10.3.0.201811011841/tools/bin/../lib/gcc/arm-none-eabi/7.3.1/../../../../arm-none-eabi/lib/thumb/v8-m.main/fpv5-sp/hard\libcr_semihost_nf.a(__sys_seek.o)
 .ARM.attributes
                0x00000ba4       0x28 c:/nxp/mcuxpressoide_10.3.1_2233/ide/plugins/com.nxp.mcuxpresso.tools.win32_10.3.0.201811011841/tools/bin/../lib/gcc/arm-none-eabi/7.3.1/../../../../arm-none-eabi/lib/thumb/v8-m.main/fpv5-sp/hard\libcr_semihost_nf.a(__sys_tmpnam.o)
 .ARM.attributes
                0x00000bcc       0x28 c:/nxp/mcuxpressoide_10.3.1_2233/ide/plugins/com.nxp.mcuxpresso.tools.win32_10.3.0.201811011841/tools/bin/../lib/gcc/arm-none-eabi/7.3.1/../../../../arm-none-eabi/lib/thumb/v8-m.main/fpv5-sp/hard\libcr_semihost_nf.a(__sys_write.o)

.debug_frame    0x00000000     0x2690
 .debug_frame   0x00000000      0x100 ./utilities/fsl_debug_console.o
 .debug_frame   0x00000100      0x694 ./startup/startup_lpc55s69_cm33_core0.o
 .debug_frame   0x00000794       0x20 ./source/semihost_hardfault.o
 .debug_frame   0x000007b4      0x2e8 ./source/spi_polling_b2b_transfer_master.o
 .debug_frame   0x00000a9c      0x92c ./drivers/fsl_clock.o
 .debug_frame   0x000013c8      0x1ec ./drivers/fsl_flexcomm.o
 .debug_frame   0x000015b4       0x84 ./drivers/fsl_gpio.o
 .debug_frame   0x00001638       0x7c ./drivers/fsl_reset.o
 .debug_frame   0x000016b4      0x3d0 ./drivers/fsl_spi.o
 .debug_frame   0x00001a84      0x388 ./drivers/fsl_usart.o
 .debug_frame   0x00001e0c      0x218 ./device/system_LPC55S69_cm33_core0.o
 .debug_frame   0x00002024       0xc8 ./component/uart/usart_adapter.o
 .debug_frame   0x000020ec      0x208 ./component/serial_manager/serial_manager.o
 .debug_frame   0x000022f4       0xa0 ./component/serial_manager/serial_port_uart.o
 .debug_frame   0x00002394       0x58 ./board/board.o
 .debug_frame   0x000023ec       0xb0 ./board/clock_config.o
 .debug_frame   0x0000249c       0xa0 ./board/pin_mux.o
 .debug_frame   0x0000253c      0x154 C:\Users\eduardoContreras\Documents\MCUXpressoIDE_10.3.1_2233\workspace\Reto_NXP\lpcxpresso55s69_spi_polling_b2b_transfer_master_spiPolling\libs\libpower_hardabi.a(fsl_power_lib.o)

.debug_loc      0x00000000      0xa55
 .debug_loc     0x00000000      0xa55 C:\Users\eduardoContreras\Documents\MCUXpressoIDE_10.3.1_2233\workspace\Reto_NXP\lpcxpresso55s69_spi_polling_b2b_transfer_master_spiPolling\libs\libpower_hardabi.a(fsl_power_lib.o)
