Archive member included to satisfy reference by file (symbol)

/Users/eduardocontreras/Documents/Electronic_Cats/Proyectos/Hw/Reto_NXP/secure_lab/secure_ns/libs/libpower_hardabi.a(fsl_power_lib.o)
                              ./drivers/fsl_clock.o (POWER_SetVoltageForFreq)
/Applications/MCUXpressoIDE_10.3.1_2233/ide/plugins/com.nxp.mcuxpresso.tools.macosx_10.3.0.201811011841/tools/bin/../lib/gcc/arm-none-eabi/7.3.1/../../../../arm-none-eabi/lib/thumb/v8-m.main/fpv5-sp/hard/libcr_nohost_nf.a(_cr__main.o)
                              ./startup/startup_lpc55s69_cm33_core0.o (__main)
/Applications/MCUXpressoIDE_10.3.1_2233/ide/plugins/com.nxp.mcuxpresso.tools.macosx_10.3.0.201811011841/tools/bin/../lib/gcc/arm-none-eabi/7.3.1/../../../../arm-none-eabi/lib/thumb/v8-m.main/fpv5-sp/hard/libcr_nohost_nf.a(_cr_assert.o)
                              ./utilities/fsl_debug_console.o (__assertion_failed)
/Applications/MCUXpressoIDE_10.3.1_2233/ide/plugins/com.nxp.mcuxpresso.tools.macosx_10.3.0.201811011841/tools/bin/../lib/gcc/arm-none-eabi/7.3.1/../../../../arm-none-eabi/lib/thumb/v8-m.main/fpv5-sp/hard/libcr_nohost_nf.a(__ciob.o)
                              /Applications/MCUXpressoIDE_10.3.1_2233/ide/plugins/com.nxp.mcuxpresso.tools.macosx_10.3.0.201811011841/tools/bin/../lib/gcc/arm-none-eabi/7.3.1/../../../../arm-none-eabi/lib/thumb/v8-m.main/fpv5-sp/hard/libcr_nohost_nf.a(_cr_assert.o) (__Ciob)
/Applications/MCUXpressoIDE_10.3.1_2233/ide/plugins/com.nxp.mcuxpresso.tools.macosx_10.3.0.201811011841/tools/bin/../lib/gcc/arm-none-eabi/7.3.1/../../../../arm-none-eabi/lib/thumb/v8-m.main/fpv5-sp/hard/libcr_nohost_nf.a(__sys_appexit.o)
                              /Applications/MCUXpressoIDE_10.3.1_2233/ide/plugins/com.nxp.mcuxpresso.tools.macosx_10.3.0.201811011841/tools/bin/../lib/gcc/arm-none-eabi/7.3.1/../../../../arm-none-eabi/lib/thumb/v8-m.main/fpv5-sp/hard/libcr_nohost_nf.a(_cr_assert.o) (__sys_appexit)
/Applications/MCUXpressoIDE_10.3.1_2233/ide/plugins/com.nxp.mcuxpresso.tools.macosx_10.3.0.201811011841/tools/bin/../lib/gcc/arm-none-eabi/7.3.1/../../../../arm-none-eabi/lib/thumb/v8-m.main/fpv5-sp/hard/libcr_c.a(memcpy.o)
                              ./source/main_ns.o (memcpy)
/Applications/MCUXpressoIDE_10.3.1_2233/ide/plugins/com.nxp.mcuxpresso.tools.macosx_10.3.0.201811011841/tools/bin/../lib/gcc/arm-none-eabi/7.3.1/../../../../arm-none-eabi/lib/thumb/v8-m.main/fpv5-sp/hard/libcr_c.a(memset.o)
                              ./utilities/fsl_debug_console.o (memset)
/Applications/MCUXpressoIDE_10.3.1_2233/ide/plugins/com.nxp.mcuxpresso.tools.macosx_10.3.0.201811011841/tools/bin/../lib/gcc/arm-none-eabi/7.3.1/../../../../arm-none-eabi/lib/thumb/v8-m.main/fpv5-sp/hard/libcr_c.a(_deferredlazyseek.o)
                              /Applications/MCUXpressoIDE_10.3.1_2233/ide/plugins/com.nxp.mcuxpresso.tools.macosx_10.3.0.201811011841/tools/bin/../lib/gcc/arm-none-eabi/7.3.1/../../../../arm-none-eabi/lib/thumb/v8-m.main/fpv5-sp/hard/libcr_nohost_nf.a(_cr_assert.o) (__flsbuf)
/Applications/MCUXpressoIDE_10.3.1_2233/ide/plugins/com.nxp.mcuxpresso.tools.macosx_10.3.0.201811011841/tools/bin/../lib/gcc/arm-none-eabi/7.3.1/../../../../arm-none-eabi/lib/thumb/v8-m.main/fpv5-sp/hard/libcr_c.a(_fflush.o)
                              /Applications/MCUXpressoIDE_10.3.1_2233/ide/plugins/com.nxp.mcuxpresso.tools.macosx_10.3.0.201811011841/tools/bin/../lib/gcc/arm-none-eabi/7.3.1/../../../../arm-none-eabi/lib/thumb/v8-m.main/fpv5-sp/hard/libcr_c.a(_deferredlazyseek.o) (_fflush)
/Applications/MCUXpressoIDE_10.3.1_2233/ide/plugins/com.nxp.mcuxpresso.tools.macosx_10.3.0.201811011841/tools/bin/../lib/gcc/arm-none-eabi/7.3.1/../../../../arm-none-eabi/lib/thumb/v8-m.main/fpv5-sp/hard/libcr_c.a(_writebuf.o)
                              /Applications/MCUXpressoIDE_10.3.1_2233/ide/plugins/com.nxp.mcuxpresso.tools.macosx_10.3.0.201811011841/tools/bin/../lib/gcc/arm-none-eabi/7.3.1/../../../../arm-none-eabi/lib/thumb/v8-m.main/fpv5-sp/hard/libcr_c.a(_deferredlazyseek.o) (_Cwritebuf)
/Applications/MCUXpressoIDE_10.3.1_2233/ide/plugins/com.nxp.mcuxpresso.tools.macosx_10.3.0.201811011841/tools/bin/../lib/gcc/arm-none-eabi/7.3.1/../../../../arm-none-eabi/lib/thumb/v8-m.main/fpv5-sp/hard/libcr_c.a(alloc.o)
                              ./drivers/fsl_common.o (malloc)
/Applications/MCUXpressoIDE_10.3.1_2233/ide/plugins/com.nxp.mcuxpresso.tools.macosx_10.3.0.201811011841/tools/bin/../lib/gcc/arm-none-eabi/7.3.1/../../../../arm-none-eabi/lib/thumb/v8-m.main/fpv5-sp/hard/libcr_c.a(fputs.o)
                              /Applications/MCUXpressoIDE_10.3.1_2233/ide/plugins/com.nxp.mcuxpresso.tools.macosx_10.3.0.201811011841/tools/bin/../lib/gcc/arm-none-eabi/7.3.1/../../../../arm-none-eabi/lib/thumb/v8-m.main/fpv5-sp/hard/libcr_nohost_nf.a(_cr_assert.o) (fputs)
[...]
Memory Configuration

Name             Origin             Length             Attributes
PROGRAM_FLASH    0x0000000000010000 0x0000000000072000 xr
Ram0             0x0000000020008000 0x000000000002b000 xrw
*default*        0x0000000000000000 0xffffffffffffffff

Linker script and memory map

LOAD ./utilities/fsl_assert.o
LOAD ./utilities/fsl_debug_console.o
LOAD ./utilities/fsl_str.o
LOAD ./startup/boot_multicore_slave.o
LOAD ./startup/startup_lpc55s69_cm33_core0.o
LOAD ./source/main_ns.o
LOAD ./source/semihost_hardfault.o
LOAD ./drivers/fsl_clock.o
LOAD ./drivers/fsl_common.o
LOAD ./drivers/fsl_flexcomm.o
LOAD ./drivers/fsl_gpio.o
LOAD ./drivers/fsl_inputmux.o
LOAD ./drivers/fsl_pint.o
LOAD ./drivers/fsl_power.o
LOAD ./drivers/fsl_reset.o
LOAD ./drivers/fsl_spi.o
LOAD ./drivers/fsl_usart.o
LOAD ./device/system_LPC55S69_cm33_core0.o
LOAD ./component/uart/usart_adapter.o
LOAD ./component/serial_manager/serial_manager.o
LOAD ./component/serial_manager/serial_port_uart.o
LOAD ./component/lists/generic_list.o
LOAD ./board/board.o
LOAD ./board/clock_config.o
LOAD ./board/pin_mux.o
LOAD /Users/eduardocontreras/Documents/Electronic_Cats/Proyectos/Hw/Reto_NXP/secure_lab/secure_s/Debug/secure_s_CMSE_lib.o
LOAD /Users/eduardocontreras/Documents/Electronic_Cats/Proyectos/Hw/Reto_NXP/secure_lab/secure_ns/libs/libpower_hardabi.a
START GROUP
LOAD /Applications/MCUXpressoIDE_10.3.1_2233/ide/plugins/com.nxp.mcuxpresso.tools.macosx_10.3.0.201811011841/tools/bin/../lib/gcc/arm-none-eabi/7.3.1/../../../../arm-none-eabi/lib/thumb/v8-m.main/fpv5-sp/hard/libcr_nohost_nf.a
LOAD /Applications/MCUXpressoIDE_10.3.1_2233/ide/plugins/com.nxp.mcuxpresso.tools.macosx_10.3.0.201811011841/tools/bin/../lib/gcc/arm-none-eabi/7.3.1/../../../../arm-none-eabi/lib/thumb/v8-m.main/fpv5-sp/hard/libcr_c.a
LOAD /Applications/MCUXpressoIDE_10.3.1_2233/ide/plugins/com.nxp.mcuxpresso.tools.macosx_10.3.0.201811011841/tools/bin/../lib/gcc/arm-none-eabi/7.3.1/thumb/v8-m.main/fpv5-sp/hard/libcr_eabihelpers.a
LOAD /Applications/MCUXpressoIDE_10.3.1_2233/ide/plugins/com.nxp.mcuxpresso.tools.macosx_10.3.0.201811011841/tools/bin/../lib/gcc/arm-none-eabi/7.3.1/thumb/v8-m.main/fpv5-sp/hard/libgcc.a
END GROUP
                0x0000000000010000                __base_PROGRAM_FLASH = 0x10000
                0x0000000000010000                __base_Flash = 0x10000
                0x0000000000082000                __top_PROGRAM_FLASH = 0x82000
                0x0000000000082000                __top_Flash = 0x82000
                0x0000000020008000                __base_Ram0 = 0x20008000
                0x0000000020008000                __base_RAM = 0x20008000
                0x0000000020033000                __top_Ram0 = 0x20033000
                0x0000000020033000                __top_RAM = 0x20033000

.text           0x0000000000010000     0x42d4
 FILL mask 0xff
                0x0000000000010000                __vectors_start__ = ABSOLUTE (.)
 *(SORT_BY_ALIGNMENT(.isr_vector))
 .isr_vector    0x0000000000010000      0x130 ./startup/startup_lpc55s69_cm33_core0.o
                0x0000000000010000                __Vectors
                0x0000000000010000                g_pfnVectors
                0x0000000000010130                . = ALIGN (0x4)
                0x0000000000010130                __section_table_start = .
                0x0000000000010130                __data_section_table = .
                0x0000000000010130        0x4 LONG 0x142d4 LOADADDR (.data)
                0x0000000000010134        0x4 LONG 0x20008000 ADDR (.data)
                0x0000000000010138        0x4 LONG 0x128 SIZEOF (.data)
                0x000000000001013c                __data_section_table_end = .
                0x000000000001013c                __bss_section_table = .
                0x000000000001013c        0x4 LONG 0x20008128 ADDR (.bss)
                0x0000000000010140        0x4 LONG 0x180 SIZEOF (.bss)
                0x0000000000010144                __bss_section_table_end = .
                0x0000000000010144                __section_table_end = .
 *(SORT_BY_ALIGNMENT(.after_vectors*))
 .after_vectors.reset
                0x0000000000010144       0x4c ./startup/startup_lpc55s69_cm33_core0.o
                0x0000000000010144                ResetISR
 .after_vectors.init_data
                0x0000000000010190       0x1e ./startup/startup_lpc55s69_cm33_core0.o
                0x0000000000010190                data_init
 .after_vectors.init_bss
                0x00000000000101ae       0x12 ./startup/startup_lpc55s69_cm33_core0.o
                0x00000000000101ae                bss_init
 .after_vectors
                0x00000000000101c0       0x14 ./startup/startup_lpc55s69_cm33_core0.o
                0x00000000000101c0                NMI_Handler
                0x00000000000101c2                HardFault_Handler
                0x00000000000101c4                MemManage_Handler
                0x00000000000101c6                BusFault_Handler
                0x00000000000101c8                UsageFault_Handler
                0x00000000000101ca                SVC_Handler
                0x00000000000101cc                DebugMon_Handler
                0x00000000000101ce                PendSV_Handler
                0x00000000000101d2                USB0_DriverIRQHandler
                0x00000000000101d2                CASER_DriverIRQHandler
                0x00000000000101d2                MRT0_DriverIRQHandler
                0x00000000000101d2                UTICK0_DriverIRQHandler
                0x00000000000101d2                Reserved41_DriverIRQHandler
                0x00000000000101d2                CTIMER4_DriverIRQHandler
                0x00000000000101d2                GINT1_DriverIRQHandler
                0x00000000000101d2                Reserved55_DriverIRQHandler
                0x00000000000101d2                HASHCRYPT_DriverIRQHandler
                0x00000000000101d2                USB0_NEEDCLK_DriverIRQHandler
                0x00000000000101d2                CTIMER0_DriverIRQHandler
                0x00000000000101d2                CTIMER1_DriverIRQHandler
                0x00000000000101d2                PQ_DriverIRQHandler
                0x00000000000101d2                MAILBOX_DriverIRQHandler
                0x00000000000101d2                CTIMER3_DriverIRQHandler
                0x00000000000101d2                Reserved61_DriverIRQHandler
                0x00000000000101d2                PUF_DriverIRQHandler
                0x00000000000101d2                RTC_DriverIRQHandler
                0x00000000000101d2                USB1_DriverIRQHandler
                0x00000000000101d2                Reserved60_DriverIRQHandler
                0x00000000000101d2                DMA1_DriverIRQHandler
                0x00000000000101d2                ADC0_DriverIRQHandler
                0x00000000000101d2                USB1_NEEDCLK_DriverIRQHandler
                0x00000000000101d2                Reserved59_DriverIRQHandler
                0x00000000000101d2                SDIO_DriverIRQHandler
                0x00000000000101d2                GINT0_DriverIRQHandler
                0x00000000000101d2                LSPI_HS_DriverIRQHandler
                0x00000000000101d2                ACMP_DriverIRQHandler
                0x00000000000101d2                Reserved57_DriverIRQHandler
                0x00000000000101d2                Reserved46_DriverIRQHandler
                0x00000000000101d2                USB1_UTMI_DriverIRQHandler
                0x00000000000101d2                WDT_BOD_DriverIRQHandler
                0x00000000000101d2                SCT0_DriverIRQHandler
                0x00000000000101d2                PLU_DriverIRQHandler
                0x00000000000101d2                OS_EVENT_DriverIRQHandler
                0x00000000000101d2                SEC_HYPERVISOR_CALL_DriverIRQHandler
                0x00000000000101d2                Reserved39_DriverIRQHandler
                0x00000000000101d2                DMA0_DriverIRQHandler
                0x00000000000101d2                Reserved42_DriverIRQHandler
                0x00000000000101d2                SEC_VIO_DriverIRQHandler
                0x00000000000101d2                Reserved56_DriverIRQHandler
                0x00000000000101d2                CTIMER2_DriverIRQHandler
                0x00000000000101d2                IntDefaultHandler
 *(SORT_BY_ALIGNMENT(.text*))
 .text.__NVIC_SetPriority
                0x00000000000101d4       0x54 ./source/main_ns.o
 .text.SysTick_Config
                0x0000000000010228       0x44 ./source/main_ns.o
 .text.SysTick_Handler
                0x000000000001026c       0x24 ./source/main_ns.o
                0x000000000001026c                SysTick_Handler
 .text.SysTick_DelayTicks
                0x0000000000010290       0x28 ./source/main_ns.o
                0x0000000000010290                SysTick_DelayTicks
 .text.main     0x00000000000102b8      0x1fc ./source/main_ns.o
                0x00000000000102b8                main
 .text.RFM_Read
                0x00000000000104b4       0x6c ./source/main_ns.o
                0x00000000000104b4                RFM_Read
 .text.RFM_Write
                0x0000000000010520       0x70 ./source/main_ns.o
                0x0000000000010520                RFM_Write
 .text.RFM_Init
                0x0000000000010590       0xc8 ./source/main_ns.o
                0x0000000000010590                RFM_Init
 .text.LORA_Send_Data
                0x0000000000010658      0x134 ./source/main_ns.o
                0x0000000000010658                LORA_Send_Data
 .text.RFM_Send_Package
                0x000000000001078c       0xd4 ./source/main_ns.o
                0x000000000001078c                RFM_Send_Package
 .text.Encrypt_Payload
                0x0000000000010860      0x174 ./source/main_ns.o
                0x0000000000010860                Encrypt_Payload
 .text.Calculate_MIC
                0x00000000000109d4      0x314 ./source/main_ns.o
                0x00000000000109d4                Calculate_MIC
 .text.Generate_Keys
                0x0000000000010ce8       0xa8 ./source/main_ns.o
                0x0000000000010ce8                Generate_Keys
 .text.AES_Sub_Byte
                0x0000000000010d90       0x34 ./source/main_ns.o
                0x0000000000010d90                AES_Sub_Byte
 .text.CLOCK_GetClockOutClkFreq
                0x0000000000010dc4       0x98 ./drivers/fsl_clock.o
                0x0000000000010dc4                CLOCK_GetClockOutClkFreq
 .text.CLOCK_GetAdcClkFreq
                0x0000000000010e5c       0x78 ./drivers/fsl_clock.o
                0x0000000000010e5c                CLOCK_GetAdcClkFreq
 .text.CLOCK_GetUsb0ClkFreq
                0x0000000000010ed4       0x80 ./drivers/fsl_clock.o
                0x0000000000010ed4                CLOCK_GetUsb0ClkFreq
 .text.CLOCK_GetUsb1ClkFreq
                0x0000000000010f54       0x2c ./drivers/fsl_clock.o
                0x0000000000010f54                CLOCK_GetUsb1ClkFreq
 .text.CLOCK_GetSctClkFreq
                0x0000000000010f80       0x88 ./drivers/fsl_clock.o
                0x0000000000010f80                CLOCK_GetSctClkFreq
 .text.CLOCK_GetSdioClkFreq
                0x0000000000011008       0x80 ./drivers/fsl_clock.o
                0x0000000000011008                CLOCK_GetSdioClkFreq
 .text.CLOCK_GetFro12MFreq
                0x0000000000011088       0x40 ./drivers/fsl_clock.o
                0x0000000000011088                CLOCK_GetFro12MFreq
 .text.CLOCK_GetFro1MFreq
                0x00000000000110c8       0x28 ./drivers/fsl_clock.o
                0x00000000000110c8                CLOCK_GetFro1MFreq
 .text.CLOCK_GetExtClkFreq
                0x00000000000110f0       0x2c ./drivers/fsl_clock.o
                0x00000000000110f0                CLOCK_GetExtClkFreq
 .text.CLOCK_GetFroHfFreq
                0x000000000001111c       0x40 ./drivers/fsl_clock.o
                0x000000000001111c                CLOCK_GetFroHfFreq
 .text.CLOCK_GetPll0OutFreq
                0x000000000001115c       0x18 ./drivers/fsl_clock.o
                0x000000000001115c                CLOCK_GetPll0OutFreq
 .text.CLOCK_GetPll1OutFreq
                0x0000000000011174       0x18 ./drivers/fsl_clock.o
                0x0000000000011174                CLOCK_GetPll1OutFreq
 .text.CLOCK_GetOsc32KFreq
                0x000000000001118c       0x3c ./drivers/fsl_clock.o
                0x000000000001118c                CLOCK_GetOsc32KFreq
 .text.CLOCK_GetCoreSysClkFreq
                0x00000000000111c8       0xa4 ./drivers/fsl_clock.o
                0x00000000000111c8                CLOCK_GetCoreSysClkFreq
 .text.CLOCK_GetI2SMClkFreq
                0x000000000001126c       0x18 ./drivers/fsl_clock.o
                0x000000000001126c                CLOCK_GetI2SMClkFreq
 .text.CLOCK_GetFlexCommInputClock
                0x0000000000011284       0xb4 ./drivers/fsl_clock.o
                0x0000000000011284                CLOCK_GetFlexCommInputClock
 .text.CLOCK_GetHsLspiClkFreq
                0x0000000000011338       0xa4 ./drivers/fsl_clock.o
                0x0000000000011338                CLOCK_GetHsLspiClkFreq
 .text.CLOCK_GetCTimerClkFreq
                0x00000000000113dc       0x88 ./drivers/fsl_clock.o
                0x00000000000113dc                CLOCK_GetCTimerClkFreq
 .text.CLOCK_GetSystickClkFreq
                0x0000000000011464       0x8c ./drivers/fsl_clock.o
                0x0000000000011464                CLOCK_GetSystickClkFreq
 .text.CLOCK_GetFreq
                0x00000000000114f0      0x1d8 ./drivers/fsl_clock.o
                0x00000000000114f0                CLOCK_GetFreq
 .text.FLEXCOMM_GetInstance
                0x00000000000116c8       0x44 ./drivers/fsl_flexcomm.o
                0x00000000000116c8                FLEXCOMM_GetInstance
 .text.FLEXCOMM_Init
                0x000000000001170c       0x5c ./drivers/fsl_flexcomm.o
                0x000000000001170c                FLEXCOMM_Init
 .text.FLEXCOMM0_DriverIRQHandler
                0x0000000000011768       0x38 ./drivers/fsl_flexcomm.o
                0x0000000000011768                FLEXCOMM0_DriverIRQHandler
 .text.FLEXCOMM1_DriverIRQHandler
                0x00000000000117a0       0x38 ./drivers/fsl_flexcomm.o
                0x00000000000117a0                FLEXCOMM1_DriverIRQHandler
 .text.FLEXCOMM2_DriverIRQHandler
                0x00000000000117d8       0x38 ./drivers/fsl_flexcomm.o
                0x00000000000117d8                FLEXCOMM2_DriverIRQHandler
 .text.FLEXCOMM3_DriverIRQHandler
                0x0000000000011810       0x38 ./drivers/fsl_flexcomm.o
                0x0000000000011810                FLEXCOMM3_DriverIRQHandler
 .text.FLEXCOMM4_DriverIRQHandler
                0x0000000000011848       0x38 ./drivers/fsl_flexcomm.o
                0x0000000000011848                FLEXCOMM4_DriverIRQHandler
 .text.FLEXCOMM5_DriverIRQHandler
                0x0000000000011880       0x38 ./drivers/fsl_flexcomm.o
                0x0000000000011880                FLEXCOMM5_DriverIRQHandler
 .text.FLEXCOMM6_DriverIRQHandler
                0x00000000000118b8       0x38 ./drivers/fsl_flexcomm.o
                0x00000000000118b8                FLEXCOMM6_DriverIRQHandler
 .text.FLEXCOMM7_DriverIRQHandler
                0x00000000000118f0       0x38 ./drivers/fsl_flexcomm.o
                0x00000000000118f0                FLEXCOMM7_DriverIRQHandler
 .text.GPIO_PortInit
                0x0000000000011928       0x48 ./drivers/fsl_gpio.o
                0x0000000000011928                GPIO_PortInit
 .text.SEC_GPIO_INT0_IRQ0_DriverIRQHandler
                0x0000000000011970       0x48 ./drivers/fsl_pint.o
                0x0000000000011970                SEC_GPIO_INT0_IRQ0_DriverIRQHandler
 .text.SEC_GPIO_INT0_IRQ1_DriverIRQHandler
                0x00000000000119b8       0x44 ./drivers/fsl_pint.o
                0x00000000000119b8                SEC_GPIO_INT0_IRQ1_DriverIRQHandler
 .text.PIN_INT0_DriverIRQHandler
                0x00000000000119fc       0x48 ./drivers/fsl_pint.o
                0x00000000000119fc                PIN_INT0_DriverIRQHandler
 .text.PIN_INT1_DriverIRQHandler
                0x0000000000011a44       0x48 ./drivers/fsl_pint.o
                0x0000000000011a44                PIN_INT1_DriverIRQHandler
 .text.PIN_INT2_DriverIRQHandler
                0x0000000000011a8c       0x48 ./drivers/fsl_pint.o
                0x0000000000011a8c                PIN_INT2_DriverIRQHandler
 .text.PIN_INT3_DriverIRQHandler
                0x0000000000011ad4       0x48 ./drivers/fsl_pint.o
                0x0000000000011ad4                PIN_INT3_DriverIRQHandler
 .text.PIN_INT4_DriverIRQHandler
                0x0000000000011b1c       0x48 ./drivers/fsl_pint.o
                0x0000000000011b1c                PIN_INT4_DriverIRQHandler
 .text.PIN_INT5_DriverIRQHandler
                0x0000000000011b64       0x48 ./drivers/fsl_pint.o
                0x0000000000011b64                PIN_INT5_DriverIRQHandler
 .text.PIN_INT6_DriverIRQHandler
                0x0000000000011bac       0x48 ./drivers/fsl_pint.o
                0x0000000000011bac                PIN_INT6_DriverIRQHandler
 .text.PIN_INT7_DriverIRQHandler
                0x0000000000011bf4       0x48 ./drivers/fsl_pint.o
                0x0000000000011bf4                PIN_INT7_DriverIRQHandler
 .text.RESET_SetPeripheralReset
                0x0000000000011c3c       0x5c ./drivers/fsl_reset.o
                0x0000000000011c3c                RESET_SetPeripheralReset
 .text.RESET_ClearPeripheralReset
                0x0000000000011c98       0x5c ./drivers/fsl_reset.o
                0x0000000000011c98                RESET_ClearPeripheralReset
 .text.SPI_SetTransferDelay
                0x0000000000011cf4       0x60 ./drivers/fsl_spi.o
 .text.SPI_GetInstance
                0x0000000000011d54       0x44 ./drivers/fsl_spi.o
                0x0000000000011d54                SPI_GetInstance
 .text.SPI_SetDummyData
                0x0000000000011d98       0x2c ./drivers/fsl_spi.o
                0x0000000000011d98                SPI_SetDummyData
 .text.SPI_MasterGetDefaultConfig
                0x0000000000011dc4       0x88 ./drivers/fsl_spi.o
                0x0000000000011dc4                SPI_MasterGetDefaultConfig
 .text.SPI_MasterInit
                0x0000000000011e4c      0x1b4 ./drivers/fsl_spi.o
                0x0000000000011e4c                SPI_MasterInit
 .text.SPI_MasterSetBaud
                0x0000000000012000       0x84 ./drivers/fsl_spi.o
                0x0000000000012000                SPI_MasterSetBaud
 .text.SPI_MasterTransferBlocking
                0x0000000000012084      0x29c ./drivers/fsl_spi.o
                0x0000000000012084                SPI_MasterTransferBlocking
 .text.__assertion_failed
                0x0000000000012320       0x4c /Applications/MCUXpressoIDE_10.3.1_2233/ide/plugins/com.nxp.mcuxpresso.tools.macosx_10.3.0.201811011841/tools/bin/../lib/gcc/arm-none-eabi/7.3.1/../../../../arm-none-eabi/lib/thumb/v8-m.main/fpv5-sp/hard/libcr_nohost_nf.a(_cr_assert.o)
                0x0000000000012320                __assertion_failed
 .text._Cwritebuf
                0x000000000001236c       0x6c /Applications/MCUXpressoIDE_10.3.1_2233/ide/plugins/com.nxp.mcuxpresso.tools.macosx_10.3.0.201811011841/tools/bin/../lib/gcc/arm-none-eabi/7.3.1/../../../../arm-none-eabi/lib/thumb/v8-m.main/fpv5-sp/hard/libcr_c.a(_writebuf.o)
                0x000000000001236c                _Cwritebuf
 .text.malloc   0x00000000000123d8       0xc8 /Applications/MCUXpressoIDE_10.3.1_2233/ide/plugins/com.nxp.mcuxpresso.tools.macosx_10.3.0.201811011841/tools/bin/../lib/gcc/arm-none-eabi/7.3.1/../../../../arm-none-eabi/lib/thumb/v8-m.main/fpv5-sp/hard/libcr_c.a(alloc.o)
                0x00000000000123d8                malloc
 .text._Csys_alloc
                0x00000000000124a0       0x20 /Applications/MCUXpressoIDE_10.3.1_2233/ide/plugins/com.nxp.mcuxpresso.tools.macosx_10.3.0.201811011841/tools/bin/../lib/gcc/arm-none-eabi/7.3.1/../../../../arm-none-eabi/lib/thumb/v8-m.main/fpv5-sp/hard/libcr_c.a(alloc.o)
                0x00000000000124a0                _Csys_alloc
 .text.fseek    0x00000000000124c0      0x100 /Applications/MCUXpressoIDE_10.3.1_2233/ide/plugins/com.nxp.mcuxpresso.tools.macosx_10.3.0.201811011841/tools/bin/../lib/gcc/arm-none-eabi/7.3.1/../../../../arm-none-eabi/lib/thumb/v8-m.main/fpv5-sp/hard/libcr_c.a(fseek.o)
                0x00000000000124c0                fseek
 .text.ftell    0x00000000000125c0       0x44 /Applications/MCUXpressoIDE_10.3.1_2233/ide/plugins/com.nxp.mcuxpresso.tools.macosx_10.3.0.201811011841/tools/bin/../lib/gcc/arm-none-eabi/7.3.1/../../../../arm-none-eabi/lib/thumb/v8-m.main/fpv5-sp/hard/libcr_c.a(ftell.o)
                0x00000000000125c0                ftell
 .text._initio  0x0000000000012604       0x78 /Applications/MCUXpressoIDE_10.3.1_2233/ide/plugins/com.nxp.mcuxpresso.tools.macosx_10.3.0.201811011841/tools/bin/../lib/gcc/arm-none-eabi/7.3.1/../../../../arm-none-eabi/lib/thumb/v8-m.main/fpv5-sp/hard/libcr_c.a(initio.o)
                0x0000000000012604                _initio
 .text.setvbuf  0x000000000001267c       0x40 /Applications/MCUXpressoIDE_10.3.1_2233/ide/plugins/com.nxp.mcuxpresso.tools.macosx_10.3.0.201811011841/tools/bin/../lib/gcc/arm-none-eabi/7.3.1/../../../../arm-none-eabi/lib/thumb/v8-m.main/fpv5-sp/hard/libcr_c.a(setvbuf.o)
                0x000000000001267c                setvbuf
 .text._sbrk    0x00000000000126bc       0x3c /Applications/MCUXpressoIDE_10.3.1_2233/ide/plugins/com.nxp.mcuxpresso.tools.macosx_10.3.0.201811011841/tools/bin/../lib/gcc/arm-none-eabi/7.3.1/../../../../arm-none-eabi/lib/thumb/v8-m.main/fpv5-sp/hard/libcr_c.a(_cr_sbrk.o)
                0x00000000000126bc                _sbrk
 .text.fflush   0x00000000000126f8       0x44 /Applications/MCUXpressoIDE_10.3.1_2233/ide/plugins/com.nxp.mcuxpresso.tools.macosx_10.3.0.201811011841/tools/bin/../lib/gcc/arm-none-eabi/7.3.1/../../../../arm-none-eabi/lib/thumb/v8-m.main/fpv5-sp/hard/libcr_c.a(fflush.o)
                0x00000000000126f8                fflush
 .text.__check_heap_overflow
                0x000000000001273c       0x18 /Applications/MCUXpressoIDE_10.3.1_2233/ide/plugins/com.nxp.mcuxpresso.tools.macosx_10.3.0.201811011841/tools/bin/../lib/gcc/arm-none-eabi/7.3.1/../../../../arm-none-eabi/lib/thumb/v8-m.main/fpv5-sp/hard/libcr_c.a(_cr_check_heap.o)
                0x000000000001273c                __check_heap_overflow
 .text.WDT_BOD_IRQHandler
                0x0000000000012754        0x8 ./startup/startup_lpc55s69_cm33_core0.o
                0x0000000000012754                WDT_BOD_IRQHandler
 .text.DMA0_IRQHandler
                0x000000000001275c        0x8 ./startup/startup_lpc55s69_cm33_core0.o
                0x000000000001275c                DMA0_IRQHandler
 .text.GINT0_IRQHandler
                0x0000000000012764        0x8 ./startup/startup_lpc55s69_cm33_core0.o
                0x0000000000012764                GINT0_IRQHandler
 .text.GINT1_IRQHandler
                0x000000000001276c        0x8 ./startup/startup_lpc55s69_cm33_core0.o
                0x000000000001276c                GINT1_IRQHandler
 .text.PIN_INT0_IRQHandler
                0x0000000000012774        0x8 ./startup/startup_lpc55s69_cm33_core0.o
                0x0000000000012774                PIN_INT0_IRQHandler
 .text.PIN_INT1_IRQHandler
                0x000000000001277c        0x8 ./startup/startup_lpc55s69_cm33_core0.o
                0x000000000001277c                PIN_INT1_IRQHandler
 .text.PIN_INT2_IRQHandler
                0x0000000000012784        0x8 ./startup/startup_lpc55s69_cm33_core0.o
                0x0000000000012784                PIN_INT2_IRQHandler
 .text.PIN_INT3_IRQHandler
                0x000000000001278c        0x8 ./startup/startup_lpc55s69_cm33_core0.o
                0x000000000001278c                PIN_INT3_IRQHandler
 .text.UTICK0_IRQHandler
                0x0000000000012794        0x8 ./startup/startup_lpc55s69_cm33_core0.o
                0x0000000000012794                UTICK0_IRQHandler
 .text.MRT0_IRQHandler
                0x000000000001279c        0x8 ./startup/startup_lpc55s69_cm33_core0.o
                0x000000000001279c                MRT0_IRQHandler
 .text.CTIMER0_IRQHandler
                0x00000000000127a4        0x8 ./startup/startup_lpc55s69_cm33_core0.o
                0x00000000000127a4                CTIMER0_IRQHandler
 .text.CTIMER1_IRQHandler
                0x00000000000127ac        0x8 ./startup/startup_lpc55s69_cm33_core0.o
                0x00000000000127ac                CTIMER1_IRQHandler
 .text.SCT0_IRQHandler
                0x00000000000127b4        0x8 ./startup/startup_lpc55s69_cm33_core0.o
                0x00000000000127b4                SCT0_IRQHandler
 .text.CTIMER3_IRQHandler
                0x00000000000127bc        0x8 ./startup/startup_lpc55s69_cm33_core0.o
                0x00000000000127bc                CTIMER3_IRQHandler
 .text.FLEXCOMM0_IRQHandler
                0x00000000000127c4        0x8 ./startup/startup_lpc55s69_cm33_core0.o
                0x00000000000127c4                FLEXCOMM0_IRQHandler
 .text.FLEXCOMM1_IRQHandler
                0x00000000000127cc        0x8 ./startup/startup_lpc55s69_cm33_core0.o
                0x00000000000127cc                FLEXCOMM1_IRQHandler
 .text.FLEXCOMM2_IRQHandler
                0x00000000000127d4        0x8 ./startup/startup_lpc55s69_cm33_core0.o
                0x00000000000127d4                FLEXCOMM2_IRQHandler
 .text.FLEXCOMM3_IRQHandler
                0x00000000000127dc        0x8 ./startup/startup_lpc55s69_cm33_core0.o
                0x00000000000127dc                FLEXCOMM3_IRQHandler
 .text.FLEXCOMM4_IRQHandler
                0x00000000000127e4        0x8 ./startup/startup_lpc55s69_cm33_core0.o
                0x00000000000127e4                FLEXCOMM4_IRQHandler
 .text.FLEXCOMM5_IRQHandler
                0x00000000000127ec        0x8 ./startup/startup_lpc55s69_cm33_core0.o
                0x00000000000127ec                FLEXCOMM5_IRQHandler
 .text.FLEXCOMM6_IRQHandler
                0x00000000000127f4        0x8 ./startup/startup_lpc55s69_cm33_core0.o
                0x00000000000127f4                FLEXCOMM6_IRQHandler
 .text.FLEXCOMM7_IRQHandler
                0x00000000000127fc        0x8 ./startup/startup_lpc55s69_cm33_core0.o
                0x00000000000127fc                FLEXCOMM7_IRQHandler
 .text.ADC0_IRQHandler
                0x0000000000012804        0x8 ./startup/startup_lpc55s69_cm33_core0.o
                0x0000000000012804                ADC0_IRQHandler
 .text.Reserved39_IRQHandler
                0x000000000001280c        0x8 ./startup/startup_lpc55s69_cm33_core0.o
                0x000000000001280c                Reserved39_IRQHandler
 .text.ACMP_IRQHandler
                0x0000000000012814        0x8 ./startup/startup_lpc55s69_cm33_core0.o
                0x0000000000012814                ACMP_IRQHandler
 .text.Reserved41_IRQHandler
                0x000000000001281c        0x8 ./startup/startup_lpc55s69_cm33_core0.o
                0x000000000001281c                Reserved41_IRQHandler
 .text.Reserved42_IRQHandler
                0x0000000000012824        0x8 ./startup/startup_lpc55s69_cm33_core0.o
                0x0000000000012824                Reserved42_IRQHandler
 .text.USB0_NEEDCLK_IRQHandler
                0x000000000001282c        0x8 ./startup/startup_lpc55s69_cm33_core0.o
                0x000000000001282c                USB0_NEEDCLK_IRQHandler
 .text.USB0_IRQHandler
                0x0000000000012834        0x8 ./startup/startup_lpc55s69_cm33_core0.o
                0x0000000000012834                USB0_IRQHandler
 .text.RTC_IRQHandler
                0x000000000001283c        0x8 ./startup/startup_lpc55s69_cm33_core0.o
                0x000000000001283c                RTC_IRQHandler
 .text.Reserved46_IRQHandler
                0x0000000000012844        0x8 ./startup/startup_lpc55s69_cm33_core0.o
                0x0000000000012844                Reserved46_IRQHandler
 .text.MAILBOX_IRQHandler
                0x000000000001284c        0x8 ./startup/startup_lpc55s69_cm33_core0.o
                0x000000000001284c                MAILBOX_IRQHandler
 .text.PIN_INT4_IRQHandler
                0x0000000000012854        0x8 ./startup/startup_lpc55s69_cm33_core0.o
                0x0000000000012854                PIN_INT4_IRQHandler
 .text.PIN_INT5_IRQHandler
                0x000000000001285c        0x8 ./startup/startup_lpc55s69_cm33_core0.o
                0x000000000001285c                PIN_INT5_IRQHandler
 .text.PIN_INT6_IRQHandler
                0x0000000000012864        0x8 ./startup/startup_lpc55s69_cm33_core0.o
                0x0000000000012864                PIN_INT6_IRQHandler
 .text.PIN_INT7_IRQHandler
                0x000000000001286c        0x8 ./startup/startup_lpc55s69_cm33_core0.o
                0x000000000001286c                PIN_INT7_IRQHandler
 .text.CTIMER2_IRQHandler
                0x0000000000012874        0x8 ./startup/startup_lpc55s69_cm33_core0.o
                0x0000000000012874                CTIMER2_IRQHandler
 .text.CTIMER4_IRQHandler
                0x000000000001287c        0x8 ./startup/startup_lpc55s69_cm33_core0.o
                0x000000000001287c                CTIMER4_IRQHandler
 .text.OS_EVENT_IRQHandler
                0x0000000000012884        0x8 ./startup/startup_lpc55s69_cm33_core0.o
                0x0000000000012884                OS_EVENT_IRQHandler
 .text.Reserved55_IRQHandler
                0x000000000001288c        0x8 ./startup/startup_lpc55s69_cm33_core0.o
                0x000000000001288c                Reserved55_IRQHandler
 .text.Reserved56_IRQHandler
                0x0000000000012894        0x8 ./startup/startup_lpc55s69_cm33_core0.o
                0x0000000000012894                Reserved56_IRQHandler
 .text.Reserved57_IRQHandler
                0x000000000001289c        0x8 ./startup/startup_lpc55s69_cm33_core0.o
                0x000000000001289c                Reserved57_IRQHandler
 .text.SDIO_IRQHandler
                0x00000000000128a4        0x8 ./startup/startup_lpc55s69_cm33_core0.o
                0x00000000000128a4                SDIO_IRQHandler
 .text.Reserved59_IRQHandler
                0x00000000000128ac        0x8 ./startup/startup_lpc55s69_cm33_core0.o
                0x00000000000128ac                Reserved59_IRQHandler
 .text.Reserved60_IRQHandler
                0x00000000000128b4        0x8 ./startup/startup_lpc55s69_cm33_core0.o
                0x00000000000128b4                Reserved60_IRQHandler
 .text.Reserved61_IRQHandler
                0x00000000000128bc        0x8 ./startup/startup_lpc55s69_cm33_core0.o
                0x00000000000128bc                Reserved61_IRQHandler
 .text.USB1_UTMI_IRQHandler
                0x00000000000128c4        0x8 ./startup/startup_lpc55s69_cm33_core0.o
                0x00000000000128c4                USB1_UTMI_IRQHandler
 .text.USB1_IRQHandler
                0x00000000000128cc        0x8 ./startup/startup_lpc55s69_cm33_core0.o
                0x00000000000128cc                USB1_IRQHandler
 .text.USB1_NEEDCLK_IRQHandler
                0x00000000000128d4        0x8 ./startup/startup_lpc55s69_cm33_core0.o
                0x00000000000128d4                USB1_NEEDCLK_IRQHandler
 .text.SEC_HYPERVISOR_CALL_IRQHandler
                0x00000000000128dc        0x8 ./startup/startup_lpc55s69_cm33_core0.o
                0x00000000000128dc                SEC_HYPERVISOR_CALL_IRQHandler
 .text.SEC_GPIO_INT0_IRQ0_IRQHandler
                0x00000000000128e4        0x8 ./startup/startup_lpc55s69_cm33_core0.o
                0x00000000000128e4                SEC_GPIO_INT0_IRQ0_IRQHandler
 .text.SEC_GPIO_INT0_IRQ1_IRQHandler
                0x00000000000128ec        0x8 ./startup/startup_lpc55s69_cm33_core0.o
                0x00000000000128ec                SEC_GPIO_INT0_IRQ1_IRQHandler
 .text.PLU_IRQHandler
                0x00000000000128f4        0x8 ./startup/startup_lpc55s69_cm33_core0.o
                0x00000000000128f4                PLU_IRQHandler
 .text.SEC_VIO_IRQHandler
                0x00000000000128fc        0x8 ./startup/startup_lpc55s69_cm33_core0.o
                0x00000000000128fc                SEC_VIO_IRQHandler
 .text.HASHCRYPT_IRQHandler
                0x0000000000012904        0x8 ./startup/startup_lpc55s69_cm33_core0.o
                0x0000000000012904                HASHCRYPT_IRQHandler
 .text.CASER_IRQHandler
                0x000000000001290c        0x8 ./startup/startup_lpc55s69_cm33_core0.o
                0x000000000001290c                CASER_IRQHandler
 .text.PUF_IRQHandler
                0x0000000000012914        0x8 ./startup/startup_lpc55s69_cm33_core0.o
                0x0000000000012914                PUF_IRQHandler
 .text.PQ_IRQHandler
                0x000000000001291c        0x8 ./startup/startup_lpc55s69_cm33_core0.o
                0x000000000001291c                PQ_IRQHandler
 .text.DMA1_IRQHandler
                0x0000000000012924        0x8 ./startup/startup_lpc55s69_cm33_core0.o
                0x0000000000012924                DMA1_IRQHandler
 .text.LSPI_HS_IRQHandler
                0x000000000001292c        0x8 ./startup/startup_lpc55s69_cm33_core0.o
                0x000000000001292c                LSPI_HS_IRQHandler
 .text.GPIO_PinWrite
                0x0000000000012934       0x2a ./source/main_ns.o
 .text.GPIO_PinRead
                0x000000000001295e       0x28 ./source/main_ns.o
 .text.SystemInit
                0x0000000000012986        0xe ./source/main_ns.o
                0x0000000000012986                SystemInit
 .text.Shift_Left
                0x0000000000012994       0x6a ./source/main_ns.o
                0x0000000000012994                Shift_Left
 .text.XOR      0x00000000000129fe       0x44 ./source/main_ns.o
                0x00000000000129fe                XOR
 .text.AES_Encrypt
                0x0000000000012a42      0x240 ./source/main_ns.o
                0x0000000000012a42                AES_Encrypt
 .text.AES_Add_Round_Key
                0x0000000000012c82       0x66 ./source/main_ns.o
                0x0000000000012c82                AES_Add_Round_Key
 .text.AES_Shift_Rows
                0x0000000000012ce8       0xbe ./source/main_ns.o
                0x0000000000012ce8                AES_Shift_Rows
 .text.AES_Mix_Collums
                0x0000000000012da6      0x128 ./source/main_ns.o
                0x0000000000012da6                AES_Mix_Collums
 .text.AES_Calculate_Round_Key
                0x0000000000012ece       0xfc ./source/main_ns.o
                0x0000000000012ece                AES_Calculate_Round_Key
 .text.CLOCK_GetMclkClkFreq
                0x0000000000012fca       0x50 ./drivers/fsl_clock.o
                0x0000000000012fca                CLOCK_GetMclkClkFreq
 .text.CLOCK_GetWdtClkFreq
                0x000000000001301a       0x20 ./drivers/fsl_clock.o
                0x000000000001301a                CLOCK_GetWdtClkFreq
 .text.CLOCK_GetFlexCommClkFreq
                0x000000000001303a       0x48 ./drivers/fsl_clock.o
                0x000000000001303a                CLOCK_GetFlexCommClkFreq
 .text.CLOCK_EnableClock
                0x0000000000013082       0x30 ./drivers/fsl_flexcomm.o
 .text.FLEXCOMM_PeripheralIsPresent
                0x00000000000130b2       0x64 ./drivers/fsl_flexcomm.o
 .text.FLEXCOMM_SetPeriph
                0x0000000000013116       0x74 ./drivers/fsl_flexcomm.o
 .text.CLOCK_EnableClock
                0x000000000001318a       0x30 ./drivers/fsl_gpio.o
 .text.GPIO_PinInit
                0x00000000000131ba       0xa0 ./drivers/fsl_gpio.o
                0x00000000000131ba                GPIO_PinInit
 .text.PINT_PinInterruptClrStatus
                0x000000000001325a       0x22 ./drivers/fsl_pint.o
 .text.PINT_PatternMatchResetDetectLogic
                0x000000000001327c       0x34 ./drivers/fsl_pint.o
                0x000000000001327c                PINT_PatternMatchResetDetectLogic
 .text.RESET_PeripheralReset
                0x00000000000132b0       0x1c ./drivers/fsl_reset.o
                0x00000000000132b0                RESET_PeripheralReset
 .text.SPI_Enable
                0x00000000000132cc       0x40 ./drivers/fsl_spi.o
 .text.__main   0x000000000001330c        0xe /Applications/MCUXpressoIDE_10.3.1_2233/ide/plugins/com.nxp.mcuxpresso.tools.macosx_10.3.0.201811011841/tools/bin/../lib/gcc/arm-none-eabi/7.3.1/../../../../arm-none-eabi/lib/thumb/v8-m.main/fpv5-sp/hard/libcr_nohost_nf.a(_cr__main.o)
                0x000000000001330c                __main
 .text.__sys_appexit
                0x000000000001331a        0x2 /Applications/MCUXpressoIDE_10.3.1_2233/ide/plugins/com.nxp.mcuxpresso.tools.macosx_10.3.0.201811011841/tools/bin/../lib/gcc/arm-none-eabi/7.3.1/../../../../arm-none-eabi/lib/thumb/v8-m.main/fpv5-sp/hard/libcr_nohost_nf.a(__sys_appexit.o)
                0x000000000001331a                __exit
                0x000000000001331a                __sys_appexit
 .text.memcpy   0x000000000001331c        0x4 /Applications/MCUXpressoIDE_10.3.1_2233/ide/plugins/com.nxp.mcuxpresso.tools.macosx_10.3.0.201811011841/tools/bin/../lib/gcc/arm-none-eabi/7.3.1/../../../../arm-none-eabi/lib/thumb/v8-m.main/fpv5-sp/hard/libcr_c.a(memcpy.o)
                0x000000000001331c                memcpy
 .text.memset   0x0000000000013320        0x4 /Applications/MCUXpressoIDE_10.3.1_2233/ide/plugins/com.nxp.mcuxpresso.tools.macosx_10.3.0.201811011841/tools/bin/../lib/gcc/arm-none-eabi/7.3.1/../../../../arm-none-eabi/lib/thumb/v8-m.main/fpv5-sp/hard/libcr_c.a(memset.o)
                0x0000000000013320                memset
 .text._deferredlazyseek
                0x0000000000013324       0x40 /Applications/MCUXpressoIDE_10.3.1_2233/ide/plugins/com.nxp.mcuxpresso.tools.macosx_10.3.0.201811011841/tools/bin/../lib/gcc/arm-none-eabi/7.3.1/../../../../arm-none-eabi/lib/thumb/v8-m.main/fpv5-sp/hard/libcr_c.a(_deferredlazyseek.o)
                0x0000000000013324                _deferredlazyseek
 .text.__flsbuf
                0x0000000000013364      0x140 /Applications/MCUXpressoIDE_10.3.1_2233/ide/plugins/com.nxp.mcuxpresso.tools.macosx_10.3.0.201811011841/tools/bin/../lib/gcc/arm-none-eabi/7.3.1/../../../../arm-none-eabi/lib/thumb/v8-m.main/fpv5-sp/hard/libcr_c.a(_deferredlazyseek.o)
                0x0000000000013364                __flsbuf
 .text._fflush  0x00000000000134a4       0x52 /Applications/MCUXpressoIDE_10.3.1_2233/ide/plugins/com.nxp.mcuxpresso.tools.macosx_10.3.0.201811011841/tools/bin/../lib/gcc/arm-none-eabi/7.3.1/../../../../arm-none-eabi/lib/thumb/v8-m.main/fpv5-sp/hard/libcr_c.a(_fflush.o)
                0x00000000000134a4                _fflush
 .text.free     0x00000000000134f6       0x30 /Applications/MCUXpressoIDE_10.3.1_2233/ide/plugins/com.nxp.mcuxpresso.tools.macosx_10.3.0.201811011841/tools/bin/../lib/gcc/arm-none-eabi/7.3.1/../../../../arm-none-eabi/lib/thumb/v8-m.main/fpv5-sp/hard/libcr_c.a(alloc.o)
                0x00000000000134f6                free
 .text.fputs    0x0000000000013526       0x2c /Applications/MCUXpressoIDE_10.3.1_2233/ide/plugins/com.nxp.mcuxpresso.tools.macosx_10.3.0.201811011841/tools/bin/../lib/gcc/arm-none-eabi/7.3.1/../../../../arm-none-eabi/lib/thumb/v8-m.main/fpv5-sp/hard/libcr_c.a(fputs.o)
                0x0000000000013526                fputs
 .text.strlen   0x0000000000013552       0x4a /Applications/MCUXpressoIDE_10.3.1_2233/ide/plugins/com.nxp.mcuxpresso.tools.macosx_10.3.0.201811011841/tools/bin/../lib/gcc/arm-none-eabi/7.3.1/../../../../arm-none-eabi/lib/thumb/v8-m.main/fpv5-sp/hard/libcr_c.a(strlen.o)
                0x0000000000013552                strlen
 .text._fdopen  0x000000000001359c       0x68 /Applications/MCUXpressoIDE_10.3.1_2233/ide/plugins/com.nxp.mcuxpresso.tools.macosx_10.3.0.201811011841/tools/bin/../lib/gcc/arm-none-eabi/7.3.1/../../../../arm-none-eabi/lib/thumb/v8-m.main/fpv5-sp/hard/libcr_c.a(_fdopen.o)
                0x000000000001359c                _fdopen
 .text.fclose   0x0000000000013604       0x58 /Applications/MCUXpressoIDE_10.3.1_2233/ide/plugins/com.nxp.mcuxpresso.tools.macosx_10.3.0.201811011841/tools/bin/../lib/gcc/arm-none-eabi/7.3.1/../../../../arm-none-eabi/lib/thumb/v8-m.main/fpv5-sp/hard/libcr_c.a(fclose.o)
                0x0000000000013604                fclose
 .text.remove   0x000000000001365c       0x14 /Applications/MCUXpressoIDE_10.3.1_2233/ide/plugins/com.nxp.mcuxpresso.tools.macosx_10.3.0.201811011841/tools/bin/../lib/gcc/arm-none-eabi/7.3.1/../../../../arm-none-eabi/lib/thumb/v8-m.main/fpv5-sp/hard/libcr_c.a(remove.o)
                0x000000000001365c                remove
 .text._do_fflush
                0x0000000000013670       0x40 /Applications/MCUXpressoIDE_10.3.1_2233/ide/plugins/com.nxp.mcuxpresso.tools.macosx_10.3.0.201811011841/tools/bin/../lib/gcc/arm-none-eabi/7.3.1/../../../../arm-none-eabi/lib/thumb/v8-m.main/fpv5-sp/hard/libcr_c.a(_do_fflush.o)
                0x0000000000013670                _do_fflush
 .text.__aeabi_memcpy
                0x00000000000136b0       0x34 /Applications/MCUXpressoIDE_10.3.1_2233/ide/plugins/com.nxp.mcuxpresso.tools.macosx_10.3.0.201811011841/tools/bin/../lib/gcc/arm-none-eabi/7.3.1/thumb/v8-m.main/fpv5-sp/hard/libcr_eabihelpers.a(memcpy.o)
                0x00000000000136b0                __aeabi_memcpy
                0x00000000000136ba                __aeabi_memcpy4
                0x00000000000136ba                __aeabi_memcpy8
 .text.__aeabi_memset_lowlevel
                0x00000000000136e4       0x32 /Applications/MCUXpressoIDE_10.3.1_2233/ide/plugins/com.nxp.mcuxpresso.tools.macosx_10.3.0.201811011841/tools/bin/../lib/gcc/arm-none-eabi/7.3.1/thumb/v8-m.main/fpv5-sp/hard/libcr_eabihelpers.a(memcpy.o)
                0x00000000000136e4                __aeabi_lowlevel_memset
 .text.__sys_close
                0x0000000000013716        0x6 /Applications/MCUXpressoIDE_10.3.1_2233/ide/plugins/com.nxp.mcuxpresso.tools.macosx_10.3.0.201811011841/tools/bin/../lib/gcc/arm-none-eabi/7.3.1/../../../../arm-none-eabi/lib/thumb/v8-m.main/fpv5-sp/hard/libcr_nohost_nf.a(__sys_close.o)
                0x0000000000013716                __sys_close
 .text.__sys_flen
                0x000000000001371c        0x6 /Applications/MCUXpressoIDE_10.3.1_2233/ide/plugins/com.nxp.mcuxpresso.tools.macosx_10.3.0.201811011841/tools/bin/../lib/gcc/arm-none-eabi/7.3.1/../../../../arm-none-eabi/lib/thumb/v8-m.main/fpv5-sp/hard/libcr_nohost_nf.a(__sys_flen.o)
                0x000000000001371c                __sys_flen
 .text.__sys_istty
                0x0000000000013722        0x6 /Applications/MCUXpressoIDE_10.3.1_2233/ide/plugins/com.nxp.mcuxpresso.tools.macosx_10.3.0.201811011841/tools/bin/../lib/gcc/arm-none-eabi/7.3.1/../../../../arm-none-eabi/lib/thumb/v8-m.main/fpv5-sp/hard/libcr_nohost_nf.a(__sys_istty.o)
                0x0000000000013722                __sys_istty
 .text.__sys_remove
                0x0000000000013728        0x6 /Applications/MCUXpressoIDE_10.3.1_2233/ide/plugins/com.nxp.mcuxpresso.tools.macosx_10.3.0.201811011841/tools/bin/../lib/gcc/arm-none-eabi/7.3.1/../../../../arm-none-eabi/lib/thumb/v8-m.main/fpv5-sp/hard/libcr_nohost_nf.a(__sys_remove.o)
                0x0000000000013728                __sys_remove
 .text.__sys_seek
                0x000000000001372e        0x6 /Applications/MCUXpressoIDE_10.3.1_2233/ide/plugins/com.nxp.mcuxpresso.tools.macosx_10.3.0.201811011841/tools/bin/../lib/gcc/arm-none-eabi/7.3.1/../../../../arm-none-eabi/lib/thumb/v8-m.main/fpv5-sp/hard/libcr_nohost_nf.a(__sys_seek.o)
                0x000000000001372e                __sys_seek
 .text.__sys_tmpnam
                0x0000000000013734        0x6 /Applications/MCUXpressoIDE_10.3.1_2233/ide/plugins/com.nxp.mcuxpresso.tools.macosx_10.3.0.201811011841/tools/bin/../lib/gcc/arm-none-eabi/7.3.1/../../../../arm-none-eabi/lib/thumb/v8-m.main/fpv5-sp/hard/libcr_nohost_nf.a(__sys_tmpnam.o)
                0x0000000000013734                __sys_tmpnam
 .text.__sys_write
                0x000000000001373a        0x4 /Applications/MCUXpressoIDE_10.3.1_2233/ide/plugins/com.nxp.mcuxpresso.tools.macosx_10.3.0.201811011841/tools/bin/../lib/gcc/arm-none-eabi/7.3.1/../../../../arm-none-eabi/lib/thumb/v8-m.main/fpv5-sp/hard/libcr_nohost_nf.a(__sys_write.o)
                0x000000000001373a                __sys_write
 *fill*         0x000000000001373e        0x2 ff
 .text.__sys_write.__stub
                0x0000000000013740       0x20 linker stubs
 *(SORT_BY_ALIGNMENT(.rodata) SORT_BY_ALIGNMENT(.rodata.*) SORT_BY_ALIGNMENT(.constdata) SORT_BY_ALIGNMENT(.constdata.*))
 *fill*         0x0000000000013760        0x0 ff
 .rodata        0x0000000000013760       0xee ./source/main_ns.o
 *fill*         0x000000000001384e        0x2 ff
 .rodata.s_flexcommBaseAddrs
                0x0000000000013850       0x24 ./drivers/fsl_flexcomm.o
 .rodata.s_flexcommClocks
                0x0000000000013874       0x12 ./drivers/fsl_flexcomm.o
 *fill*         0x0000000000013886        0x2 ff
 .rodata.s_flexcommResets
                0x0000000000013888       0x24 ./drivers/fsl_flexcomm.o
 .rodata        0x00000000000138ac      0x220 ./drivers/fsl_flexcomm.o
 .rodata.s_gpioClockName
                0x0000000000013acc        0xc ./drivers/fsl_gpio.o
 .rodata.s_gpioResets
                0x0000000000013ad8       0x18 ./drivers/fsl_gpio.o
 .rodata        0x0000000000013af0       0x3e ./drivers/fsl_gpio.o
 *fill*         0x0000000000013b2e        0x2 ff
 .rodata        0x0000000000013b30       0x55 ./drivers/fsl_reset.o
 *fill*         0x0000000000013b85        0x3 ff
 .rodata        0x0000000000013b88      0x6ee ./drivers/fsl_spi.o
 *fill*         0x0000000000014276        0x2 ff
 .rodata.s_spiBaseAddrs
                0x0000000000014278       0x24 ./drivers/fsl_spi.o
 .rodata.__num_Ciob_streams
                0x000000000001429c        0x4 /Applications/MCUXpressoIDE_10.3.1_2233/ide/plugins/com.nxp.mcuxpresso.tools.macosx_10.3.0.201811011841/tools/bin/../lib/gcc/arm-none-eabi/7.3.1/../../../../arm-none-eabi/lib/thumb/v8-m.main/fpv5-sp/hard/libcr_nohost_nf.a(__ciob.o)
                0x000000000001429c                __num_Ciob_streams
 .rodata.__assertion_failed.str1.1
                0x00000000000142a0       0x15 /Applications/MCUXpressoIDE_10.3.1_2233/ide/plugins/com.nxp.mcuxpresso.tools.macosx_10.3.0.201811011841/tools/bin/../lib/gcc/arm-none-eabi/7.3.1/../../../../arm-none-eabi/lib/thumb/v8-m.main/fpv5-sp/hard/libcr_nohost_nf.a(_cr_assert.o)
 .rodata._Csys_alloc.str1.1
                0x00000000000142b5       0x18 /Applications/MCUXpressoIDE_10.3.1_2233/ide/plugins/com.nxp.mcuxpresso.tools.macosx_10.3.0.201811011841/tools/bin/../lib/gcc/arm-none-eabi/7.3.1/../../../../arm-none-eabi/lib/thumb/v8-m.main/fpv5-sp/hard/libcr_c.a(alloc.o)
 .rodata._initio.str1.1
                0x00000000000142cd        0x4 /Applications/MCUXpressoIDE_10.3.1_2233/ide/plugins/com.nxp.mcuxpresso.tools.macosx_10.3.0.201811011841/tools/bin/../lib/gcc/arm-none-eabi/7.3.1/../../../../arm-none-eabi/lib/thumb/v8-m.main/fpv5-sp/hard/libcr_c.a(initio.o)
                0x00000000000142d4                . = ALIGN (0x4)
 *fill*         0x00000000000142d1        0x3 ff

.glue_7         0x00000000000142d4        0x0
 .glue_7        0x00000000000142d4        0x0 linker stubs

.glue_7t        0x00000000000142d4        0x0
 .glue_7t       0x00000000000142d4        0x0 linker stubs

.vfp11_veneer   0x00000000000142d4        0x0
 .vfp11_veneer  0x00000000000142d4        0x0 linker stubs

.v4_bx          0x00000000000142d4        0x0
 .v4_bx         0x00000000000142d4        0x0 linker stubs

.iplt           0x00000000000142d4        0x0
 .iplt          0x00000000000142d4        0x0 ./startup/startup_lpc55s69_cm33_core0.o

.rel.dyn        0x00000000000142d4        0x0
 .rel.iplt      0x00000000000142d4        0x0 ./startup/startup_lpc55s69_cm33_core0.o

.ARM.extab
 *(SORT_BY_ALIGNMENT(.ARM.extab*) SORT_BY_ALIGNMENT(.gnu.linkonce.armextab.*))
                0x00000000000142d4                __exidx_start = .

.ARM.exidx
 *(SORT_BY_ALIGNMENT(.ARM.exidx*) SORT_BY_ALIGNMENT(.gnu.linkonce.armexidx.*))
                0x00000000000142d4                __exidx_end = .
                0x00000000000142d4                _etext = .

.uninit_RESERVED
                0x0000000020008000        0x0
 *(SORT_BY_ALIGNMENT(.bss.$RESERVED*))
                0x0000000020008000                . = ALIGN (0x4)
                0x0000000020008000                _end_uninit_RESERVED = .

.data           0x0000000020008000      0x128 load address 0x00000000000142d4
 FILL mask 0xff
                0x0000000020008000                _data = .
 *(SORT_BY_ALIGNMENT(vtable))
 *(SORT_BY_ALIGNMENT(.ramfunc*))
 *(SORT_BY_ALIGNMENT(.data*))
 .data.S_Table  0x0000000020008000      0x100 ./source/main_ns.o
                0x0000000020008000                S_Table
 .data.NwkSkey  0x0000000020008100       0x10 ./source/main_ns.o
                0x0000000020008100                NwkSkey
 .data.AppSkey  0x0000000020008110       0x10 ./source/main_ns.o
                0x0000000020008110                AppSkey
 .data.DevAddr  0x0000000020008120        0x4 ./source/main_ns.o
                0x0000000020008120                DevAddr
 .data.s_Ext_Clk_Freq
                0x0000000020008124        0x4 ./drivers/fsl_clock.o
                0x0000000020008128                . = ALIGN (0x4)
                0x0000000020008128                _edata = .

.igot.plt       0x0000000020008128        0x0 load address 0x00000000000143fc
 .igot.plt      0x0000000020008128        0x0 ./startup/startup_lpc55s69_cm33_core0.o

.bss            0x0000000020008128      0x180 load address 0x00000000000143fc
                0x0000000020008128                _bss = .
 *(SORT_BY_ALIGNMENT(.bss*))
 .bss.userConfig
                0x0000000020008128       0x18 ./source/main_ns.o
                0x0000000020008128                userConfig
 .bss.g_systickCounter
                0x0000000020008140        0x4 ./source/main_ns.o
                0x0000000020008140                g_systickCounter
 .bss.srcFreq   0x0000000020008144        0x4 ./source/main_ns.o
                0x0000000020008144                srcFreq
 .bss.s_Pll0_Freq
                0x0000000020008148        0x4 ./drivers/fsl_clock.o
 .bss.s_Pll1_Freq
                0x000000002000814c        0x4 ./drivers/fsl_clock.o
 .bss.s_I2S_Mclk_Freq
                0x0000000020008150        0x4 ./drivers/fsl_clock.o
 .bss.s_flexcommIrqHandler
                0x0000000020008154       0x24 ./drivers/fsl_flexcomm.o
 .bss.s_flexcommHandle
                0x0000000020008178       0x24 ./drivers/fsl_flexcomm.o
 .bss.s_pintCallback
                0x000000002000819c       0x28 ./drivers/fsl_pint.o
 .bss.g_configs
                0x00000000200081c4       0x12 ./drivers/fsl_spi.o
 *fill*         0x00000000200081d6        0x2 
 .bss.s_dummyData
                0x00000000200081d8        0x9 ./drivers/fsl_spi.o
                0x00000000200081d8                s_dummyData
 *fill*         0x00000000200081e1        0x3 
 .bss.__Ciob    0x00000000200081e4       0xb4 /Applications/MCUXpressoIDE_10.3.1_2233/ide/plugins/com.nxp.mcuxpresso.tools.macosx_10.3.0.201811011841/tools/bin/../lib/gcc/arm-none-eabi/7.3.1/../../../../arm-none-eabi/lib/thumb/v8-m.main/fpv5-sp/hard/libcr_nohost_nf.a(__ciob.o)
                0x00000000200081e4                __Ciob
 .bss.__end_of_heap
                0x0000000020008298        0x4 /Applications/MCUXpressoIDE_10.3.1_2233/ide/plugins/com.nxp.mcuxpresso.tools.macosx_10.3.0.201811011841/tools/bin/../lib/gcc/arm-none-eabi/7.3.1/../../../../arm-none-eabi/lib/thumb/v8-m.main/fpv5-sp/hard/libcr_c.a(__init_alloc.o)
                0x0000000020008298                __end_of_heap
 .bss.__heaps   0x000000002000829c        0x4 /Applications/MCUXpressoIDE_10.3.1_2233/ide/plugins/com.nxp.mcuxpresso.tools.macosx_10.3.0.201811011841/tools/bin/../lib/gcc/arm-none-eabi/7.3.1/../../../../arm-none-eabi/lib/thumb/v8-m.main/fpv5-sp/hard/libcr_c.a(__init_alloc.o)
                0x000000002000829c                __heaps
 .bss.errno     0x00000000200082a0        0x4 /Applications/MCUXpressoIDE_10.3.1_2233/ide/plugins/com.nxp.mcuxpresso.tools.macosx_10.3.0.201811011841/tools/bin/../lib/gcc/arm-none-eabi/7.3.1/../../../../arm-none-eabi/lib/thumb/v8-m.main/fpv5-sp/hard/libcr_c.a(errno.o)
                0x00000000200082a0                errno
 .bss.Frame_Counter_Tx
                0x00000000200082a4        0x2 ./source/main_ns.o
                0x00000000200082a4                Frame_Counter_Tx
 *(SORT_BY_ALIGNMENT(COMMON))
                0x00000000200082a8                . = ALIGN (0x4)
 *fill*         0x00000000200082a6        0x2 
                0x00000000200082a8                _ebss = .
                [!provide]                        PROVIDE (end = .)

.noinit         0x00000000200082a8        0x0 load address 0x00000000000143fc
                0x00000000200082a8                _noinit = .
 *(SORT_BY_ALIGNMENT(.noinit*))
                0x00000000200082a8                . = ALIGN (0x4)
                0x00000000200082a8                _end_noinit = .
                0x0000000000001000                _HeapSize = 0x1000

.heap           0x00000000200082a8     0x1000 load address 0x00000000000143fc
                0x00000000200082a8                _pvHeapStart = .
                0x00000000200092a8                . = (. + _HeapSize)
 *fill*         0x00000000200082a8     0x1000 
                0x00000000200092a8                . = ALIGN (0x4)
                0x00000000200092a8                _pvHeapLimit = .
                0x0000000000001000                _StackSize = 0x1000

.heap2stackfill
                0x00000000200092a8     0x1000 load address 0x00000000000143fc
                0x000000002000a2a8                . = (. + _StackSize)
 *fill*         0x00000000200092a8     0x1000 

.stack          0x0000000020032000        0x0
                0x0000000020032000                _vStackBase = .
                0x0000000020032000                . = ALIGN (0x4)
                0x0000000020033000                _vStackTop = (. + _StackSize)
                0xffffffffdff6c5e2                PROVIDE (__valid_user_code_checksum = (0x0 - ((((((_vStackTop + (ResetISR + 0x1)) + (NMI_Handler + 0x1)) + (HardFault_Handler + 0x1)) + (DEFINED (MemManage_Handler)?MemManage_Handler:0x0 + 0x1)) + (DEFINED (BusFault_Handler)?BusFault_Handler:0x0 + 0x1)) + (DEFINED (UsageFault_Handler)?UsageFault_Handler:0x0 + 0x1))))
                0x0000000000010000                _image_start = LOADADDR (.text)
                0x00000000000143fc                _image_end = (LOADADDR (.data) + SIZEOF (.data))
                0x00000000000043fc                _image_size = (_image_end - _image_start)
OUTPUT(secure_ns.axf elf32-littlearm)

.debug_info     0x0000000000000000     0xe0a9
 .debug_info    0x0000000000000000      0x686 ./startup/startup_lpc55s69_cm33_core0.o
 .debug_info    0x0000000000000686     0x2b5a ./source/main_ns.o
 .debug_info    0x00000000000031e0     0x31e1 ./drivers/fsl_clock.o
 .debug_info    0x00000000000063c1     0x1aca ./drivers/fsl_flexcomm.o
 .debug_info    0x0000000000007e8b     0x184e ./drivers/fsl_gpio.o
 .debug_info    0x00000000000096d9     0x2213 ./drivers/fsl_pint.o
 .debug_info    0x000000000000b8ec      0xfef ./drivers/fsl_reset.o
 .debug_info    0x000000000000c8db     0x17ce ./drivers/fsl_spi.o

.debug_abbrev   0x0000000000000000     0x13cb
 .debug_abbrev  0x0000000000000000      0x13d ./startup/startup_lpc55s69_cm33_core0.o
 .debug_abbrev  0x000000000000013d      0x392 ./source/main_ns.o
 .debug_abbrev  0x00000000000004cf      0x368 ./drivers/fsl_clock.o
 .debug_abbrev  0x0000000000000837      0x288 ./drivers/fsl_flexcomm.o
 .debug_abbrev  0x0000000000000abf      0x211 ./drivers/fsl_gpio.o
 .debug_abbrev  0x0000000000000cd0      0x2b6 ./drivers/fsl_pint.o
 .debug_abbrev  0x0000000000000f86      0x174 ./drivers/fsl_reset.o
 .debug_abbrev  0x00000000000010fa      0x2d1 ./drivers/fsl_spi.o

.debug_aranges  0x0000000000000000      0x858
 .debug_aranges
                0x0000000000000000      0x260 ./startup/startup_lpc55s69_cm33_core0.o
 .debug_aranges
                0x0000000000000260       0xf8 ./source/main_ns.o
 .debug_aranges
                0x0000000000000358      0x210 ./drivers/fsl_clock.o
 .debug_aranges
                0x0000000000000568       0x90 ./drivers/fsl_flexcomm.o
 .debug_aranges
                0x00000000000005f8       0x30 ./drivers/fsl_gpio.o
 .debug_aranges
                0x0000000000000628      0x118 ./drivers/fsl_pint.o
 .debug_aranges
                0x0000000000000740       0x30 ./drivers/fsl_reset.o
 .debug_aranges
                0x0000000000000770       0xe8 ./drivers/fsl_spi.o

.debug_ranges   0x0000000000000000      0x7f0
 .debug_ranges  0x0000000000000000      0x250 ./startup/startup_lpc55s69_cm33_core0.o
 .debug_ranges  0x0000000000000250       0xe8 ./source/main_ns.o
 .debug_ranges  0x0000000000000338      0x200 ./drivers/fsl_clock.o
 .debug_ranges  0x0000000000000538       0x80 ./drivers/fsl_flexcomm.o
 .debug_ranges  0x00000000000005b8       0x20 ./drivers/fsl_gpio.o
 .debug_ranges  0x00000000000005d8      0x108 ./drivers/fsl_pint.o
 .debug_ranges  0x00000000000006e0       0x20 ./drivers/fsl_reset.o
 .debug_ranges  0x0000000000000700       0xf0 ./drivers/fsl_spi.o

.debug_line     0x0000000000000000     0x2d2f
 .debug_line    0x0000000000000000      0x50c ./startup/startup_lpc55s69_cm33_core0.o
 .debug_line    0x000000000000050c      0x7fc ./source/main_ns.o
 .debug_line    0x0000000000000d08      0xac3 ./drivers/fsl_clock.o
 .debug_line    0x00000000000017cb      0x37f ./drivers/fsl_flexcomm.o
 .debug_line    0x0000000000001b4a      0x229 ./drivers/fsl_gpio.o
 .debug_line    0x0000000000001d73      0x5fd ./drivers/fsl_pint.o
 .debug_line    0x0000000000002370      0x20a ./drivers/fsl_reset.o
 .debug_line    0x000000000000257a      0x7b5 ./drivers/fsl_spi.o

.debug_str      0x0000000000000000     0x6718
 .debug_str     0x0000000000000000      0x7aa ./startup/startup_lpc55s69_cm33_core0.o
                                        0x7bd (size before relaxing)
 .debug_str     0x00000000000007aa     0x2878 ./source/main_ns.o
                                       0x2a26 (size before relaxing)
 .debug_str     0x0000000000003022     0x1ff8 ./drivers/fsl_clock.o
                                       0x3ab6 (size before relaxing)
 .debug_str     0x000000000000501a      0x8eb ./drivers/fsl_flexcomm.o
                                       0x2736 (size before relaxing)
 .debug_str     0x0000000000005905       0x4e ./drivers/fsl_gpio.o
                                       0x20e6 (size before relaxing)
 .debug_str     0x0000000000005953      0x88a ./drivers/fsl_pint.o
                                       0x2d95 (size before relaxing)
 .debug_str     0x00000000000061dd       0x84 ./drivers/fsl_reset.o
                                       0x114d (size before relaxing)
 .debug_str     0x0000000000006261      0x4b7 ./drivers/fsl_spi.o
                                       0x1c68 (size before relaxing)

.comment        0x0000000000000000       0x7f
 .comment       0x0000000000000000       0x7f ./startup/startup_lpc55s69_cm33_core0.o
                                         0x80 (size before relaxing)
 .comment       0x000000000000007f       0x80 ./source/main_ns.o
 .comment       0x000000000000007f       0x80 ./drivers/fsl_clock.o
 .comment       0x000000000000007f       0x80 ./drivers/fsl_flexcomm.o
 .comment       0x000000000000007f       0x80 ./drivers/fsl_gpio.o
 .comment       0x000000000000007f       0x80 ./drivers/fsl_pint.o
 .comment       0x000000000000007f       0x80 ./drivers/fsl_reset.o
 .comment       0x000000000000007f       0x80 ./drivers/fsl_spi.o
 .comment       0x000000000000007f       0x80 /Applications/MCUXpressoIDE_10.3.1_2233/ide/plugins/com.nxp.mcuxpresso.tools.macosx_10.3.0.201811011841/tools/bin/../lib/gcc/arm-none-eabi/7.3.1/../../../../arm-none-eabi/lib/thumb/v8-m.main/fpv5-sp/hard/libcr_nohost_nf.a(_cr__main.o)
 .comment       0x000000000000007f       0x80 /Applications/MCUXpressoIDE_10.3.1_2233/ide/plugins/com.nxp.mcuxpresso.tools.macosx_10.3.0.201811011841/tools/bin/../lib/gcc/arm-none-eabi/7.3.1/../../../../arm-none-eabi/lib/thumb/v8-m.main/fpv5-sp/hard/libcr_nohost_nf.a(_cr_assert.o)
 .comment       0x000000000000007f       0x80 /Applications/MCUXpressoIDE_10.3.1_2233/ide/plugins/com.nxp.mcuxpresso.tools.macosx_10.3.0.201811011841/tools/bin/../lib/gcc/arm-none-eabi/7.3.1/../../../../arm-none-eabi/lib/thumb/v8-m.main/fpv5-sp/hard/libcr_nohost_nf.a(__ciob.o)
 .comment       0x000000000000007f       0x80 /Applications/MCUXpressoIDE_10.3.1_2233/ide/plugins/com.nxp.mcuxpresso.tools.macosx_10.3.0.201811011841/tools/bin/../lib/gcc/arm-none-eabi/7.3.1/../../../../arm-none-eabi/lib/thumb/v8-m.main/fpv5-sp/hard/libcr_nohost_nf.a(__sys_appexit.o)
 .comment       0x000000000000007f       0x80 /Applications/MCUXpressoIDE_10.3.1_2233/ide/plugins/com.nxp.mcuxpresso.tools.macosx_10.3.0.201811011841/tools/bin/../lib/gcc/arm-none-eabi/7.3.1/../../../../arm-none-eabi/lib/thumb/v8-m.main/fpv5-sp/hard/libcr_c.a(memcpy.o)
 .comment       0x000000000000007f       0x80 /Applications/MCUXpressoIDE_10.3.1_2233/ide/plugins/com.nxp.mcuxpresso.tools.macosx_10.3.0.201811011841/tools/bin/../lib/gcc/arm-none-eabi/7.3.1/../../../../arm-none-eabi/lib/thumb/v8-m.main/fpv5-sp/hard/libcr_c.a(memset.o)
 .comment       0x000000000000007f       0x80 /Applications/MCUXpressoIDE_10.3.1_2233/ide/plugins/com.nxp.mcuxpresso.tools.macosx_10.3.0.201811011841/tools/bin/../lib/gcc/arm-none-eabi/7.3.1/../../../../arm-none-eabi/lib/thumb/v8-m.main/fpv5-sp/hard/libcr_c.a(_deferredlazyseek.o)
 .comment       0x000000000000007f       0x80 /Applications/MCUXpressoIDE_10.3.1_2233/ide/plugins/com.nxp.mcuxpresso.tools.macosx_10.3.0.201811011841/tools/bin/../lib/gcc/arm-none-eabi/7.3.1/../../../../arm-none-eabi/lib/thumb/v8-m.main/fpv5-sp/hard/libcr_c.a(_fflush.o)
 .comment       0x000000000000007f       0x80 /Applications/MCUXpressoIDE_10.3.1_2233/ide/plugins/com.nxp.mcuxpresso.tools.macosx_10.3.0.201811011841/tools/bin/../lib/gcc/arm-none-eabi/7.3.1/../../../../arm-none-eabi/lib/thumb/v8-m.main/fpv5-sp/hard/libcr_c.a(_writebuf.o)
 .comment       0x000000000000007f       0x80 /Applications/MCUXpressoIDE_10.3.1_2233/ide/plugins/com.nxp.mcuxpresso.tools.macosx_10.3.0.201811011841/tools/bin/../lib/gcc/arm-none-eabi/7.3.1/../../../../arm-none-eabi/lib/thumb/v8-m.main/fpv5-sp/hard/libcr_c.a(alloc.o)
 .comment       0x000000000000007f       0x80 /Applications/MCUXpressoIDE_10.3.1_2233/ide/plugins/com.nxp.mcuxpresso.tools.macosx_10.3.0.201811011841/tools/bin/../lib/gcc/arm-none-eabi/7.3.1/../../../../arm-none-eabi/lib/thumb/v8-m.main/fpv5-sp/hard/libcr_c.a(fputs.o)
 .comment       0x000000000000007f       0x80 /Applications/MCUXpressoIDE_10.3.1_2233/ide/plugins/com.nxp.mcuxpresso.tools.macosx_10.3.0.201811011841/tools/bin/../lib/gcc/arm-none-eabi/7.3.1/../../../../arm-none-eabi/lib/thumb/v8-m.main/fpv5-sp/hard/libcr_c.a(fseek.o)
 .comment       0x000000000000007f       0x80 /Applications/MCUXpressoIDE_10.3.1_2233/ide/plugins/com.nxp.mcuxpresso.tools.macosx_10.3.0.201811011841/tools/bin/../lib/gcc/arm-none-eabi/7.3.1/../../../../arm-none-eabi/lib/thumb/v8-m.main/fpv5-sp/hard/libcr_c.a(ftell.o)
 .comment       0x000000000000007f       0x80 /Applications/MCUXpressoIDE_10.3.1_2233/ide/plugins/com.nxp.mcuxpresso.tools.macosx_10.3.0.201811011841/tools/bin/../lib/gcc/arm-none-eabi/7.3.1/../../../../arm-none-eabi/lib/thumb/v8-m.main/fpv5-sp/hard/libcr_c.a(initio.o)
 .comment       0x000000000000007f       0x80 /Applications/MCUXpressoIDE_10.3.1_2233/ide/plugins/com.nxp.mcuxpresso.tools.macosx_10.3.0.201811011841/tools/bin/../lib/gcc/arm-none-eabi/7.3.1/../../../../arm-none-eabi/lib/thumb/v8-m.main/fpv5-sp/hard/libcr_c.a(setvbuf.o)
 .comment       0x000000000000007f       0x80 /Applications/MCUXpressoIDE_10.3.1_2233/ide/plugins/com.nxp.mcuxpresso.tools.macosx_10.3.0.201811011841/tools/bin/../lib/gcc/arm-none-eabi/7.3.1/../../../../arm-none-eabi/lib/thumb/v8-m.main/fpv5-sp/hard/libcr_c.a(strlen.o)
 .comment       0x000000000000007f       0x80 /Applications/MCUXpressoIDE_10.3.1_2233/ide/plugins/com.nxp.mcuxpresso.tools.macosx_10.3.0.201811011841/tools/bin/../lib/gcc/arm-none-eabi/7.3.1/../../../../arm-none-eabi/lib/thumb/v8-m.main/fpv5-sp/hard/libcr_c.a(__init_alloc.o)
 .comment       0x000000000000007f       0x80 /Applications/MCUXpressoIDE_10.3.1_2233/ide/plugins/com.nxp.mcuxpresso.tools.macosx_10.3.0.201811011841/tools/bin/../lib/gcc/arm-none-eabi/7.3.1/../../../../arm-none-eabi/lib/thumb/v8-m.main/fpv5-sp/hard/libcr_c.a(_cr_sbrk.o)
 .comment       0x000000000000007f       0x80 /Applications/MCUXpressoIDE_10.3.1_2233/ide/plugins/com.nxp.mcuxpresso.tools.macosx_10.3.0.201811011841/tools/bin/../lib/gcc/arm-none-eabi/7.3.1/../../../../arm-none-eabi/lib/thumb/v8-m.main/fpv5-sp/hard/libcr_c.a(_fdopen.o)
 .comment       0x000000000000007f       0x80 /Applications/MCUXpressoIDE_10.3.1_2233/ide/plugins/com.nxp.mcuxpresso.tools.macosx_10.3.0.201811011841/tools/bin/../lib/gcc/arm-none-eabi/7.3.1/../../../../arm-none-eabi/lib/thumb/v8-m.main/fpv5-sp/hard/libcr_c.a(errno.o)
 .comment       0x000000000000007f       0x80 /Applications/MCUXpressoIDE_10.3.1_2233/ide/plugins/com.nxp.mcuxpresso.tools.macosx_10.3.0.201811011841/tools/bin/../lib/gcc/arm-none-eabi/7.3.1/../../../../arm-none-eabi/lib/thumb/v8-m.main/fpv5-sp/hard/libcr_c.a(fclose.o)
 .comment       0x000000000000007f       0x80 /Applications/MCUXpressoIDE_10.3.1_2233/ide/plugins/com.nxp.mcuxpresso.tools.macosx_10.3.0.201811011841/tools/bin/../lib/gcc/arm-none-eabi/7.3.1/../../../../arm-none-eabi/lib/thumb/v8-m.main/fpv5-sp/hard/libcr_c.a(fflush.o)
 .comment       0x000000000000007f       0x80 /Applications/MCUXpressoIDE_10.3.1_2233/ide/plugins/com.nxp.mcuxpresso.tools.macosx_10.3.0.201811011841/tools/bin/../lib/gcc/arm-none-eabi/7.3.1/../../../../arm-none-eabi/lib/thumb/v8-m.main/fpv5-sp/hard/libcr_c.a(remove.o)
 .comment       0x000000000000007f       0x80 /Applications/MCUXpressoIDE_10.3.1_2233/ide/plugins/com.nxp.mcuxpresso.tools.macosx_10.3.0.201811011841/tools/bin/../lib/gcc/arm-none-eabi/7.3.1/../../../../arm-none-eabi/lib/thumb/v8-m.main/fpv5-sp/hard/libcr_c.a(_cr_check_heap.o)
 .comment       0x000000000000007f       0x80 /Applications/MCUXpressoIDE_10.3.1_2233/ide/plugins/com.nxp.mcuxpresso.tools.macosx_10.3.0.201811011841/tools/bin/../lib/gcc/arm-none-eabi/7.3.1/../../../../arm-none-eabi/lib/thumb/v8-m.main/fpv5-sp/hard/libcr_c.a(_do_fflush.o)
 .comment       0x000000000000007f       0x80 /Applications/MCUXpressoIDE_10.3.1_2233/ide/plugins/com.nxp.mcuxpresso.tools.macosx_10.3.0.201811011841/tools/bin/../lib/gcc/arm-none-eabi/7.3.1/../../../../arm-none-eabi/lib/thumb/v8-m.main/fpv5-sp/hard/libcr_nohost_nf.a(__sys_close.o)
 .comment       0x000000000000007f       0x80 /Applications/MCUXpressoIDE_10.3.1_2233/ide/plugins/com.nxp.mcuxpresso.tools.macosx_10.3.0.201811011841/tools/bin/../lib/gcc/arm-none-eabi/7.3.1/../../../../arm-none-eabi/lib/thumb/v8-m.main/fpv5-sp/hard/libcr_nohost_nf.a(__sys_flen.o)
 .comment       0x000000000000007f       0x80 /Applications/MCUXpressoIDE_10.3.1_2233/ide/plugins/com.nxp.mcuxpresso.tools.macosx_10.3.0.201811011841/tools/bin/../lib/gcc/arm-none-eabi/7.3.1/../../../../arm-none-eabi/lib/thumb/v8-m.main/fpv5-sp/hard/libcr_nohost_nf.a(__sys_istty.o)
 .comment       0x000000000000007f       0x80 /Applications/MCUXpressoIDE_10.3.1_2233/ide/plugins/com.nxp.mcuxpresso.tools.macosx_10.3.0.201811011841/tools/bin/../lib/gcc/arm-none-eabi/7.3.1/../../../../arm-none-eabi/lib/thumb/v8-m.main/fpv5-sp/hard/libcr_nohost_nf.a(__sys_remove.o)
 .comment       0x000000000000007f       0x80 /Applications/MCUXpressoIDE_10.3.1_2233/ide/plugins/com.nxp.mcuxpresso.tools.macosx_10.3.0.201811011841/tools/bin/../lib/gcc/arm-none-eabi/7.3.1/../../../../arm-none-eabi/lib/thumb/v8-m.main/fpv5-sp/hard/libcr_nohost_nf.a(__sys_seek.o)
 .comment       0x000000000000007f       0x80 /Applications/MCUXpressoIDE_10.3.1_2233/ide/plugins/com.nxp.mcuxpresso.tools.macosx_10.3.0.201811011841/tools/bin/../lib/gcc/arm-none-eabi/7.3.1/../../../../arm-none-eabi/lib/thumb/v8-m.main/fpv5-sp/hard/libcr_nohost_nf.a(__sys_tmpnam.o)
 .comment       0x000000000000007f       0x80 /Applications/MCUXpressoIDE_10.3.1_2233/ide/plugins/com.nxp.mcuxpresso.tools.macosx_10.3.0.201811011841/tools/bin/../lib/gcc/arm-none-eabi/7.3.1/../../../../arm-none-eabi/lib/thumb/v8-m.main/fpv5-sp/hard/libcr_nohost_nf.a(__sys_write.o)

.ARM.attributes
                0x0000000000000000       0x3a
 .ARM.attributes
                0x0000000000000000       0x3c ./startup/startup_lpc55s69_cm33_core0.o
 .ARM.attributes
                0x000000000000003c       0x3c ./source/main_ns.o
 .ARM.attributes
                0x0000000000000078       0x3c ./drivers/fsl_clock.o
 .ARM.attributes
                0x00000000000000b4       0x3c ./drivers/fsl_flexcomm.o
 .ARM.attributes
                0x00000000000000f0       0x3c ./drivers/fsl_gpio.o
 .ARM.attributes
                0x000000000000012c       0x3c ./drivers/fsl_pint.o
 .ARM.attributes
                0x0000000000000168       0x3c ./drivers/fsl_reset.o
 .ARM.attributes
                0x00000000000001a4       0x3c ./drivers/fsl_spi.o
 .ARM.attributes
                0x00000000000001e0       0x3c /Applications/MCUXpressoIDE_10.3.1_2233/ide/plugins/com.nxp.mcuxpresso.tools.macosx_10.3.0.201811011841/tools/bin/../lib/gcc/arm-none-eabi/7.3.1/../../../../arm-none-eabi/lib/thumb/v8-m.main/fpv5-sp/hard/libcr_nohost_nf.a(_cr__main.o)
 .ARM.attributes
                0x000000000000021c       0x3c /Applications/MCUXpressoIDE_10.3.1_2233/ide/plugins/com.nxp.mcuxpresso.tools.macosx_10.3.0.201811011841/tools/bin/../lib/gcc/arm-none-eabi/7.3.1/../../../../arm-none-eabi/lib/thumb/v8-m.main/fpv5-sp/hard/libcr_nohost_nf.a(_cr_assert.o)
 .ARM.attributes
                0x0000000000000258       0x3c /Applications/MCUXpressoIDE_10.3.1_2233/ide/plugins/com.nxp.mcuxpresso.tools.macosx_10.3.0.201811011841/tools/bin/../lib/gcc/arm-none-eabi/7.3.1/../../../../arm-none-eabi/lib/thumb/v8-m.main/fpv5-sp/hard/libcr_nohost_nf.a(__ciob.o)
 .ARM.attributes
                0x0000000000000294       0x3c /Applications/MCUXpressoIDE_10.3.1_2233/ide/plugins/com.nxp.mcuxpresso.tools.macosx_10.3.0.201811011841/tools/bin/../lib/gcc/arm-none-eabi/7.3.1/../../../../arm-none-eabi/lib/thumb/v8-m.main/fpv5-sp/hard/libcr_nohost_nf.a(__sys_appexit.o)
 .ARM.attributes
                0x00000000000002d0       0x3c /Applications/MCUXpressoIDE_10.3.1_2233/ide/plugins/com.nxp.mcuxpresso.tools.macosx_10.3.0.201811011841/tools/bin/../lib/gcc/arm-none-eabi/7.3.1/../../../../arm-none-eabi/lib/thumb/v8-m.main/fpv5-sp/hard/libcr_c.a(memcpy.o)
 .ARM.attributes
                0x000000000000030c       0x3c /Applications/MCUXpressoIDE_10.3.1_2233/ide/plugins/com.nxp.mcuxpresso.tools.macosx_10.3.0.201811011841/tools/bin/../lib/gcc/arm-none-eabi/7.3.1/../../../../arm-none-eabi/lib/thumb/v8-m.main/fpv5-sp/hard/libcr_c.a(memset.o)
 .ARM.attributes
                0x0000000000000348       0x3c /Applications/MCUXpressoIDE_10.3.1_2233/ide/plugins/com.nxp.mcuxpresso.tools.macosx_10.3.0.201811011841/tools/bin/../lib/gcc/arm-none-eabi/7.3.1/../../../../arm-none-eabi/lib/thumb/v8-m.main/fpv5-sp/hard/libcr_c.a(_deferredlazyseek.o)
 .ARM.attributes
                0x0000000000000384       0x3c /Applications/MCUXpressoIDE_10.3.1_2233/ide/plugins/com.nxp.mcuxpresso.tools.macosx_10.3.0.201811011841/tools/bin/../lib/gcc/arm-none-eabi/7.3.1/../../../../arm-none-eabi/lib/thumb/v8-m.main/fpv5-sp/hard/libcr_c.a(_fflush.o)
 .ARM.attributes
                0x00000000000003c0       0x3c /Applications/MCUXpressoIDE_10.3.1_2233/ide/plugins/com.nxp.mcuxpresso.tools.macosx_10.3.0.201811011841/tools/bin/../lib/gcc/arm-none-eabi/7.3.1/../../../../arm-none-eabi/lib/thumb/v8-m.main/fpv5-sp/hard/libcr_c.a(_writebuf.o)
 .ARM.attributes
                0x00000000000003fc       0x3c /Applications/MCUXpressoIDE_10.3.1_2233/ide/plugins/com.nxp.mcuxpresso.tools.macosx_10.3.0.201811011841/tools/bin/../lib/gcc/arm-none-eabi/7.3.1/../../../../arm-none-eabi/lib/thumb/v8-m.main/fpv5-sp/hard/libcr_c.a(alloc.o)
 .ARM.attributes
                0x0000000000000438       0x3c /Applications/MCUXpressoIDE_10.3.1_2233/ide/plugins/com.nxp.mcuxpresso.tools.macosx_10.3.0.201811011841/tools/bin/../lib/gcc/arm-none-eabi/7.3.1/../../../../arm-none-eabi/lib/thumb/v8-m.main/fpv5-sp/hard/libcr_c.a(fputs.o)
 .ARM.attributes
                0x0000000000000474       0x3c /Applications/MCUXpressoIDE_10.3.1_2233/ide/plugins/com.nxp.mcuxpresso.tools.macosx_10.3.0.201811011841/tools/bin/../lib/gcc/arm-none-eabi/7.3.1/../../../../arm-none-eabi/lib/thumb/v8-m.main/fpv5-sp/hard/libcr_c.a(fseek.o)
 .ARM.attributes
                0x00000000000004b0       0x3c /Applications/MCUXpressoIDE_10.3.1_2233/ide/plugins/com.nxp.mcuxpresso.tools.macosx_10.3.0.201811011841/tools/bin/../lib/gcc/arm-none-eabi/7.3.1/../../../../arm-none-eabi/lib/thumb/v8-m.main/fpv5-sp/hard/libcr_c.a(ftell.o)
 .ARM.attributes
                0x00000000000004ec       0x3c /Applications/MCUXpressoIDE_10.3.1_2233/ide/plugins/com.nxp.mcuxpresso.tools.macosx_10.3.0.201811011841/tools/bin/../lib/gcc/arm-none-eabi/7.3.1/../../../../arm-none-eabi/lib/thumb/v8-m.main/fpv5-sp/hard/libcr_c.a(initio.o)
 .ARM.attributes
                0x0000000000000528       0x3c /Applications/MCUXpressoIDE_10.3.1_2233/ide/plugins/com.nxp.mcuxpresso.tools.macosx_10.3.0.201811011841/tools/bin/../lib/gcc/arm-none-eabi/7.3.1/../../../../arm-none-eabi/lib/thumb/v8-m.main/fpv5-sp/hard/libcr_c.a(setvbuf.o)
 .ARM.attributes
                0x0000000000000564       0x3c /Applications/MCUXpressoIDE_10.3.1_2233/ide/plugins/com.nxp.mcuxpresso.tools.macosx_10.3.0.201811011841/tools/bin/../lib/gcc/arm-none-eabi/7.3.1/../../../../arm-none-eabi/lib/thumb/v8-m.main/fpv5-sp/hard/libcr_c.a(strlen.o)
 .ARM.attributes
                0x00000000000005a0       0x3c /Applications/MCUXpressoIDE_10.3.1_2233/ide/plugins/com.nxp.mcuxpresso.tools.macosx_10.3.0.201811011841/tools/bin/../lib/gcc/arm-none-eabi/7.3.1/../../../../arm-none-eabi/lib/thumb/v8-m.main/fpv5-sp/hard/libcr_c.a(__init_alloc.o)
 .ARM.attributes
                0x00000000000005dc       0x3c /Applications/MCUXpressoIDE_10.3.1_2233/ide/plugins/com.nxp.mcuxpresso.tools.macosx_10.3.0.201811011841/tools/bin/../lib/gcc/arm-none-eabi/7.3.1/../../../../arm-none-eabi/lib/thumb/v8-m.main/fpv5-sp/hard/libcr_c.a(_cr_sbrk.o)
 .ARM.attributes
                0x0000000000000618       0x3c /Applications/MCUXpressoIDE_10.3.1_2233/ide/plugins/com.nxp.mcuxpresso.tools.macosx_10.3.0.201811011841/tools/bin/../lib/gcc/arm-none-eabi/7.3.1/../../../../arm-none-eabi/lib/thumb/v8-m.main/fpv5-sp/hard/libcr_c.a(_fdopen.o)
 .ARM.attributes
                0x0000000000000654       0x3c /Applications/MCUXpressoIDE_10.3.1_2233/ide/plugins/com.nxp.mcuxpresso.tools.macosx_10.3.0.201811011841/tools/bin/../lib/gcc/arm-none-eabi/7.3.1/../../../../arm-none-eabi/lib/thumb/v8-m.main/fpv5-sp/hard/libcr_c.a(errno.o)
 .ARM.attributes
                0x0000000000000690       0x3c /Applications/MCUXpressoIDE_10.3.1_2233/ide/plugins/com.nxp.mcuxpresso.tools.macosx_10.3.0.201811011841/tools/bin/../lib/gcc/arm-none-eabi/7.3.1/../../../../arm-none-eabi/lib/thumb/v8-m.main/fpv5-sp/hard/libcr_c.a(fclose.o)
 .ARM.attributes
                0x00000000000006cc       0x3c /Applications/MCUXpressoIDE_10.3.1_2233/ide/plugins/com.nxp.mcuxpresso.tools.macosx_10.3.0.201811011841/tools/bin/../lib/gcc/arm-none-eabi/7.3.1/../../../../arm-none-eabi/lib/thumb/v8-m.main/fpv5-sp/hard/libcr_c.a(fflush.o)
 .ARM.attributes
                0x0000000000000708       0x3c /Applications/MCUXpressoIDE_10.3.1_2233/ide/plugins/com.nxp.mcuxpresso.tools.macosx_10.3.0.201811011841/tools/bin/../lib/gcc/arm-none-eabi/7.3.1/../../../../arm-none-eabi/lib/thumb/v8-m.main/fpv5-sp/hard/libcr_c.a(remove.o)
 .ARM.attributes
                0x0000000000000744       0x3c /Applications/MCUXpressoIDE_10.3.1_2233/ide/plugins/com.nxp.mcuxpresso.tools.macosx_10.3.0.201811011841/tools/bin/../lib/gcc/arm-none-eabi/7.3.1/../../../../arm-none-eabi/lib/thumb/v8-m.main/fpv5-sp/hard/libcr_c.a(_cr_check_heap.o)
 .ARM.attributes
                0x0000000000000780       0x3c /Applications/MCUXpressoIDE_10.3.1_2233/ide/plugins/com.nxp.mcuxpresso.tools.macosx_10.3.0.201811011841/tools/bin/../lib/gcc/arm-none-eabi/7.3.1/../../../../arm-none-eabi/lib/thumb/v8-m.main/fpv5-sp/hard/libcr_c.a(_do_fflush.o)
 .ARM.attributes
                0x00000000000007bc       0x28 /Applications/MCUXpressoIDE_10.3.1_2233/ide/plugins/com.nxp.mcuxpresso.tools.macosx_10.3.0.201811011841/tools/bin/../lib/gcc/arm-none-eabi/7.3.1/thumb/v8-m.main/fpv5-sp/hard/libcr_eabihelpers.a(memcpy.o)
 .ARM.attributes
                0x00000000000007e4       0x3c /Applications/MCUXpressoIDE_10.3.1_2233/ide/plugins/com.nxp.mcuxpresso.tools.macosx_10.3.0.201811011841/tools/bin/../lib/gcc/arm-none-eabi/7.3.1/../../../../arm-none-eabi/lib/thumb/v8-m.main/fpv5-sp/hard/libcr_nohost_nf.a(__sys_close.o)
 .ARM.attributes
                0x0000000000000820       0x3c /Applications/MCUXpressoIDE_10.3.1_2233/ide/plugins/com.nxp.mcuxpresso.tools.macosx_10.3.0.201811011841/tools/bin/../lib/gcc/arm-none-eabi/7.3.1/../../../../arm-none-eabi/lib/thumb/v8-m.main/fpv5-sp/hard/libcr_nohost_nf.a(__sys_flen.o)
 .ARM.attributes
                0x000000000000085c       0x3c /Applications/MCUXpressoIDE_10.3.1_2233/ide/plugins/com.nxp.mcuxpresso.tools.macosx_10.3.0.201811011841/tools/bin/../lib/gcc/arm-none-eabi/7.3.1/../../../../arm-none-eabi/lib/thumb/v8-m.main/fpv5-sp/hard/libcr_nohost_nf.a(__sys_istty.o)
 .ARM.attributes
                0x0000000000000898       0x3c /Applications/MCUXpressoIDE_10.3.1_2233/ide/plugins/com.nxp.mcuxpresso.tools.macosx_10.3.0.201811011841/tools/bin/../lib/gcc/arm-none-eabi/7.3.1/../../../../arm-none-eabi/lib/thumb/v8-m.main/fpv5-sp/hard/libcr_nohost_nf.a(__sys_remove.o)
 .ARM.attributes
                0x00000000000008d4       0x3c /Applications/MCUXpressoIDE_10.3.1_2233/ide/plugins/com.nxp.mcuxpresso.tools.macosx_10.3.0.201811011841/tools/bin/../lib/gcc/arm-none-eabi/7.3.1/../../../../arm-none-eabi/lib/thumb/v8-m.main/fpv5-sp/hard/libcr_nohost_nf.a(__sys_seek.o)
 .ARM.attributes
                0x0000000000000910       0x3c /Applications/MCUXpressoIDE_10.3.1_2233/ide/plugins/com.nxp.mcuxpresso.tools.macosx_10.3.0.201811011841/tools/bin/../lib/gcc/arm-none-eabi/7.3.1/../../../../arm-none-eabi/lib/thumb/v8-m.main/fpv5-sp/hard/libcr_nohost_nf.a(__sys_tmpnam.o)
 .ARM.attributes
                0x000000000000094c       0x3c /Applications/MCUXpressoIDE_10.3.1_2233/ide/plugins/com.nxp.mcuxpresso.tools.macosx_10.3.0.201811011841/tools/bin/../lib/gcc/arm-none-eabi/7.3.1/../../../../arm-none-eabi/lib/thumb/v8-m.main/fpv5-sp/hard/libcr_nohost_nf.a(__sys_write.o)

.debug_frame    0x0000000000000000     0x1f68
 .debug_frame   0x0000000000000000      0x694 ./startup/startup_lpc55s69_cm33_core0.o
 .debug_frame   0x0000000000000694      0x434 ./source/main_ns.o
 .debug_frame   0x0000000000000ac8      0x92c ./drivers/fsl_clock.o
 .debug_frame   0x00000000000013f4      0x1ec ./drivers/fsl_flexcomm.o
 .debug_frame   0x00000000000015e0       0x84 ./drivers/fsl_gpio.o
 .debug_frame   0x0000000000001664      0x4b8 ./drivers/fsl_pint.o
 .debug_frame   0x0000000000001b1c       0x7c ./drivers/fsl_reset.o
 .debug_frame   0x0000000000001b98      0x3d0 ./drivers/fsl_spi.o
